note: Running TeX ...
Fontconfig error: Cannot load default config file: No such file: (null)
note: downloading newpxtext.sty
note: downloading ifxetex.sty
note: downloading ifluatex.sty
note: downloading xkeyval.sty
note: downloading xkeyval.tex
note: downloading xkvutils.tex
note: downloading keyval.tex
note: downloading textcomp.sty
note: downloading xstring.sty
note: downloading xstring.tex
note: downloading ifthen.sty
note: downloading scalefnt.sty
note: downloading mweights.sty
note: downloading fontspec.sty
note: downloading fontspec-xetex.sty
note: downloading fontspec.cfg
note: downloading lmroman10-bold.otf
note: downloading realscripts.sty
note: downloading helvet.sty
note: downloading amsthm.sty
note: downloading newpxmath.sty
note: downloading binhex.tex
note: downloading centernot.sty
note: downloading needspace.sty
warning: hyperref.sty:4873: Requested font "pzdr" at 0.00002pt
warning: hyperref.sty:4873:  -> pzdr
note: downloading TeXGyrePagellaX.fontspec
note: downloading TeXGyrePagellaX-Regular.otf
warning: satnav.tex:57: 
Requested font "[TeXGyrePagellaX-Regular.otf]/OT" at 10.94997pt
warning: satnav.tex:57: Requested font "[TeXGyrePagellaX-Regular.otf]/OT" at 10.95003pt
warning: satnav.tex:57: Requested font "[TeXGyrePagellaX-Regular.otf]/OT:script=latn;language=dflt;" at 10.95003pt
warning: satnav.tex:57: Requested font "[TeXGyrePagellaX-Bold.otf]/OT:script=latn;language=dflt;" at 10.95003pt
note: downloading TeXGyrePagellaX-Bold.otf
warning: satnav.tex:57: Requested font "[TeXGyrePagellaX-Italic.otf]/OT:script=latn;language=dflt;" at 10.95003pt
note: downloading TeXGyrePagellaX-Italic.otf
warning: satnav.tex:57: Requested font "[TeXGyrePagellaX-Slanted.otf]/OT:script=latn;language=dflt;" at 10.95003pt
note: downloading TeXGyrePagellaX-Slanted.otf
warning: satnav.tex:57: Requested font "[TeXGyrePagellaX-BoldItalic.otf]/OT:script=latn;language=dflt;" at 10.95003pt
note: downloading TeXGyrePagellaX-BoldItalic.otf
warning: satnav.tex:57: Requested font "[TeXGyrePagellaX-BoldSlanted.otf]/OT:script=latn;language=dflt;" at 10.95003pt
note: downloading TeXGyrePagellaX-BoldSlanted.otf
warning: satnav.tex:57: Requested font "[TeXGyrePagellaX-Regular.otf]/OT:script=latn;language=dflt;-ss05;+tnum;+lnum;mapping=tex-text;" at 10.95pt
note: downloading omlnpxmi.fd
note: downloading unpxexa.fd
note: downloading lmsnpxsy.fd
note: downloading lmxnpxexx.fd
note: downloading color.sty
note: downloading mt-LatinModernRoman.cfg
warning: satnav.tex:60: 
Requested font "[lmroman12-regular]:mapping=tex-text;" at 12.0pt
note: downloading lmroman12-regular.otf
warning: satnav.tex:62: Requested font "[lmroman17-regular]:mapping=tex-text;" at 54.0pt
note: downloading lmroman17-regular.otf
warning: satnav.tex:64: Requested font "[lmroman17-regular]:mapping=tex-text;" at 31.0pt
warning: satnav.tex:66: Requested font "[lmroman17-regular]:mapping=tex-text;" at 21.0pt
warning: satnav.tex:69: Requested font "[TeXGyrePagellaX-Regular.otf]/OT:script=latn;language=dflt;-ss05;+tnum;+lnum;mapping=tex-text;" at 12.0pt
warning: satnav.tex:72: Requested font "[lmroman12-regular]:mapping=tex-text;" at 14.4pt
warning: satnav.tex:73: 
Requested font "rm-lmr10" at 10.95pt
warning: satnav.tex:73:  -> rm-lmr10
warning: satnav.tex:73: Requested font "rm-lmr8" at 8.0pt
warning: satnav.tex:73:  -> rm-lmr8
warning: satnav.tex:73: Requested font "rm-lmr6" at 6.1pt
warning: satnav.tex:73:  -> rm-lmr6
warning: satnav.tex:73: Requested font "zplmi" at 10.95pt
note: downloading zplmi.tfm
warning: satnav.tex:73:  -> zplmi
warning: satnav.tex:73: Requested font "zplmi" at 8.0pt
warning: satnav.tex:73:  -> zplmi
warning: satnav.tex:73: Requested font "zplmi" at 6.1pt
warning: satnav.tex:73:  -> zplmi
warning: satnav.tex:73: Requested font "zplsy" at 10.95pt
note: downloading zplsy.tfm
warning: satnav.tex:73:  -> zplsy
warning: satnav.tex:73: Requested font "zplsy" at 8.0pt
warning: satnav.tex:73:  -> zplsy
warning: satnav.tex:73: Requested font "zplsy" at 6.1pt
warning: satnav.tex:73:  -> zplsy
warning: satnav.tex:73: Requested font "zplexx" at 10.95pt
note: downloading zplexx.tfm
warning: satnav.tex:73:  -> zplexx
warning: satnav.tex:73: Requested font "zplexx" at 8.0pt
warning: satnav.tex:73:  -> zplexx
warning: satnav.tex:73: Requested font "zplexx" at 6.1pt
warning: satnav.tex:73:  -> zplexx
warning: satnav.tex:73: 
Requested font "msam10" at 10.95pt
warning: satnav.tex:73:  -> msam10
warning: satnav.tex:73: 
Requested font "msam10" at 8.0pt
warning: satnav.tex:73:  -> msam10
warning: satnav.tex:73: Requested font "msam7" at 6.1pt
warning: satnav.tex:73:  -> msam7
warning: satnav.tex:73: 
Requested font "msbm10" at 10.95pt
warning: satnav.tex:73:  -> msbm10
warning: satnav.tex:73: 
Requested font "msbm10" at 8.0pt
warning: satnav.tex:73:  -> msbm10
warning: satnav.tex:73: Requested font "msbm7" at 6.1pt
warning: satnav.tex:73:  -> msbm7
note: downloading unpxmia.fd
warning: satnav.tex:73: 
Requested font "zplmia" at 10.95pt
note: downloading zplmia.tfm
warning: satnav.tex:73:  -> zplmia
warning: satnav.tex:73: Requested font "zplmia" at 8.0pt
warning: satnav.tex:73:  -> zplmia
warning: satnav.tex:73: Requested font "zplmia" at 6.1pt
warning: satnav.tex:73:  -> zplmia
note: downloading unpxsym.fd
warning: satnav.tex:73: 
Requested font "zplsym" at 10.95pt
note: downloading zplsym.tfm
warning: satnav.tex:73:  -> zplsym
warning: satnav.tex:73: Requested font "zplsym" at 8.0pt
warning: satnav.tex:73:  -> zplsym
warning: satnav.tex:73: Requested font "zplsym" at 6.1pt
warning: satnav.tex:73:  -> zplsym
note: downloading unpxsyc.fd
warning: satnav.tex:73: 
Requested font "zplsyc" at 10.95pt
note: downloading zplsyc.tfm
warning: satnav.tex:73:  -> zplsyc
warning: satnav.tex:73: Requested font "zplsyc" at 8.0pt
warning: satnav.tex:73:  -> zplsyc
warning: satnav.tex:73: Requested font "zplsyc" at 6.1pt
warning: satnav.tex:73:  -> zplsyc
warning: satnav.tex:73: Requested font "zplexa" at 10.95pt
note: downloading zplexa.tfm
warning: satnav.tex:73:  -> zplexa
warning: satnav.tex:73: Requested font "zplexa" at 8.0pt
warning: satnav.tex:73:  -> zplexa
warning: satnav.tex:73: Requested font "zplexa" at 6.1pt
warning: satnav.tex:73:  -> zplexa
warning: satnav.tex:74: Requested font "[TeXGyrePagellaX-Bold.otf]/OT:script=latn;language=dflt;-ss05;+tnum;+lnum;mapping=tex-text;" at 10.95pt
warning: satnav.tex:79: Requested font "[lmmono10-regular]:" at 10.95pt
note: downloading lmmono10-regular.otf
warning: satnav.tex:89: Requested font "[TeXGyrePagellaX-Regular.otf]/OT:script=latn;language=dflt;-ss05;+tnum;+lnum;mapping=tex-text;" at 10.0pt
warning: satnav.tex:95: Requested font "[TeXGyrePagellaX-Regular.otf]/OT:script=latn;language=dflt;-ss05;+tnum;+lnum;mapping=tex-text;" at 14.4pt
warning: satnav.tex:120: Requested font "[TeXGyrePagellaX-Italic.otf]/OT:script=latn;language=dflt;-ss05;+tnum;+lnum;mapping=tex-text;" at 10.95pt
warning: satnav.tex:129: Requested font "[lmroman10-regular]:mapping=tex-text;" at 10.0pt
warning: satnav.tex:129: Requested font "[lmroman9-regular]:mapping=tex-text;" at 9.0pt
note: downloading lmroman9-regular.otf
warning: satnav.tex:225: 
Requested font "rm-lmr10" at 10.0pt
warning: satnav.tex:225:  -> rm-lmr10
warning: satnav.tex:225: Requested font "rm-lmr7" at 7.3pt
warning: satnav.tex:225:  -> rm-lmr7
warning: satnav.tex:225: Requested font "rm-lmr6" at 5.5pt
warning: satnav.tex:225:  -> rm-lmr6
warning: satnav.tex:225: Requested font "zplmi" at 10.0pt
warning: satnav.tex:225:  -> zplmi
warning: satnav.tex:225: Requested font "zplmi" at 7.3pt
warning: satnav.tex:225:  -> zplmi
warning: satnav.tex:225: Requested font "zplmi" at 5.5pt
warning: satnav.tex:225:  -> zplmi
warning: satnav.tex:225: Requested font "zplsy" at 10.0pt
warning: satnav.tex:225:  -> zplsy
warning: satnav.tex:225: Requested font "zplsy" at 7.3pt
warning: satnav.tex:225:  -> zplsy
warning: satnav.tex:225: Requested font "zplsy" at 5.5pt
warning: satnav.tex:225:  -> zplsy
warning: satnav.tex:225: Requested font "zplexx" at 10.0pt
warning: satnav.tex:225:  -> zplexx
warning: satnav.tex:225: Requested font "zplexx" at 7.3pt
warning: satnav.tex:225:  -> zplexx
warning: satnav.tex:225: Requested font "zplexx" at 5.5pt
warning: satnav.tex:225:  -> zplexx
warning: satnav.tex:225: Requested font "msam10" at 10.0pt
warning: satnav.tex:225:  -> msam10
warning: satnav.tex:225: Requested font "msam7" at 7.3pt
warning: satnav.tex:225:  -> msam7
warning: satnav.tex:225: Requested font "msam5" at 5.5pt
warning: satnav.tex:225:  -> msam5
warning: satnav.tex:225: Requested font "msbm10" at 10.0pt
warning: satnav.tex:225:  -> msbm10
warning: satnav.tex:225: Requested font "msbm7" at 7.3pt
warning: satnav.tex:225:  -> msbm7
warning: satnav.tex:225: Requested font "msbm5" at 5.5pt
warning: satnav.tex:225:  -> msbm5
warning: satnav.tex:225: Requested font "zplmia" at 10.0pt
warning: satnav.tex:225:  -> zplmia
warning: satnav.tex:225: Requested font "zplmia" at 7.3pt
warning: satnav.tex:225:  -> zplmia
warning: satnav.tex:225: Requested font "zplmia" at 5.5pt
warning: satnav.tex:225:  -> zplmia
warning: satnav.tex:225: Requested font "zplsym" at 10.0pt
warning: satnav.tex:225:  -> zplsym
warning: satnav.tex:225: Requested font "zplsym" at 7.3pt
warning: satnav.tex:225:  -> zplsym
warning: satnav.tex:225: Requested font "zplsym" at 5.5pt
warning: satnav.tex:225:  -> zplsym
warning: satnav.tex:225: Requested font "zplsyc" at 10.0pt
warning: satnav.tex:225:  -> zplsyc
warning: satnav.tex:225: Requested font "zplsyc" at 7.3pt
warning: satnav.tex:225:  -> zplsyc
warning: satnav.tex:225: Requested font "zplsyc" at 5.5pt
warning: satnav.tex:225:  -> zplsyc
warning: satnav.tex:225: Requested font "zplexa" at 10.0pt
warning: satnav.tex:225:  -> zplexa
warning: satnav.tex:225: Requested font "zplexa" at 7.3pt
warning: satnav.tex:225:  -> zplexa
warning: satnav.tex:225: Requested font "zplexa" at 5.5pt
warning: satnav.tex:225:  -> zplexa
warning: satnav.tex:225: Requested font "[TeXGyrePagellaX-Bold.otf]/OT:script=latn;language=dflt;-ss05;+tnum;+lnum;mapping=tex-text;" at 10.0pt
warning: satnav.tex:225: Requested font "rm-lmb10" at 10.0pt
note: downloading rm-lmb10.tfm
warning: satnav.tex:225:  -> rm-lmb10
warning: satnav.tex:225: Requested font "rm-lmb10" at 7.3pt
warning: satnav.tex:225:  -> rm-lmb10
warning: satnav.tex:225: Requested font "rm-lmb10" at 5.5pt
warning: satnav.tex:225:  -> rm-lmb10
warning: satnav.tex:225: Requested font "zplbmi" at 10.0pt
note: downloading zplbmi.tfm
warning: satnav.tex:225:  -> zplbmi
warning: satnav.tex:225: Requested font "zplbmi" at 7.3pt
warning: satnav.tex:225:  -> zplbmi
warning: satnav.tex:225: Requested font "zplbmi" at 5.5pt
warning: satnav.tex:225:  -> zplbmi
warning: satnav.tex:225: Requested font "zplbsy" at 10.0pt
note: downloading zplbsy.tfm
warning: satnav.tex:225:  -> zplbsy
warning: satnav.tex:225: Requested font "zplbsy" at 7.3pt
warning: satnav.tex:225:  -> zplbsy
warning: satnav.tex:225: Requested font "zplbsy" at 5.5pt
warning: satnav.tex:225:  -> zplbsy
warning: satnav.tex:225: Requested font "zplbexx" at 10.0pt
note: downloading zplbexx.tfm
warning: satnav.tex:225:  -> zplbexx
warning: satnav.tex:225: Requested font "zplbexx" at 7.3pt
warning: satnav.tex:225:  -> zplbexx
warning: satnav.tex:225: Requested font "zplbexx" at 5.5pt
warning: satnav.tex:225:  -> zplbexx
warning: satnav.tex:225: Requested font "zplbmia" at 10.0pt
note: downloading zplbmia.tfm
warning: satnav.tex:225:  -> zplbmia
warning: satnav.tex:225: Requested font "zplbmia" at 7.3pt
warning: satnav.tex:225:  -> zplbmia
warning: satnav.tex:225: Requested font "zplbmia" at 5.5pt
warning: satnav.tex:225:  -> zplbmia
warning: satnav.tex:225: Requested font "zplbsym" at 10.0pt
note: downloading zplbsym.tfm
warning: satnav.tex:225:  -> zplbsym
warning: satnav.tex:225: Requested font "zplbsym" at 7.3pt
warning: satnav.tex:225:  -> zplbsym
warning: satnav.tex:225: Requested font "zplbsym" at 5.5pt
warning: satnav.tex:225:  -> zplbsym
warning: satnav.tex:225: Requested font "zplbsyc" at 10.0pt
note: downloading zplbsyc.tfm
warning: satnav.tex:225:  -> zplbsyc
warning: satnav.tex:225: Requested font "zplbsyc" at 7.3pt
warning: satnav.tex:225:  -> zplbsyc
warning: satnav.tex:225: Requested font "zplbsyc" at 5.5pt
warning: satnav.tex:225:  -> zplbsyc
warning: satnav.tex:225: Requested font "zplbexa" at 10.0pt
note: downloading zplbexa.tfm
warning: satnav.tex:225:  -> zplbexa
warning: satnav.tex:225: Requested font "zplbexa" at 7.3pt
warning: satnav.tex:225:  -> zplbexa
warning: satnav.tex:225: Requested font "zplbexa" at 5.5pt
warning: satnav.tex:225:  -> zplbexa
warning: satnav.tex:243: 
Requested font "rm-lmb10" at 10.95pt
warning: satnav.tex:243:  -> rm-lmb10
warning: satnav.tex:243: Requested font "rm-lmb10" at 8.0pt
warning: satnav.tex:243:  -> rm-lmb10
warning: satnav.tex:243: Requested font "rm-lmb10" at 6.1pt
warning: satnav.tex:243:  -> rm-lmb10
warning: satnav.tex:243: Requested font "zplbmi" at 10.95pt
warning: satnav.tex:243:  -> zplbmi
warning: satnav.tex:243: Requested font "zplbmi" at 8.0pt
warning: satnav.tex:243:  -> zplbmi
warning: satnav.tex:243: Requested font "zplbmi" at 6.1pt
warning: satnav.tex:243:  -> zplbmi
warning: satnav.tex:243: Requested font "zplbsy" at 10.95pt
warning: satnav.tex:243:  -> zplbsy
warning: satnav.tex:243: Requested font "zplbsy" at 8.0pt
warning: satnav.tex:243:  -> zplbsy
warning: satnav.tex:243: Requested font "zplbsy" at 6.1pt
warning: satnav.tex:243:  -> zplbsy
warning: satnav.tex:243: Requested font "zplbexx" at 10.95pt
warning: satnav.tex:243:  -> zplbexx
warning: satnav.tex:243: Requested font "zplbexx" at 8.0pt
warning: satnav.tex:243:  -> zplbexx
warning: satnav.tex:243: Requested font "zplbexx" at 6.1pt
warning: satnav.tex:243:  -> zplbexx
warning: satnav.tex:243: Requested font "zplbmia" at 10.95pt
warning: satnav.tex:243:  -> zplbmia
warning: satnav.tex:243: Requested font "zplbmia" at 8.0pt
warning: satnav.tex:243:  -> zplbmia
warning: satnav.tex:243: Requested font "zplbmia" at 6.1pt
warning: satnav.tex:243:  -> zplbmia
warning: satnav.tex:243: Requested font "zplbsym" at 10.95pt
warning: satnav.tex:243:  -> zplbsym
warning: satnav.tex:243: Requested font "zplbsym" at 8.0pt
warning: satnav.tex:243:  -> zplbsym
warning: satnav.tex:243: Requested font "zplbsym" at 6.1pt
warning: satnav.tex:243:  -> zplbsym
warning: satnav.tex:243: Requested font "zplbsyc" at 10.95pt
warning: satnav.tex:243:  -> zplbsyc
warning: satnav.tex:243: Requested font "zplbsyc" at 8.0pt
warning: satnav.tex:243:  -> zplbsyc
warning: satnav.tex:243: Requested font "zplbsyc" at 6.1pt
warning: satnav.tex:243:  -> zplbsyc
warning: satnav.tex:243: Requested font "zplbexa" at 10.95pt
warning: satnav.tex:243:  -> zplbexa
warning: satnav.tex:243: Requested font "zplbexa" at 8.0pt
warning: satnav.tex:243:  -> zplbexa
warning: satnav.tex:243: Requested font "zplbexa" at 6.1pt
warning: satnav.tex:243:  -> zplbexa
warning: satnav.tex:371: Requested font "[TeXGyrePagellaX-Regular.otf]/OT:script=latn;language=dflt;-ss05;+tnum;+lnum;mapping=tex-text;" at 8.0pt
warning: satnav.tex:371: Requested font "[TeXGyrePagellaX-Regular.otf]/OT:script=latn;language=dflt;-ss05;+tnum;+lnum;mapping=tex-text;" at 6.1pt
warning: satnav.tex:407: 
Requested font "[lmmono10-regular]:" at 10.0pt
warning: satnav.tex:754: Requested font "[lmmonolt10-bold]:" at 10.0pt
note: downloading lmmonolt10-bold.otf
note: Rerunning TeX because "satnav.aux" changed ...
warning: hyperref.sty:4873: Requested font "pzdr" at 0.00002pt
warning: hyperref.sty:4873:  -> pzdr
warning: satnav.tex:57: 
Requested font "[TeXGyrePagellaX-Regular.otf]/OT" at 10.94997pt
warning: satnav.tex:57: Requested font "[TeXGyrePagellaX-Regular.otf]/OT" at 10.95003pt
warning: satnav.tex:57: Requested font "[TeXGyrePagellaX-Regular.otf]/OT:script=latn;language=dflt;" at 10.95003pt
warning: satnav.tex:57: Requested font "[TeXGyrePagellaX-Bold.otf]/OT:script=latn;language=dflt;" at 10.95003pt
warning: satnav.tex:57: Requested font "[TeXGyrePagellaX-Italic.otf]/OT:script=latn;language=dflt;" at 10.95003pt
warning: satnav.tex:57: Requested font "[TeXGyrePagellaX-Slanted.otf]/OT:script=latn;language=dflt;" at 10.95003pt
warning: satnav.tex:57: Requested font "[TeXGyrePagellaX-BoldItalic.otf]/OT:script=latn;language=dflt;" at 10.95003pt
warning: satnav.tex:57: Requested font "[TeXGyrePagellaX-BoldSlanted.otf]/OT:script=latn;language=dflt;" at 10.95003pt
warning: satnav.tex:57: Requested font "[TeXGyrePagellaX-Regular.otf]/OT:script=latn;language=dflt;-ss05;+tnum;+lnum;mapping=tex-text;" at 10.95pt
warning: satnav.tex:60: 
Requested font "[lmroman12-regular]:mapping=tex-text;" at 12.0pt
warning: satnav.tex:62: Requested font "[lmroman17-regular]:mapping=tex-text;" at 54.0pt
warning: satnav.tex:64: Requested font "[lmroman17-regular]:mapping=tex-text;" at 31.0pt
warning: satnav.tex:66: Requested font "[lmroman17-regular]:mapping=tex-text;" at 21.0pt
warning: satnav.tex:69: Requested font "[TeXGyrePagellaX-Regular.otf]/OT:script=latn;language=dflt;-ss05;+tnum;+lnum;mapping=tex-text;" at 12.0pt
warning: satnav.tex:72: Requested font "[lmroman12-regular]:mapping=tex-text;" at 14.4pt
warning: satnav.tex:73: 
Requested font "rm-lmr10" at 10.95pt
warning: satnav.tex:73:  -> rm-lmr10
warning: satnav.tex:73: Requested font "rm-lmr8" at 8.0pt
warning: satnav.tex:73:  -> rm-lmr8
warning: satnav.tex:73: Requested font "rm-lmr6" at 6.1pt
warning: satnav.tex:73:  -> rm-lmr6
warning: satnav.tex:73: Requested font "zplmi" at 10.95pt
warning: satnav.tex:73:  -> zplmi
warning: satnav.tex:73: Requested font "zplmi" at 8.0pt
warning: satnav.tex:73:  -> zplmi
warning: satnav.tex:73: Requested font "zplmi" at 6.1pt
warning: satnav.tex:73:  -> zplmi
warning: satnav.tex:73: Requested font "zplsy" at 10.95pt
warning: satnav.tex:73:  -> zplsy
warning: satnav.tex:73: Requested font "zplsy" at 8.0pt
warning: satnav.tex:73:  -> zplsy
warning: satnav.tex:73: Requested font "zplsy" at 6.1pt
warning: satnav.tex:73:  -> zplsy
warning: satnav.tex:73: Requested font "zplexx" at 10.95pt
warning: satnav.tex:73:  -> zplexx
warning: satnav.tex:73: Requested font "zplexx" at 8.0pt
warning: satnav.tex:73:  -> zplexx
warning: satnav.tex:73: Requested font "zplexx" at 6.1pt
warning: satnav.tex:73:  -> zplexx
warning: satnav.tex:73: 
Requested font "msam10" at 10.95pt
warning: satnav.tex:73:  -> msam10
warning: satnav.tex:73: 
Requested font "msam10" at 8.0pt
warning: satnav.tex:73:  -> msam10
warning: satnav.tex:73: Requested font "msam7" at 6.1pt
warning: satnav.tex:73:  -> msam7
warning: satnav.tex:73: 
Requested font "msbm10" at 10.95pt
warning: satnav.tex:73:  -> msbm10
warning: satnav.tex:73: 
Requested font "msbm10" at 8.0pt
warning: satnav.tex:73:  -> msbm10
warning: satnav.tex:73: Requested font "msbm7" at 6.1pt
warning: satnav.tex:73:  -> msbm7
warning: satnav.tex:73: 
Requested font "zplmia" at 10.95pt
warning: satnav.tex:73:  -> zplmia
warning: satnav.tex:73: Requested font "zplmia" at 8.0pt
warning: satnav.tex:73:  -> zplmia
warning: satnav.tex:73: Requested font "zplmia" at 6.1pt
warning: satnav.tex:73:  -> zplmia
warning: satnav.tex:73: 
Requested font "zplsym" at 10.95pt
warning: satnav.tex:73:  -> zplsym
warning: satnav.tex:73: Requested font "zplsym" at 8.0pt
warning: satnav.tex:73:  -> zplsym
warning: satnav.tex:73: Requested font "zplsym" at 6.1pt
warning: satnav.tex:73:  -> zplsym
warning: satnav.tex:73: 
Requested font "zplsyc" at 10.95pt
warning: satnav.tex:73:  -> zplsyc
warning: satnav.tex:73: Requested font "zplsyc" at 8.0pt
warning: satnav.tex:73:  -> zplsyc
warning: satnav.tex:73: Requested font "zplsyc" at 6.1pt
warning: satnav.tex:73:  -> zplsyc
warning: satnav.tex:73: Requested font "zplexa" at 10.95pt
warning: satnav.tex:73:  -> zplexa
warning: satnav.tex:73: Requested font "zplexa" at 8.0pt
warning: satnav.tex:73:  -> zplexa
warning: satnav.tex:73: Requested font "zplexa" at 6.1pt
warning: satnav.tex:73:  -> zplexa
warning: satnav.tex:74: Requested font "[TeXGyrePagellaX-Bold.otf]/OT:script=latn;language=dflt;-ss05;+tnum;+lnum;mapping=tex-text;" at 10.95pt
warning: satnav.tex:79: Requested font "[lmmono10-regular]:" at 10.95pt
warning: satnav.tex:89: Requested font "[TeXGyrePagellaX-Regular.otf]/OT:script=latn;language=dflt;-ss05;+tnum;+lnum;mapping=tex-text;" at 10.0pt
warning: satnav.tex:95: Requested font "[TeXGyrePagellaX-Regular.otf]/OT:script=latn;language=dflt;-ss05;+tnum;+lnum;mapping=tex-text;" at 14.4pt
warning: satnav.tex:120: Requested font "[TeXGyrePagellaX-Italic.otf]/OT:script=latn;language=dflt;-ss05;+tnum;+lnum;mapping=tex-text;" at 10.95pt
warning: satnav.tex:129: Requested font "[lmroman10-regular]:mapping=tex-text;" at 10.0pt
warning: satnav.tex:129: Requested font "[lmroman9-regular]:mapping=tex-text;" at 9.0pt
warning: satnav.tex:225: 
Requested font "rm-lmr10" at 10.0pt
warning: satnav.tex:225:  -> rm-lmr10
warning: satnav.tex:225: Requested font "rm-lmr7" at 7.3pt
warning: satnav.tex:225:  -> rm-lmr7
warning: satnav.tex:225: Requested font "rm-lmr6" at 5.5pt
warning: satnav.tex:225:  -> rm-lmr6
warning: satnav.tex:225: Requested font "zplmi" at 10.0pt
warning: satnav.tex:225:  -> zplmi
warning: satnav.tex:225: Requested font "zplmi" at 7.3pt
warning: satnav.tex:225:  -> zplmi
warning: satnav.tex:225: Requested font "zplmi" at 5.5pt
warning: satnav.tex:225:  -> zplmi
warning: satnav.tex:225: Requested font "zplsy" at 10.0pt
warning: satnav.tex:225:  -> zplsy
warning: satnav.tex:225: Requested font "zplsy" at 7.3pt
warning: satnav.tex:225:  -> zplsy
warning: satnav.tex:225: Requested font "zplsy" at 5.5pt
warning: satnav.tex:225:  -> zplsy
warning: satnav.tex:225: Requested font "zplexx" at 10.0pt
warning: satnav.tex:225:  -> zplexx
warning: satnav.tex:225: Requested font "zplexx" at 7.3pt
warning: satnav.tex:225:  -> zplexx
warning: satnav.tex:225: Requested font "zplexx" at 5.5pt
warning: satnav.tex:225:  -> zplexx
warning: satnav.tex:225: Requested font "msam10" at 10.0pt
warning: satnav.tex:225:  -> msam10
warning: satnav.tex:225: Requested font "msam7" at 7.3pt
warning: satnav.tex:225:  -> msam7
warning: satnav.tex:225: Requested font "msam5" at 5.5pt
warning: satnav.tex:225:  -> msam5
warning: satnav.tex:225: Requested font "msbm10" at 10.0pt
warning: satnav.tex:225:  -> msbm10
warning: satnav.tex:225: Requested font "msbm7" at 7.3pt
warning: satnav.tex:225:  -> msbm7
warning: satnav.tex:225: Requested font "msbm5" at 5.5pt
warning: satnav.tex:225:  -> msbm5
warning: satnav.tex:225: Requested font "zplmia" at 10.0pt
warning: satnav.tex:225:  -> zplmia
warning: satnav.tex:225: Requested font "zplmia" at 7.3pt
warning: satnav.tex:225:  -> zplmia
warning: satnav.tex:225: Requested font "zplmia" at 5.5pt
warning: satnav.tex:225:  -> zplmia
warning: satnav.tex:225: Requested font "zplsym" at 10.0pt
warning: satnav.tex:225:  -> zplsym
warning: satnav.tex:225: Requested font "zplsym" at 7.3pt
warning: satnav.tex:225:  -> zplsym
warning: satnav.tex:225: Requested font "zplsym" at 5.5pt
warning: satnav.tex:225:  -> zplsym
warning: satnav.tex:225: Requested font "zplsyc" at 10.0pt
warning: satnav.tex:225:  -> zplsyc
warning: satnav.tex:225: Requested font "zplsyc" at 7.3pt
warning: satnav.tex:225:  -> zplsyc
warning: satnav.tex:225: Requested font "zplsyc" at 5.5pt
warning: satnav.tex:225:  -> zplsyc
warning: satnav.tex:225: Requested font "zplexa" at 10.0pt
warning: satnav.tex:225:  -> zplexa
warning: satnav.tex:225: Requested font "zplexa" at 7.3pt
warning: satnav.tex:225:  -> zplexa
warning: satnav.tex:225: Requested font "zplexa" at 5.5pt
warning: satnav.tex:225:  -> zplexa
warning: satnav.tex:225: Requested font "[TeXGyrePagellaX-Bold.otf]/OT:script=latn;language=dflt;-ss05;+tnum;+lnum;mapping=tex-text;" at 10.0pt
warning: satnav.tex:225: Requested font "rm-lmb10" at 10.0pt
warning: satnav.tex:225:  -> rm-lmb10
warning: satnav.tex:225: Requested font "rm-lmb10" at 7.3pt
warning: satnav.tex:225:  -> rm-lmb10
warning: satnav.tex:225: Requested font "rm-lmb10" at 5.5pt
warning: satnav.tex:225:  -> rm-lmb10
warning: satnav.tex:225: Requested font "zplbmi" at 10.0pt
warning: satnav.tex:225:  -> zplbmi
warning: satnav.tex:225: Requested font "zplbmi" at 7.3pt
warning: satnav.tex:225:  -> zplbmi
warning: satnav.tex:225: Requested font "zplbmi" at 5.5pt
warning: satnav.tex:225:  -> zplbmi
warning: satnav.tex:225: Requested font "zplbsy" at 10.0pt
warning: satnav.tex:225:  -> zplbsy
warning: satnav.tex:225: Requested font "zplbsy" at 7.3pt
warning: satnav.tex:225:  -> zplbsy
warning: satnav.tex:225: Requested font "zplbsy" at 5.5pt
warning: satnav.tex:225:  -> zplbsy
warning: satnav.tex:225: Requested font "zplbexx" at 10.0pt
warning: satnav.tex:225:  -> zplbexx
warning: satnav.tex:225: Requested font "zplbexx" at 7.3pt
warning: satnav.tex:225:  -> zplbexx
warning: satnav.tex:225: Requested font "zplbexx" at 5.5pt
warning: satnav.tex:225:  -> zplbexx
warning: satnav.tex:225: Requested font "zplbmia" at 10.0pt
warning: satnav.tex:225:  -> zplbmia
warning: satnav.tex:225: Requested font "zplbmia" at 7.3pt
warning: satnav.tex:225:  -> zplbmia
warning: satnav.tex:225: Requested font "zplbmia" at 5.5pt
warning: satnav.tex:225:  -> zplbmia
warning: satnav.tex:225: Requested font "zplbsym" at 10.0pt
warning: satnav.tex:225:  -> zplbsym
warning: satnav.tex:225: Requested font "zplbsym" at 7.3pt
warning: satnav.tex:225:  -> zplbsym
warning: satnav.tex:225: Requested font "zplbsym" at 5.5pt
warning: satnav.tex:225:  -> zplbsym
warning: satnav.tex:225: Requested font "zplbsyc" at 10.0pt
warning: satnav.tex:225:  -> zplbsyc
warning: satnav.tex:225: Requested font "zplbsyc" at 7.3pt
warning: satnav.tex:225:  -> zplbsyc
warning: satnav.tex:225: Requested font "zplbsyc" at 5.5pt
warning: satnav.tex:225:  -> zplbsyc
warning: satnav.tex:225: Requested font "zplbexa" at 10.0pt
warning: satnav.tex:225:  -> zplbexa
warning: satnav.tex:225: Requested font "zplbexa" at 7.3pt
warning: satnav.tex:225:  -> zplbexa
warning: satnav.tex:225: Requested font "zplbexa" at 5.5pt
warning: satnav.tex:225:  -> zplbexa
warning: satnav.tex:243: 
Requested font "rm-lmb10" at 10.95pt
warning: satnav.tex:243:  -> rm-lmb10
warning: satnav.tex:243: Requested font "rm-lmb10" at 8.0pt
warning: satnav.tex:243:  -> rm-lmb10
warning: satnav.tex:243: Requested font "rm-lmb10" at 6.1pt
warning: satnav.tex:243:  -> rm-lmb10
warning: satnav.tex:243: Requested font "zplbmi" at 10.95pt
warning: satnav.tex:243:  -> zplbmi
warning: satnav.tex:243: Requested font "zplbmi" at 8.0pt
warning: satnav.tex:243:  -> zplbmi
warning: satnav.tex:243: Requested font "zplbmi" at 6.1pt
warning: satnav.tex:243:  -> zplbmi
warning: satnav.tex:243: Requested font "zplbsy" at 10.95pt
warning: satnav.tex:243:  -> zplbsy
warning: satnav.tex:243: Requested font "zplbsy" at 8.0pt
warning: satnav.tex:243:  -> zplbsy
warning: satnav.tex:243: Requested font "zplbsy" at 6.1pt
warning: satnav.tex:243:  -> zplbsy
warning: satnav.tex:243: Requested font "zplbexx" at 10.95pt
warning: satnav.tex:243:  -> zplbexx
warning: satnav.tex:243: Requested font "zplbexx" at 8.0pt
warning: satnav.tex:243:  -> zplbexx
warning: satnav.tex:243: Requested font "zplbexx" at 6.1pt
warning: satnav.tex:243:  -> zplbexx
warning: satnav.tex:243: Requested font "zplbmia" at 10.95pt
warning: satnav.tex:243:  -> zplbmia
warning: satnav.tex:243: Requested font "zplbmia" at 8.0pt
warning: satnav.tex:243:  -> zplbmia
warning: satnav.tex:243: Requested font "zplbmia" at 6.1pt
warning: satnav.tex:243:  -> zplbmia
warning: satnav.tex:243: Requested font "zplbsym" at 10.95pt
warning: satnav.tex:243:  -> zplbsym
warning: satnav.tex:243: Requested font "zplbsym" at 8.0pt
warning: satnav.tex:243:  -> zplbsym
warning: satnav.tex:243: Requested font "zplbsym" at 6.1pt
warning: satnav.tex:243:  -> zplbsym
warning: satnav.tex:243: Requested font "zplbsyc" at 10.95pt
warning: satnav.tex:243:  -> zplbsyc
warning: satnav.tex:243: Requested font "zplbsyc" at 8.0pt
warning: satnav.tex:243:  -> zplbsyc
warning: satnav.tex:243: Requested font "zplbsyc" at 6.1pt
warning: satnav.tex:243:  -> zplbsyc
warning: satnav.tex:243: Requested font "zplbexa" at 10.95pt
warning: satnav.tex:243:  -> zplbexa
warning: satnav.tex:243: Requested font "zplbexa" at 8.0pt
warning: satnav.tex:243:  -> zplbexa
warning: satnav.tex:243: Requested font "zplbexa" at 6.1pt
warning: satnav.tex:243:  -> zplbexa
warning: satnav.tex:371: Requested font "[TeXGyrePagellaX-Regular.otf]/OT:script=latn;language=dflt;-ss05;+tnum;+lnum;mapping=tex-text;" at 8.0pt
warning: satnav.tex:371: Requested font "[TeXGyrePagellaX-Regular.otf]/OT:script=latn;language=dflt;-ss05;+tnum;+lnum;mapping=tex-text;" at 6.1pt
warning: satnav.tex:407: 
Requested font "[lmmono10-regular]:" at 10.0pt
warning: satnav.tex:754: Requested font "[lmmonolt10-bold]:" at 10.0pt
note: Rerunning TeX because "satnav.aux" changed ...
warning: hyperref.sty:4873: Requested font "pzdr" at 0.00002pt
warning: hyperref.sty:4873:  -> pzdr
warning: satnav.tex:57: 
Requested font "[TeXGyrePagellaX-Regular.otf]/OT" at 10.94997pt
warning: satnav.tex:57: Requested font "[TeXGyrePagellaX-Regular.otf]/OT" at 10.95003pt
warning: satnav.tex:57: Requested font "[TeXGyrePagellaX-Regular.otf]/OT:script=latn;language=dflt;" at 10.95003pt
warning: satnav.tex:57: Requested font "[TeXGyrePagellaX-Bold.otf]/OT:script=latn;language=dflt;" at 10.95003pt
warning: satnav.tex:57: Requested font "[TeXGyrePagellaX-Italic.otf]/OT:script=latn;language=dflt;" at 10.95003pt
warning: satnav.tex:57: Requested font "[TeXGyrePagellaX-Slanted.otf]/OT:script=latn;language=dflt;" at 10.95003pt
warning: satnav.tex:57: Requested font "[TeXGyrePagellaX-BoldItalic.otf]/OT:script=latn;language=dflt;" at 10.95003pt
warning: satnav.tex:57: Requested font "[TeXGyrePagellaX-BoldSlanted.otf]/OT:script=latn;language=dflt;" at 10.95003pt
warning: satnav.tex:57: Requested font "[TeXGyrePagellaX-Regular.otf]/OT:script=latn;language=dflt;-ss05;+tnum;+lnum;mapping=tex-text;" at 10.95pt
warning: satnav.tex:60: 
Requested font "[lmroman12-regular]:mapping=tex-text;" at 12.0pt
warning: satnav.tex:62: Requested font "[lmroman17-regular]:mapping=tex-text;" at 54.0pt
warning: satnav.tex:64: Requested font "[lmroman17-regular]:mapping=tex-text;" at 31.0pt
warning: satnav.tex:66: Requested font "[lmroman17-regular]:mapping=tex-text;" at 21.0pt
warning: satnav.tex:69: Requested font "[TeXGyrePagellaX-Regular.otf]/OT:script=latn;language=dflt;-ss05;+tnum;+lnum;mapping=tex-text;" at 12.0pt
warning: satnav.tex:72: Requested font "[lmroman12-regular]:mapping=tex-text;" at 14.4pt
warning: satnav.tex:73: 
Requested font "rm-lmr10" at 10.95pt
warning: satnav.tex:73:  -> rm-lmr10
warning: satnav.tex:73: Requested font "rm-lmr8" at 8.0pt
warning: satnav.tex:73:  -> rm-lmr8
warning: satnav.tex:73: Requested font "rm-lmr6" at 6.1pt
warning: satnav.tex:73:  -> rm-lmr6
warning: satnav.tex:73: Requested font "zplmi" at 10.95pt
warning: satnav.tex:73:  -> zplmi
warning: satnav.tex:73: Requested font "zplmi" at 8.0pt
warning: satnav.tex:73:  -> zplmi
warning: satnav.tex:73: Requested font "zplmi" at 6.1pt
warning: satnav.tex:73:  -> zplmi
warning: satnav.tex:73: Requested font "zplsy" at 10.95pt
warning: satnav.tex:73:  -> zplsy
warning: satnav.tex:73: Requested font "zplsy" at 8.0pt
warning: satnav.tex:73:  -> zplsy
warning: satnav.tex:73: Requested font "zplsy" at 6.1pt
warning: satnav.tex:73:  -> zplsy
warning: satnav.tex:73: Requested font "zplexx" at 10.95pt
warning: satnav.tex:73:  -> zplexx
warning: satnav.tex:73: Requested font "zplexx" at 8.0pt
warning: satnav.tex:73:  -> zplexx
warning: satnav.tex:73: Requested font "zplexx" at 6.1pt
warning: satnav.tex:73:  -> zplexx
warning: satnav.tex:73: 
Requested font "msam10" at 10.95pt
warning: satnav.tex:73:  -> msam10
warning: satnav.tex:73: 
Requested font "msam10" at 8.0pt
warning: satnav.tex:73:  -> msam10
warning: satnav.tex:73: Requested font "msam7" at 6.1pt
warning: satnav.tex:73:  -> msam7
warning: satnav.tex:73: 
Requested font "msbm10" at 10.95pt
warning: satnav.tex:73:  -> msbm10
warning: satnav.tex:73: 
Requested font "msbm10" at 8.0pt
warning: satnav.tex:73:  -> msbm10
warning: satnav.tex:73: Requested font "msbm7" at 6.1pt
warning: satnav.tex:73:  -> msbm7
warning: satnav.tex:73: 
Requested font "zplmia" at 10.95pt
warning: satnav.tex:73:  -> zplmia
warning: satnav.tex:73: Requested font "zplmia" at 8.0pt
warning: satnav.tex:73:  -> zplmia
warning: satnav.tex:73: Requested font "zplmia" at 6.1pt
warning: satnav.tex:73:  -> zplmia
warning: satnav.tex:73: 
Requested font "zplsym" at 10.95pt
warning: satnav.tex:73:  -> zplsym
warning: satnav.tex:73: Requested font "zplsym" at 8.0pt
warning: satnav.tex:73:  -> zplsym
warning: satnav.tex:73: Requested font "zplsym" at 6.1pt
warning: satnav.tex:73:  -> zplsym
warning: satnav.tex:73: 
Requested font "zplsyc" at 10.95pt
warning: satnav.tex:73:  -> zplsyc
warning: satnav.tex:73: Requested font "zplsyc" at 8.0pt
warning: satnav.tex:73:  -> zplsyc
warning: satnav.tex:73: Requested font "zplsyc" at 6.1pt
warning: satnav.tex:73:  -> zplsyc
warning: satnav.tex:73: Requested font "zplexa" at 10.95pt
warning: satnav.tex:73:  -> zplexa
warning: satnav.tex:73: Requested font "zplexa" at 8.0pt
warning: satnav.tex:73:  -> zplexa
warning: satnav.tex:73: Requested font "zplexa" at 6.1pt
warning: satnav.tex:73:  -> zplexa
warning: satnav.tex:74: Requested font "[TeXGyrePagellaX-Bold.otf]/OT:script=latn;language=dflt;-ss05;+tnum;+lnum;mapping=tex-text;" at 10.95pt
warning: satnav.tex:79: Requested font "[lmmono10-regular]:" at 10.95pt
warning: satnav.tex:89: Requested font "[TeXGyrePagellaX-Regular.otf]/OT:script=latn;language=dflt;-ss05;+tnum;+lnum;mapping=tex-text;" at 10.0pt
warning: satnav.tex:95: Requested font "[TeXGyrePagellaX-Regular.otf]/OT:script=latn;language=dflt;-ss05;+tnum;+lnum;mapping=tex-text;" at 14.4pt
warning: satnav.tex:120: Requested font "[TeXGyrePagellaX-Italic.otf]/OT:script=latn;language=dflt;-ss05;+tnum;+lnum;mapping=tex-text;" at 10.95pt
warning: satnav.tex:129: Requested font "[lmroman10-regular]:mapping=tex-text;" at 10.0pt
warning: satnav.tex:129: Requested font "[lmroman9-regular]:mapping=tex-text;" at 9.0pt
warning: satnav.tex:225: 
Requested font "rm-lmr10" at 10.0pt
warning: satnav.tex:225:  -> rm-lmr10
warning: satnav.tex:225: Requested font "rm-lmr7" at 7.3pt
warning: satnav.tex:225:  -> rm-lmr7
warning: satnav.tex:225: Requested font "rm-lmr6" at 5.5pt
warning: satnav.tex:225:  -> rm-lmr6
warning: satnav.tex:225: Requested font "zplmi" at 10.0pt
warning: satnav.tex:225:  -> zplmi
warning: satnav.tex:225: Requested font "zplmi" at 7.3pt
warning: satnav.tex:225:  -> zplmi
warning: satnav.tex:225: Requested font "zplmi" at 5.5pt
warning: satnav.tex:225:  -> zplmi
warning: satnav.tex:225: Requested font "zplsy" at 10.0pt
warning: satnav.tex:225:  -> zplsy
warning: satnav.tex:225: Requested font "zplsy" at 7.3pt
warning: satnav.tex:225:  -> zplsy
warning: satnav.tex:225: Requested font "zplsy" at 5.5pt
warning: satnav.tex:225:  -> zplsy
warning: satnav.tex:225: Requested font "zplexx" at 10.0pt
warning: satnav.tex:225:  -> zplexx
warning: satnav.tex:225: Requested font "zplexx" at 7.3pt
warning: satnav.tex:225:  -> zplexx
warning: satnav.tex:225: Requested font "zplexx" at 5.5pt
warning: satnav.tex:225:  -> zplexx
warning: satnav.tex:225: Requested font "msam10" at 10.0pt
warning: satnav.tex:225:  -> msam10
warning: satnav.tex:225: Requested font "msam7" at 7.3pt
warning: satnav.tex:225:  -> msam7
warning: satnav.tex:225: Requested font "msam5" at 5.5pt
warning: satnav.tex:225:  -> msam5
warning: satnav.tex:225: Requested font "msbm10" at 10.0pt
warning: satnav.tex:225:  -> msbm10
warning: satnav.tex:225: Requested font "msbm7" at 7.3pt
warning: satnav.tex:225:  -> msbm7
warning: satnav.tex:225: Requested font "msbm5" at 5.5pt
warning: satnav.tex:225:  -> msbm5
warning: satnav.tex:225: Requested font "zplmia" at 10.0pt
warning: satnav.tex:225:  -> zplmia
warning: satnav.tex:225: Requested font "zplmia" at 7.3pt
warning: satnav.tex:225:  -> zplmia
warning: satnav.tex:225: Requested font "zplmia" at 5.5pt
warning: satnav.tex:225:  -> zplmia
warning: satnav.tex:225: Requested font "zplsym" at 10.0pt
warning: satnav.tex:225:  -> zplsym
warning: satnav.tex:225: Requested font "zplsym" at 7.3pt
warning: satnav.tex:225:  -> zplsym
warning: satnav.tex:225: Requested font "zplsym" at 5.5pt
warning: satnav.tex:225:  -> zplsym
warning: satnav.tex:225: Requested font "zplsyc" at 10.0pt
warning: satnav.tex:225:  -> zplsyc
warning: satnav.tex:225: Requested font "zplsyc" at 7.3pt
warning: satnav.tex:225:  -> zplsyc
warning: satnav.tex:225: Requested font "zplsyc" at 5.5pt
warning: satnav.tex:225:  -> zplsyc
warning: satnav.tex:225: Requested font "zplexa" at 10.0pt
warning: satnav.tex:225:  -> zplexa
warning: satnav.tex:225: Requested font "zplexa" at 7.3pt
warning: satnav.tex:225:  -> zplexa
warning: satnav.tex:225: Requested font "zplexa" at 5.5pt
warning: satnav.tex:225:  -> zplexa
warning: satnav.tex:225: Requested font "[TeXGyrePagellaX-Bold.otf]/OT:script=latn;language=dflt;-ss05;+tnum;+lnum;mapping=tex-text;" at 10.0pt
warning: satnav.tex:225: Requested font "rm-lmb10" at 10.0pt
warning: satnav.tex:225:  -> rm-lmb10
warning: satnav.tex:225: Requested font "rm-lmb10" at 7.3pt
warning: satnav.tex:225:  -> rm-lmb10
warning: satnav.tex:225: Requested font "rm-lmb10" at 5.5pt
warning: satnav.tex:225:  -> rm-lmb10
warning: satnav.tex:225: Requested font "zplbmi" at 10.0pt
warning: satnav.tex:225:  -> zplbmi
warning: satnav.tex:225: Requested font "zplbmi" at 7.3pt
warning: satnav.tex:225:  -> zplbmi
warning: satnav.tex:225: Requested font "zplbmi" at 5.5pt
warning: satnav.tex:225:  -> zplbmi
warning: satnav.tex:225: Requested font "zplbsy" at 10.0pt
warning: satnav.tex:225:  -> zplbsy
warning: satnav.tex:225: Requested font "zplbsy" at 7.3pt
warning: satnav.tex:225:  -> zplbsy
warning: satnav.tex:225: Requested font "zplbsy" at 5.5pt
warning: satnav.tex:225:  -> zplbsy
warning: satnav.tex:225: Requested font "zplbexx" at 10.0pt
warning: satnav.tex:225:  -> zplbexx
warning: satnav.tex:225: Requested font "zplbexx" at 7.3pt
warning: satnav.tex:225:  -> zplbexx
warning: satnav.tex:225: Requested font "zplbexx" at 5.5pt
warning: satnav.tex:225:  -> zplbexx
warning: satnav.tex:225: Requested font "zplbmia" at 10.0pt
warning: satnav.tex:225:  -> zplbmia
warning: satnav.tex:225: Requested font "zplbmia" at 7.3pt
warning: satnav.tex:225:  -> zplbmia
warning: satnav.tex:225: Requested font "zplbmia" at 5.5pt
warning: satnav.tex:225:  -> zplbmia
warning: satnav.tex:225: Requested font "zplbsym" at 10.0pt
warning: satnav.tex:225:  -> zplbsym
warning: satnav.tex:225: Requested font "zplbsym" at 7.3pt
warning: satnav.tex:225:  -> zplbsym
warning: satnav.tex:225: Requested font "zplbsym" at 5.5pt
warning: satnav.tex:225:  -> zplbsym
warning: satnav.tex:225: Requested font "zplbsyc" at 10.0pt
warning: satnav.tex:225:  -> zplbsyc
warning: satnav.tex:225: Requested font "zplbsyc" at 7.3pt
warning: satnav.tex:225:  -> zplbsyc
warning: satnav.tex:225: Requested font "zplbsyc" at 5.5pt
warning: satnav.tex:225:  -> zplbsyc
warning: satnav.tex:225: Requested font "zplbexa" at 10.0pt
warning: satnav.tex:225:  -> zplbexa
warning: satnav.tex:225: Requested font "zplbexa" at 7.3pt
warning: satnav.tex:225:  -> zplbexa
warning: satnav.tex:225: Requested font "zplbexa" at 5.5pt
warning: satnav.tex:225:  -> zplbexa
warning: satnav.tex:243: 
Requested font "rm-lmb10" at 10.95pt
warning: satnav.tex:243:  -> rm-lmb10
warning: satnav.tex:243: Requested font "rm-lmb10" at 8.0pt
warning: satnav.tex:243:  -> rm-lmb10
warning: satnav.tex:243: Requested font "rm-lmb10" at 6.1pt
warning: satnav.tex:243:  -> rm-lmb10
warning: satnav.tex:243: Requested font "zplbmi" at 10.95pt
warning: satnav.tex:243:  -> zplbmi
warning: satnav.tex:243: Requested font "zplbmi" at 8.0pt
warning: satnav.tex:243:  -> zplbmi
warning: satnav.tex:243: Requested font "zplbmi" at 6.1pt
warning: satnav.tex:243:  -> zplbmi
warning: satnav.tex:243: Requested font "zplbsy" at 10.95pt
warning: satnav.tex:243:  -> zplbsy
warning: satnav.tex:243: Requested font "zplbsy" at 8.0pt
warning: satnav.tex:243:  -> zplbsy
warning: satnav.tex:243: Requested font "zplbsy" at 6.1pt
warning: satnav.tex:243:  -> zplbsy
warning: satnav.tex:243: Requested font "zplbexx" at 10.95pt
warning: satnav.tex:243:  -> zplbexx
warning: satnav.tex:243: Requested font "zplbexx" at 8.0pt
warning: satnav.tex:243:  -> zplbexx
warning: satnav.tex:243: Requested font "zplbexx" at 6.1pt
warning: satnav.tex:243:  -> zplbexx
warning: satnav.tex:243: Requested font "zplbmia" at 10.95pt
warning: satnav.tex:243:  -> zplbmia
warning: satnav.tex:243: Requested font "zplbmia" at 8.0pt
warning: satnav.tex:243:  -> zplbmia
warning: satnav.tex:243: Requested font "zplbmia" at 6.1pt
warning: satnav.tex:243:  -> zplbmia
warning: satnav.tex:243: Requested font "zplbsym" at 10.95pt
warning: satnav.tex:243:  -> zplbsym
warning: satnav.tex:243: Requested font "zplbsym" at 8.0pt
warning: satnav.tex:243:  -> zplbsym
warning: satnav.tex:243: Requested font "zplbsym" at 6.1pt
warning: satnav.tex:243:  -> zplbsym
warning: satnav.tex:243: Requested font "zplbsyc" at 10.95pt
warning: satnav.tex:243:  -> zplbsyc
warning: satnav.tex:243: Requested font "zplbsyc" at 8.0pt
warning: satnav.tex:243:  -> zplbsyc
warning: satnav.tex:243: Requested font "zplbsyc" at 6.1pt
warning: satnav.tex:243:  -> zplbsyc
warning: satnav.tex:243: Requested font "zplbexa" at 10.95pt
warning: satnav.tex:243:  -> zplbexa
warning: satnav.tex:243: Requested font "zplbexa" at 8.0pt
warning: satnav.tex:243:  -> zplbexa
warning: satnav.tex:243: Requested font "zplbexa" at 6.1pt
warning: satnav.tex:243:  -> zplbexa
warning: satnav.tex:371: Requested font "[TeXGyrePagellaX-Regular.otf]/OT:script=latn;language=dflt;-ss05;+tnum;+lnum;mapping=tex-text;" at 8.0pt
warning: satnav.tex:371: Requested font "[TeXGyrePagellaX-Regular.otf]/OT:script=latn;language=dflt;-ss05;+tnum;+lnum;mapping=tex-text;" at 6.1pt
warning: satnav.tex:407: 
Requested font "[lmmono10-regular]:" at 10.0pt
warning: satnav.tex:754: Requested font "[lmmonolt10-bold]:" at 10.0pt
note: Running xdvipdfmx ...
warning: warnings were issued by the TeX engine; use --print and/or --keep-logs for details.
note: downloading zplsy.vf
note: downloading pxsys.tfm
note: downloading pxsys.pfb
note: downloading txex-bar.tfm
note: downloading txex-bar.pfb
note: downloading zplmi.vf
note: downloading NewPXMI_gnu.tfm
note: downloading NewPXMI_gnu.pfb
note: downloading NewPXMI.tfm
note: downloading NewPXMI.pfb
note: downloading stxscr.tfm
note: downloading stxscr.pfb
note: downloading zplmia.vf
note: downloading pxmiaX.tfm
note: downloading pxmiaX.pfb
note: downloading txmiaSTbb.tfm
note: downloading txmiaSTbb.pfb
note: downloading zplsym.vf
note: downloading ntxsym.tfm
note: downloading ntxsym.vf
note: downloading txsyb.tfm
note: downloading txsyb.pfb
note: downloading txsya.tfm
note: downloading txsya.pfb
note: downloading zplbmi.vf
note: downloading NewPXBMI_gnu.tfm
note: downloading NewPXBMI_gnu.pfb
note: downloading NewPXBMI.tfm
note: downloading NewPXBMI.pfb
note: downloading zplexx.vf
note: downloading ntxexx.tfm
note: downloading ntxexx.vf
note: downloading txexs.tfm
note: downloading txexs.pfb
note: Writing `C:\OMT AC031 Womack remarkable carmack oculus master quest half-life 3 gabecube\aTOMos_v3_6_1_5_SATNAV_UGTS_Tom_Klootwijk\tmp\pdfs\toolchain_check\satnav.out` (7.1357421875 KiB)
note: Writing `C:\OMT AC031 Womack remarkable carmack oculus master quest half-life 3 gabecube\aTOMos_v3_6_1_5_SATNAV_UGTS_Tom_Klootwijk\tmp\pdfs\toolchain_check\satnav.aux` (8.4326171875 KiB)
note: Writing `C:\OMT AC031 Womack remarkable carmack oculus master quest half-life 3 gabecube\aTOMos_v3_6_1_5_SATNAV_UGTS_Tom_Klootwijk\tmp\pdfs\toolchain_check\satnav.log` (52.728515625 KiB)
note: Writing `C:\OMT AC031 Womack remarkable carmack oculus master quest half-life 3 gabecube\aTOMos_v3_6_1_5_SATNAV_UGTS_Tom_Klootwijk\tmp\pdfs\toolchain_check\satnav.pdf` (190.88671875 KiB)
note: Writing `C:\OMT AC031 Womack remarkable carmack oculus master quest half-life 3 gabecube\aTOMos_v3_6_1_5_SATNAV_UGTS_Tom_Klootwijk\tmp\pdfs\toolchain_check\satnav.toc` (5.408203125 KiB)
