[1/180] trial 1: 128_1024_global_morton8_128_max-l1
[2/180] trial 1: 128_1024_texture_morton8_128_default
[3/180] trial 1: 128_1024_texture_linear_128_default
[4/180] trial 1: 128_1024_texture_linear_64_default
[5/180] trial 1: 128_1024_texture_morton8_128_max-l1
[6/180] trial 1: 128_1024_global_linear_256_max-l1
[7/180] trial 1: 128_1024_texture_morton8_64_max-l1
[8/180] trial 1: 128_1024_texture_linear_128_max-l1
[9/180] trial 1: 128_1024_texture-packed_morton8_128_max-l1
[10/180] trial 1: 128_1024_texture-packed_linear_256_default
[11/180] trial 1: 128_1024_global_morton8_64_default
[12/180] trial 1: 128_1024_global_morton8_64_max-l1
[13/180] trial 1: 128_1024_global_linear_128_max-l1
[14/180] trial 1: 128_1024_texture-packed_morton8_128_default
[15/180] trial 1: 128_1024_global_linear_64_max-l1
[16/180] trial 1: 128_1024_texture-packed_morton8_64_default
[17/180] trial 1: 128_1024_global_linear_128_default
[18/180] trial 1: 128_1024_global_morton8_128_default
[19/180] trial 1: 128_1024_texture-packed_morton8_64_max-l1
[20/180] trial 1: 128_1024_texture-packed_linear_128_max-l1
[21/180] trial 1: 128_1024_global_linear_256_default
[22/180] trial 1: 128_1024_texture_linear_256_max-l1
[23/180] trial 1: 128_1024_texture_linear_256_default
[24/180] trial 1: 128_1024_texture-packed_morton8_256_default
[25/180] trial 1: 128_1024_texture-packed_linear_256_max-l1
[26/180] trial 1: 128_1024_global_morton8_256_max-l1
[27/180] trial 1: 128_1024_global_morton8_256_default
[28/180] trial 1: 128_1024_texture_morton8_256_max-l1
[29/180] trial 1: 128_1024_texture_linear_64_max-l1
[30/180] trial 1: 128_1024_texture_morton8_256_default
[31/180] trial 1: 128_1024_texture-packed_linear_64_max-l1
[32/180] trial 1: 128_1024_global_linear_64_default
[33/180] trial 1: 128_1024_texture-packed_morton8_256_max-l1
[34/180] trial 1: 128_1024_texture-packed_linear_128_default
[35/180] trial 1: 128_1024_texture-packed_linear_64_default
[36/180] trial 1: 128_1024_texture_morton8_64_default
[37/180] trial 2: 128_1024_texture_morton8_64_default
[38/180] trial 2: 128_1024_global_morton8_128_default
[39/180] trial 2: 128_1024_global_linear_64_max-l1
[40/180] trial 2: 128_1024_global_linear_256_default
[41/180] trial 2: 128_1024_texture-packed_linear_64_default
[42/180] trial 2: 128_1024_texture_linear_128_max-l1
[43/180] trial 2: 128_1024_texture-packed_morton8_128_default
[44/180] trial 2: 128_1024_texture-packed_linear_64_max-l1
[45/180] trial 2: 128_1024_global_linear_128_default
[46/180] trial 2: 128_1024_texture-packed_morton8_64_max-l1
[47/180] trial 2: 128_1024_texture_linear_128_default
[48/180] trial 2: 128_1024_texture_morton8_128_max-l1
[49/180] trial 2: 128_1024_global_morton8_256_max-l1
[50/180] trial 2: 128_1024_texture-packed_morton8_64_default
[51/180] trial 2: 128_1024_texture-packed_linear_256_max-l1
[52/180] trial 2: 128_1024_texture_morton8_256_max-l1
[53/180] trial 2: 128_1024_texture_morton8_64_max-l1
[54/180] trial 2: 128_1024_global_morton8_128_max-l1
[55/180] trial 2: 128_1024_texture_morton8_256_default
[56/180] trial 2: 128_1024_texture_linear_256_default
[57/180] trial 2: 128_1024_texture-packed_linear_128_max-l1
[58/180] trial 2: 128_1024_texture-packed_linear_128_default
[59/180] trial 2: 128_1024_texture_linear_64_default
[60/180] trial 2: 128_1024_global_morton8_256_default
[61/180] trial 2: 128_1024_texture-packed_morton8_256_max-l1
[62/180] trial 2: 128_1024_texture_morton8_128_default
[63/180] trial 2: 128_1024_texture_linear_256_max-l1
[64/180] trial 2: 128_1024_global_linear_64_default
[65/180] trial 2: 128_1024_texture-packed_linear_256_default
[66/180] trial 2: 128_1024_global_linear_128_max-l1
[67/180] trial 2: 128_1024_texture_linear_64_max-l1
[68/180] trial 2: 128_1024_texture-packed_morton8_128_max-l1
[69/180] trial 2: 128_1024_global_morton8_64_max-l1
[70/180] trial 2: 128_1024_global_morton8_64_default
[71/180] trial 2: 128_1024_global_linear_256_max-l1
[72/180] trial 2: 128_1024_texture-packed_morton8_256_default
[73/180] trial 3: 128_1024_texture-packed_linear_128_max-l1
[74/180] trial 3: 128_1024_global_linear_128_default
[75/180] trial 3: 128_1024_texture_linear_256_max-l1
[76/180] trial 3: 128_1024_texture_morton8_256_max-l1
[77/180] trial 3: 128_1024_global_morton8_64_max-l1
[78/180] trial 3: 128_1024_global_linear_64_default
[79/180] trial 3: 128_1024_texture_morton8_128_max-l1
[80/180] trial 3: 128_1024_texture_morton8_128_default
[81/180] trial 3: 128_1024_global_linear_256_max-l1
[82/180] trial 3: 128_1024_texture-packed_morton8_256_default
[83/180] trial 3: 128_1024_texture_morton8_64_max-l1
[84/180] trial 3: 128_1024_texture_morton8_256_default
[85/180] trial 3: 128_1024_texture-packed_morton8_128_max-l1
[86/180] trial 3: 128_1024_texture-packed_linear_256_default
[87/180] trial 3: 128_1024_global_morton8_256_max-l1
[88/180] trial 3: 128_1024_global_linear_64_max-l1
[89/180] trial 3: 128_1024_global_linear_256_default
[90/180] trial 3: 128_1024_texture-packed_linear_64_default
[91/180] trial 3: 128_1024_texture_linear_128_default
[92/180] trial 3: 128_1024_global_linear_128_max-l1
[93/180] trial 3: 128_1024_global_morton8_256_default
[94/180] trial 3: 128_1024_texture_linear_128_max-l1
[95/180] trial 3: 128_1024_texture-packed_morton8_256_max-l1
[96/180] trial 3: 128_1024_texture-packed_morton8_64_max-l1
[97/180] trial 3: 128_1024_texture-packed_morton8_64_default
[98/180] trial 3: 128_1024_texture-packed_linear_128_default
[99/180] trial 3: 128_1024_global_morton8_128_default
[100/180] trial 3: 128_1024_texture_linear_64_default
[101/180] trial 3: 128_1024_texture-packed_linear_256_max-l1
[102/180] trial 3: 128_1024_global_morton8_64_default
[103/180] trial 3: 128_1024_texture-packed_morton8_128_default
[104/180] trial 3: 128_1024_texture_morton8_64_default
[105/180] trial 3: 128_1024_texture-packed_linear_64_max-l1
[106/180] trial 3: 128_1024_texture_linear_64_max-l1
[107/180] trial 3: 128_1024_texture_linear_256_default
[108/180] trial 3: 128_1024_global_morton8_128_max-l1
[109/180] trial 4: 128_1024_texture_linear_128_default
[110/180] trial 4: 128_1024_global_morton8_64_default
[111/180] trial 4: 128_1024_texture-packed_morton8_256_default
[112/180] trial 4: 128_1024_global_morton8_256_default
[113/180] trial 4: 128_1024_global_linear_256_max-l1
[114/180] trial 4: 128_1024_global_morton8_256_max-l1
[115/180] trial 4: 128_1024_texture_linear_256_max-l1
[116/180] trial 4: 128_1024_texture-packed_morton8_128_max-l1
[117/180] trial 4: 128_1024_texture-packed_morton8_256_max-l1
[118/180] trial 4: 128_1024_texture-packed_morton8_128_default
[119/180] trial 4: 128_1024_global_linear_128_default
[120/180] trial 4: 128_1024_global_linear_64_default
[121/180] trial 4: 128_1024_texture_morton8_256_default
[122/180] trial 4: 128_1024_texture-packed_linear_64_max-l1
[123/180] trial 4: 128_1024_texture_morton8_128_default
[124/180] trial 4: 128_1024_global_morton8_128_default
[125/180] trial 4: 128_1024_texture_morton8_128_max-l1
[126/180] trial 4: 128_1024_global_morton8_64_max-l1
[127/180] trial 4: 128_1024_global_linear_128_max-l1
[128/180] trial 4: 128_1024_texture_linear_256_default
[129/180] trial 4: 128_1024_texture-packed_linear_256_default
[130/180] trial 4: 128_1024_global_linear_256_default
[131/180] trial 4: 128_1024_texture-packed_linear_256_max-l1
[132/180] trial 4: 128_1024_texture_morton8_64_default
[133/180] trial 4: 128_1024_texture-packed_linear_64_default
[134/180] trial 4: 128_1024_texture-packed_morton8_64_default
[135/180] trial 4: 128_1024_global_linear_64_max-l1
[136/180] trial 4: 128_1024_texture-packed_linear_128_default
[137/180] trial 4: 128_1024_texture_linear_64_max-l1
[138/180] trial 4: 128_1024_texture-packed_morton8_64_max-l1
[139/180] trial 4: 128_1024_texture_linear_128_max-l1
[140/180] trial 4: 128_1024_texture_linear_64_default
[141/180] trial 4: 128_1024_texture_morton8_256_max-l1
[142/180] trial 4: 128_1024_texture-packed_linear_128_max-l1
[143/180] trial 4: 128_1024_global_morton8_128_max-l1
[144/180] trial 4: 128_1024_texture_morton8_64_max-l1
[145/180] trial 5: 128_1024_texture-packed_linear_256_default
[146/180] trial 5: 128_1024_texture-packed_linear_128_max-l1
[147/180] trial 5: 128_1024_texture_morton8_64_max-l1
[148/180] trial 5: 128_1024_texture_linear_128_max-l1
[149/180] trial 5: 128_1024_global_linear_64_default
[150/180] trial 5: 128_1024_global_linear_128_default
[151/180] trial 5: 128_1024_texture-packed_morton8_256_default
[152/180] trial 5: 128_1024_texture-packed_morton8_128_max-l1
[153/180] trial 5: 128_1024_global_morton8_64_default
[154/180] trial 5: 128_1024_texture_morton8_128_max-l1
[155/180] trial 5: 128_1024_texture-packed_linear_128_default
[156/180] trial 5: 128_1024_global_morton8_128_max-l1
[157/180] trial 5: 128_1024_texture_morton8_64_default
[158/180] trial 5: 128_1024_texture_linear_64_max-l1
[159/180] trial 5: 128_1024_texture_linear_128_default
[160/180] trial 5: 128_1024_texture-packed_linear_64_max-l1
[161/180] trial 5: 128_1024_global_linear_64_max-l1
[162/180] trial 5: 128_1024_texture-packed_morton8_64_max-l1
[163/180] trial 5: 128_1024_global_morton8_128_default
[164/180] trial 5: 128_1024_global_morton8_64_max-l1
[165/180] trial 5: 128_1024_texture_linear_256_default
[166/180] trial 5: 128_1024_texture-packed_morton8_256_max-l1
[167/180] trial 5: 128_1024_texture-packed_linear_64_default
[168/180] trial 5: 128_1024_texture-packed_linear_256_max-l1
[169/180] trial 5: 128_1024_texture-packed_morton8_128_default
[170/180] trial 5: 128_1024_texture_morton8_256_max-l1
[171/180] trial 5: 128_1024_global_morton8_256_max-l1
[172/180] trial 5: 128_1024_texture_linear_64_default
[173/180] trial 5: 128_1024_texture_linear_256_max-l1
[174/180] trial 5: 128_1024_texture_morton8_128_default
[175/180] trial 5: 128_1024_texture-packed_morton8_64_default
[176/180] trial 5: 128_1024_global_linear_128_max-l1
[177/180] trial 5: 128_1024_global_linear_256_default
[178/180] trial 5: 128_1024_global_linear_256_max-l1
[179/180] trial 5: 128_1024_global_morton8_256_default
[180/180] trial 5: 128_1024_texture_morton8_256_default
PASS: 36 independently verified configurations, 180 measured processes. Evidence: C:\Users\Tom\.cache\ak1\cache_benchmark
