timing_512_16384_linear
cold_512_16384_linear_0
cold_512_16384_linear_1
timing_512_16384_morton8
cold_512_16384_morton8_0
cold_512_16384_morton8_1
timing_576_16384_linear
cold_576_16384_linear_0
cold_576_16384_linear_1
timing_576_16384_morton8
cold_576_16384_morton8_0
cold_576_16384_morton8_1
timing_608_16384_linear
cold_608_16384_linear_0
cold_608_16384_linear_1
timing_608_16384_morton8
cold_608_16384_morton8_0
cold_608_16384_morton8_1
timing_624_16384_linear
cold_624_16384_linear_0
cold_624_16384_linear_1
timing_624_16384_morton8
cold_624_16384_morton8_0
cold_624_16384_morton8_1
timing_640_16384_linear
cold_640_16384_linear_0
cold_640_16384_linear_1
timing_640_16384_morton8
cold_640_16384_morton8_0
cold_640_16384_morton8_1
timing_672_16384_linear
cold_672_16384_linear_0
cold_672_16384_linear_1
timing_672_16384_morton8
cold_672_16384_morton8_0
cold_672_16384_morton8_1
{"status": "passed", "runs": 36, "study": "C:\\Users\\Tom\\.cache\\ak1\\sdf_capacity_tma\\study.json"}
