run_000_1_1_linear_direct_provided_0
run_001_1_1_linear_direct_provided_1
run_002_1_1_linear_direct_recurrent_0
run_003_1_1_linear_direct_recurrent_1
run_004_1_1_linear_direct_shift-xor_0
run_005_1_1_linear_direct_shift-xor_1
run_006_1_1_linear_direct_shift-or_0
run_007_1_1_linear_direct_shift-or_1
run_008_1_1_linear_klein-plus_provided_0
run_009_1_1_linear_klein-plus_provided_1
run_010_1_1_linear_klein-plus_recurrent_0
run_011_1_1_linear_klein-plus_recurrent_1
run_012_1_1_linear_klein-plus_shift-xor_0
run_013_1_1_linear_klein-plus_shift-xor_1
run_014_1_1_linear_klein-plus_shift-or_0
run_015_1_1_linear_klein-plus_shift-or_1
run_016_1_1_linear_klein-minus_provided_0
run_017_1_1_linear_klein-minus_provided_1
run_018_1_1_linear_klein-minus_recurrent_0
run_019_1_1_linear_klein-minus_recurrent_1
run_020_1_1_linear_klein-minus_shift-xor_0
run_021_1_1_linear_klein-minus_shift-xor_1
run_022_1_1_linear_klein-minus_shift-or_0
run_023_1_1_linear_klein-minus_shift-or_1
run_024_1_1_morton8_direct_provided_0
run_025_1_1_morton8_direct_provided_1
run_026_1_1_morton8_direct_recurrent_0
run_027_1_1_morton8_direct_recurrent_1
run_028_1_1_morton8_direct_shift-xor_0
run_029_1_1_morton8_direct_shift-xor_1
run_030_1_1_morton8_direct_shift-or_0
run_031_1_1_morton8_direct_shift-or_1
run_032_1_1_morton8_klein-plus_provided_0
run_033_1_1_morton8_klein-plus_provided_1
run_034_1_1_morton8_klein-plus_recurrent_0
run_035_1_1_morton8_klein-plus_recurrent_1
run_036_1_1_morton8_klein-plus_shift-xor_0
run_037_1_1_morton8_klein-plus_shift-xor_1
run_038_1_1_morton8_klein-plus_shift-or_0
run_039_1_1_morton8_klein-plus_shift-or_1
run_040_1_1_morton8_klein-minus_provided_0
run_041_1_1_morton8_klein-minus_provided_1
run_042_1_1_morton8_klein-minus_recurrent_0
run_043_1_1_morton8_klein-minus_recurrent_1
run_044_1_1_morton8_klein-minus_shift-xor_0
run_045_1_1_morton8_klein-minus_shift-xor_1
run_046_1_1_morton8_klein-minus_shift-or_0
run_047_1_1_morton8_klein-minus_shift-or_1
run_048_3_65_linear_direct_provided_0
run_049_3_65_linear_direct_provided_1
run_050_3_65_linear_direct_recurrent_0
run_051_3_65_linear_direct_recurrent_1
run_052_3_65_linear_direct_shift-xor_0
run_053_3_65_linear_direct_shift-xor_1
run_054_3_65_linear_direct_shift-or_0
run_055_3_65_linear_direct_shift-or_1
run_056_3_65_linear_klein-plus_provided_0
run_057_3_65_linear_klein-plus_provided_1
run_058_3_65_linear_klein-plus_recurrent_0
run_059_3_65_linear_klein-plus_recurrent_1
run_060_3_65_linear_klein-plus_shift-xor_0
run_061_3_65_linear_klein-plus_shift-xor_1
run_062_3_65_linear_klein-plus_shift-or_0
run_063_3_65_linear_klein-plus_shift-or_1
run_064_3_65_linear_klein-minus_provided_0
run_065_3_65_linear_klein-minus_provided_1
run_066_3_65_linear_klein-minus_recurrent_0
run_067_3_65_linear_klein-minus_recurrent_1
run_068_3_65_linear_klein-minus_shift-xor_0
run_069_3_65_linear_klein-minus_shift-xor_1
run_070_3_65_linear_klein-minus_shift-or_0
run_071_3_65_linear_klein-minus_shift-or_1
run_072_3_65_morton8_direct_provided_0
run_073_3_65_morton8_direct_provided_1
run_074_3_65_morton8_direct_recurrent_0
run_075_3_65_morton8_direct_recurrent_1
run_076_3_65_morton8_direct_shift-xor_0
run_077_3_65_morton8_direct_shift-xor_1
run_078_3_65_morton8_direct_shift-or_0
run_079_3_65_morton8_direct_shift-or_1
run_080_3_65_morton8_klein-plus_provided_0
run_081_3_65_morton8_klein-plus_provided_1
run_082_3_65_morton8_klein-plus_recurrent_0
run_083_3_65_morton8_klein-plus_recurrent_1
run_084_3_65_morton8_klein-plus_shift-xor_0
run_085_3_65_morton8_klein-plus_shift-xor_1
run_086_3_65_morton8_klein-plus_shift-or_0
run_087_3_65_morton8_klein-plus_shift-or_1
run_088_3_65_morton8_klein-minus_provided_0
run_089_3_65_morton8_klein-minus_provided_1
run_090_3_65_morton8_klein-minus_recurrent_0
run_091_3_65_morton8_klein-minus_recurrent_1
run_092_3_65_morton8_klein-minus_shift-xor_0
run_093_3_65_morton8_klein-minus_shift-xor_1
run_094_3_65_morton8_klein-minus_shift-or_0
run_095_3_65_morton8_klein-minus_shift-or_1
run_096_17_257_linear_direct_provided_0
run_097_17_257_linear_direct_provided_1
run_098_17_257_linear_direct_recurrent_0
run_099_17_257_linear_direct_recurrent_1
run_100_17_257_linear_direct_shift-xor_0
run_101_17_257_linear_direct_shift-xor_1
run_102_17_257_linear_direct_shift-or_0
run_103_17_257_linear_direct_shift-or_1
run_104_17_257_linear_klein-plus_provided_0
run_105_17_257_linear_klein-plus_provided_1
run_106_17_257_linear_klein-plus_recurrent_0
run_107_17_257_linear_klein-plus_recurrent_1
run_108_17_257_linear_klein-plus_shift-xor_0
run_109_17_257_linear_klein-plus_shift-xor_1
run_110_17_257_linear_klein-plus_shift-or_0
run_111_17_257_linear_klein-plus_shift-or_1
run_112_17_257_linear_klein-minus_provided_0
run_113_17_257_linear_klein-minus_provided_1
run_114_17_257_linear_klein-minus_recurrent_0
run_115_17_257_linear_klein-minus_recurrent_1
run_116_17_257_linear_klein-minus_shift-xor_0
run_117_17_257_linear_klein-minus_shift-xor_1
run_118_17_257_linear_klein-minus_shift-or_0
run_119_17_257_linear_klein-minus_shift-or_1
run_120_17_257_morton8_direct_provided_0
run_121_17_257_morton8_direct_provided_1
run_122_17_257_morton8_direct_recurrent_0
run_123_17_257_morton8_direct_recurrent_1
run_124_17_257_morton8_direct_shift-xor_0
run_125_17_257_morton8_direct_shift-xor_1
run_126_17_257_morton8_direct_shift-or_0
run_127_17_257_morton8_direct_shift-or_1
run_128_17_257_morton8_klein-plus_provided_0
run_129_17_257_morton8_klein-plus_provided_1
run_130_17_257_morton8_klein-plus_recurrent_0
run_131_17_257_morton8_klein-plus_recurrent_1
run_132_17_257_morton8_klein-plus_shift-xor_0
run_133_17_257_morton8_klein-plus_shift-xor_1
run_134_17_257_morton8_klein-plus_shift-or_0
run_135_17_257_morton8_klein-plus_shift-or_1
run_136_17_257_morton8_klein-minus_provided_0
run_137_17_257_morton8_klein-minus_provided_1
run_138_17_257_morton8_klein-minus_recurrent_0
run_139_17_257_morton8_klein-minus_recurrent_1
run_140_17_257_morton8_klein-minus_shift-xor_0
run_141_17_257_morton8_klein-minus_shift-xor_1
run_142_17_257_morton8_klein-minus_shift-or_0
run_143_17_257_morton8_klein-minus_shift-or_1
run_144_3_65_morton8_klein-plus_recurrent_1
run_145_3_65_morton8_klein-minus_recurrent_1
memcheck_linear_klein-plus
memcheck_linear_klein-minus
memcheck_morton8_klein-plus
memcheck_morton8_klein-minus
racecheck_linear_klein-plus
racecheck_linear_klein-minus
racecheck_morton8_klein-plus
racecheck_morton8_klein-minus
synccheck_linear_klein-plus
synccheck_linear_klein-minus
synccheck_morton8_klein-plus
synccheck_morton8_klein-minus
{"status": "passed", "runs": 158, "study": "C:\\Users\\Tom\\.cache\\ak1\\sdf_conformance\\study.json"}
