\BOOKMARK [1][-]{Doc-Start}{\376\377\000R\000e\000l\000e\000a\000s\000e\000\040\000a\000n\000d\000\040\000i\000m\000p\000l\000e\000m\000e\000n\000t\000a\000t\000i\000o\000n\000\040\000r\000e\000c\000o\000r\000d}{}% 1
\BOOKMARK [1][-]{Doc-Start}{\376\377\000T\000h\000e\000\040\000c\000o\000m\000p\000l\000e\000t\000e\000\040\000s\000p\000e\000c\000i\000a\000l\000i\000z\000e\000d\000\040\000d\000a\000t\000a\000\040\000f\000l\000o\000w}{}% 2
\BOOKMARK [1][-]{section.1}{\376\377\000T\000h\000e\000\040\000i\000m\000p\000o\000r\000t\000e\000d\000\040\000U\000G\000T\000S\000\040\000a\000n\000d\000\040\000a\000T\000O\000M\000o\000s\000\040\000c\000o\000n\000t\000r\000a\000c\000t\000s}{}% 3
\BOOKMARK [1][-]{section.2}{\376\377\000R\000e\000c\000e\000i\000v\000e\000r\000\040\000s\000t\000a\000t\000e\000\040\000a\000n\000d\000\040\000s\000o\000u\000r\000c\000e\000-\000s\000y\000m\000b\000o\000l\000\040\000s\000e\000p\000a\000r\000a\000t\000i\000o\000n}{}% 4
\BOOKMARK [1][-]{section.3}{\376\377\000T\000h\000e\000\040\000c\000o\000r\000r\000e\000c\000t\000e\000d\000-\000c\000o\000d\000e\000\040\000o\000b\000s\000e\000r\000v\000a\000t\000i\000o\000n\000\040\000m\000o\000d\000e\000l}{}% 5
\BOOKMARK [1][-]{section.4}{\376\377\000I\000n\000p\000u\000t\000\040\000e\000p\000o\000c\000h\000s\000,\000\040\000c\000h\000a\000n\000n\000e\000l\000s\000\040\000a\000n\000d\000\040\000a\000T\000O\000M\000o\000s\000\040\000s\000e\000l\000e\000c\000t\000i\000o\000n}{}% 6
\BOOKMARK [1][-]{section.5}{\376\377\000T\000h\000e\000\040\000w\000e\000i\000g\000h\000t\000e\000d\000\040\000p\000o\000s\000i\000t\000i\000o\000n\000i\000n\000g\000\040\000s\000t\000e\000p}{}% 7
\BOOKMARK [1][-]{section.6}{\376\377\000S\000t\000r\000e\000a\000m\000i\000n\000g\000\040\000Q\000R\000,\000\040\000r\000a\000n\000k\000\040\000a\000n\000d\000\040\000f\000o\000r\000m\000a\000l\000\040\000c\000o\000v\000a\000r\000i\000a\000n\000c\000e}{}% 8
\BOOKMARK [1][-]{section.7}{\376\377\000S\000o\000l\000v\000e\000r\000\040\000s\000t\000a\000t\000u\000s\000\040\000a\000n\000d\000\040\000r\000e\000s\000i\000d\000u\000a\000l\000\040\000d\000i\000a\000g\000n\000o\000s\000t\000i\000c\000s}{}% 9
\BOOKMARK [1][-]{section.8}{\376\377\000L\000o\000c\000a\000l\000\040\000E\000N\000U\000\040\000a\000n\000d\000\040\000t\000h\000e\000\040\000U\000G\000T\000S\000\040\000l\000o\000g\000\040\000c\000h\000a\000r\000t}{}% 10
\BOOKMARK [1][-]{section.9}{\376\377\000O\000T\000A\000N\0002\000\040\000i\000n\000\040\000s\000a\000t\000n\000a\000v\000:\000\040\000p\000r\000e\000s\000e\000r\000v\000e\000\040\000t\000h\000e\000\040\000o\000b\000s\000e\000r\000v\000a\000b\000l\000e}{}% 11
\BOOKMARK [1][-]{section.10}{\376\377\000P\000a\000i\000r\000e\000d\000\040\000s\000u\000p\000p\000o\000r\000t\000s\000\040\000a\000n\000d\000\040\000t\000h\000e\000\040\000c\000a\000n\000o\000n\000i\000c\000a\000l\000\040\000U\000G\000T\000S\000\040\000e\000v\000e\000n\000t}{}% 12
\BOOKMARK [1][-]{section.11}{\376\377\000F\000i\000n\000i\000t\000e\000\040\000c\000o\000n\000e\000s\000\040\000a\000n\000d\000\040\000t\000r\000a\000n\000s\000l\000a\000t\000i\000o\000n\000a\000l\000\040\000s\000w\000e\000e\000p\000s\000\040\000r\000e\000t\000a\000i\000n\000e\000d}{}% 13
\BOOKMARK [1][-]{section.12}{\376\377\000J\000i\000t\000t\000e\000r\000\040\000i\000n\000t\000e\000r\000v\000a\000l\000s\000\040\000a\000n\000d\000\040\000t\000h\000e\000\040\000e\000x\000p\000l\000i\000c\000i\000t\000\040\000s\000o\000u\000r\000c\000e\000\040\000c\000o\000r\000r\000e\000c\000t\000i\000o\000n}{}% 14
\BOOKMARK [1][-]{section.13}{\376\377\000T\000w\000o\000\040\000e\000x\000a\000c\000t\000\040\0006\0004\000-\000b\000i\000t\000\040\000k\000e\000y\000\040\000l\000a\000y\000o\000u\000t\000s}{}% 15
\BOOKMARK [1][-]{section.14}{\376\377\000Q\000u\000a\000n\000t\000i\000z\000a\000t\000i\000o\000n\000,\000\040\000e\000r\000r\000o\000r\000\040\000a\000n\000d\000\040\000e\000x\000p\000l\000i\000c\000i\000t\000\040\000o\000r\000i\000g\000i\000n\000\040\000h\000a\000n\000d\000l\000i\000n\000g}{}% 16
\BOOKMARK [1][-]{section.15}{\376\377\000L\000i\000n\000e\000a\000r\000\040\000t\000i\000m\000e\000,\000\040\000w\000i\000n\000d\000i\000n\000g\000\040\000a\000n\000d\000\040\000s\000e\000p\000a\000r\000a\000t\000e\000\040\000t\000o\000p\000o\000l\000o\000g\000y\000\040\000p\000r\000o\000f\000i\000l\000e\000s}{}% 17
\BOOKMARK [1][-]{section.16}{\376\377\000G\000P\000U\000\040\000k\000e\000r\000n\000e\000l\000:\000\040\000o\000n\000e\000\040\000i\000n\000d\000e\000p\000e\000n\000d\000e\000n\000t\000\040\000s\000o\000l\000v\000e\000\040\000p\000e\000r\000\040\000t\000h\000r\000e\000a\000d}{}% 18
\BOOKMARK [1][-]{section.17}{\376\377\000T\000e\000x\000t\000u\000r\000e\000\040\000a\000n\000d\000\040\000g\000l\000o\000b\000a\000l\000\040\000i\000n\000p\000u\000t\000\040\000p\000a\000t\000h\000s}{}% 19
\BOOKMARK [1][-]{section.18}{\376\377\000T\000h\000e\000\040\000R\000T\000X\000\040\0005\0000\0007\0000\000\040\000T\000i\000\040\000L\000a\000p\000t\000o\000p\000\040\000t\000a\000r\000g\000e\000t\000\040\000a\000n\000d\000\040\000V\000R\000A\000M\000\040\000p\000l\000a\000n}{}% 20
\BOOKMARK [1][-]{section.19}{\376\377\000A\000c\000t\000u\000a\000l\000\040\000i\000n\000p\000u\000t\000\040\000a\000n\000d\000\040\000r\000e\000s\000u\000l\000t\000\040\000f\000i\000l\000e\000s}{}% 21
\BOOKMARK [1][-]{section.20}{\376\377\000O\000r\000d\000e\000r\000e\000d\000\040\000e\000v\000e\000n\000t\000\040\000r\000e\000c\000o\000r\000d\000s\000\040\000a\000n\000d\000\040\000s\000o\000u\000r\000c\000e\000\040\000l\000i\000n\000e\000a\000g\000e}{}% 22
\BOOKMARK [1][-]{section.21}{\376\377\000T\000h\000e\000\040\000d\000e\000t\000e\000r\000m\000i\000n\000i\000s\000t\000i\000c\000\040\000w\000o\000r\000k\000e\000d\000\040\000s\000a\000t\000n\000a\000v\000\040\000b\000a\000t\000c\000h}{}% 23
\BOOKMARK [1][-]{section.22}{\376\377\000I\000n\000d\000e\000p\000e\000n\000d\000e\000n\000t\000\040\000r\000e\000s\000u\000l\000t\000s\000\040\000a\000n\000d\000\040\000e\000r\000r\000o\000r\000\040\000m\000e\000a\000s\000u\000r\000e\000s}{}% 24
\BOOKMARK [1][-]{section.23}{\376\377\000V\000e\000r\000i\000f\000i\000c\000a\000t\000i\000o\000n\000\040\000c\000o\000m\000p\000l\000e\000t\000e\000d\000\040\000a\000n\000d\000\040\000p\000e\000n\000d\000i\000n\000g}{}% 25
\BOOKMARK [1][-]{section.24}{\376\377\000B\000u\000i\000l\000d\000,\000\040\000r\000u\000n\000\040\000a\000n\000d\000\040\000v\000e\000r\000i\000f\000y\000\040\000o\000n\000\040\000t\000h\000e\000\040\000r\000e\000q\000u\000e\000s\000t\000e\000d\000\040\000l\000a\000p\000t\000o\000p}{}% 26
\BOOKMARK [1][-]{section.25}{\376\377\000I\000n\000t\000e\000g\000r\000a\000t\000i\000o\000n\000\040\000d\000e\000c\000i\000s\000i\000o\000n\000s\000\040\000a\000n\000d\000\040\000s\000o\000u\000r\000c\000e\000\040\000i\000s\000s\000u\000e\000\040\000r\000e\000g\000i\000s\000t\000e\000r}{}% 27
\BOOKMARK [1][-]{section.26}{\376\377\000S\000o\000u\000r\000c\000e\000\040\000a\000n\000d\000\040\000a\000r\000t\000i\000f\000a\000c\000t\000\040\000i\000n\000v\000e\000n\000t\000o\000r\000y}{}% 28
\BOOKMARK [1][-]{lstnumber.-10.1}{\376\377\000P\000r\000i\000m\000a\000r\000y\000\040\000i\000m\000p\000l\000e\000m\000e\000n\000t\000a\000t\000i\000o\000n\000\040\000r\000e\000f\000e\000r\000e\000n\000c\000e\000s}{}% 29
