note: Running TeX ...
Fontconfig error: Cannot load default config file: No such file: (null)
note: downloading fontaxes.sty
note: downloading t1zpltlf.fd
note: downloading zpl-Regular-tlf-t1.tfm
note: downloading t1phv.fd
note: downloading phvr8t.tfm
note: downloading phvb8t.tfm
note: downloading ts1zpltlf.fd
note: downloading zplTLF-Regular-ts1.tfm
note: downloading ot1zpltlf.fd
note: downloading zpl-Regular-tlf-ot1.tfm
note: downloading zpl-Bold-tlf-t1.tfm
note: downloading t1npxtt.fd
note: downloading t1xtt.tfm
note: downloading zpl-Italic-tlf-t1.tfm
note: downloading zpl-Bold-tlf-ot1.tfm
note: downloading t1xbtt.tfm
note: Rerunning TeX because "satnav.aux" changed ...
note: Rerunning TeX because "satnav.aux" changed ...
note: Running xdvipdfmx ...
note: downloading phvr8t.vf
note: downloading phvr8r.tfm
note: downloading 8r.enc
note: downloading uhvr8a.pfb
note: downloading phvb8t.vf
note: downloading phvb8r.tfm
note: downloading uhvb8a.pfb
note: downloading ntx-ec-tlf.enc
note: downloading zplr.pfb
note: downloading zpl_TOsF.enc
note: downloading zplb.pfb
note: downloading t1xtt.pfb
note: downloading zplri.pfb
note: downloading ntx-ot1-tlf.enc
note: downloading t1xbtt.pfb
note: Writing `C:\OMT AC031 Womack remarkable carmack oculus master quest half-life 3 gabecube\aTOMos_v3_6_1_5_SATNAV_UGTS_Tom_Klootwijk\tmp\pdfs\toolchain_check_type1\satnav.toc` (5.408203125 KiB)
note: Writing `C:\OMT AC031 Womack remarkable carmack oculus master quest half-life 3 gabecube\aTOMos_v3_6_1_5_SATNAV_UGTS_Tom_Klootwijk\tmp\pdfs\toolchain_check_type1\satnav.out` (7.1357421875 KiB)
note: Writing `C:\OMT AC031 Womack remarkable carmack oculus master quest half-life 3 gabecube\aTOMos_v3_6_1_5_SATNAV_UGTS_Tom_Klootwijk\tmp\pdfs\toolchain_check_type1\satnav.log` (43.6220703125 KiB)
note: Writing `C:\OMT AC031 Womack remarkable carmack oculus master quest half-life 3 gabecube\aTOMos_v3_6_1_5_SATNAV_UGTS_Tom_Klootwijk\tmp\pdfs\toolchain_check_type1\satnav.pdf` (159.9921875 KiB)
note: Writing `C:\OMT AC031 Womack remarkable carmack oculus master quest half-life 3 gabecube\aTOMos_v3_6_1_5_SATNAV_UGTS_Tom_Klootwijk\tmp\pdfs\toolchain_check_type1\satnav.aux` (8.4326171875 KiB)
