{
  "status": "passed",
  "epochs": 256,
  "counted_comparisons": 4828,
  "statuses": {
    "CONVERGED": 253,
    "TOO_FEW": 1,
    "MASK_ABSORBED": 1,
    "RANK_DEFICIENT": 1
  },
  "fit_counts": {
    "WITHIN_RESIDUAL_BUDGET": 251,
    "RESIDUAL_ALERT": 1,
    "NO_REDUNDANCY": 1
  },
  "max_absolute_state_difference_m": 8.818460628390312e-09,
  "max_covariance_diagonal_difference_m2": 7.105427357601002e-15,
  "synthetic_truth_metrics": {
    "noiseless": {
      "epochs": 128,
      "position_rmse_m": 3.9130144695129835e-09,
      "max_position_error_m": 7.844224717608579e-09
    },
    "noisy": {
      "epochs": 122,
      "position_rmse_m": 1.6017023657628797,
      "max_position_error_m": 3.388232687832227
    },
    "outlier": {
      "epochs": 1,
      "position_rmse_m": 147.0987237002033,
      "max_position_error_m": 147.0987237002033
    },
    "four_only": {
      "epochs": 1,
      "position_rmse_m": 5.6557362226425834e-09,
      "max_position_error_m": 5.6557362226425834e-09
    },
    "channels32": {
      "epochs": 1,
      "position_rmse_m": 4.6219228606450644e-09,
      "max_position_error_m": 4.6219228606450644e-09
    }
  },
  "scope": "Independent finite corrected-code mathematical reference. No real receiver data or integrity certification."
}
