-- Selecting Windows SDK version 10.0.26100.0 to target Windows 10.0.26200.
-- The CXX compiler identification is MSVC 19.44.35221.0
-- Detecting CXX compiler ABI info
-- Detecting CXX compiler ABI info - failed
-- Check for working CXX compiler: C:/Program Files (x86)/Microsoft Visual Studio/2022/BuildTools/VC/Tools/MSVC/14.44.35207/bin/Hostx64/x64/cl.exe
-- Check for working CXX compiler: C:/Program Files (x86)/Microsoft Visual Studio/2022/BuildTools/VC/Tools/MSVC/14.44.35207/bin/Hostx64/x64/cl.exe - broken
CMake Error at C:/Users/Tom/miniconda3/Lib/site-packages/cmake/data/share/cmake-4.3/Modules/CMakeTestCXXCompiler.cmake:73 (message):
  The C++ compiler

    "C:/Program Files (x86)/Microsoft Visual Studio/2022/BuildTools/VC/Tools/MSVC/14.44.35207/bin/Hostx64/x64/cl.exe"

  is not able to compile a simple test program.

  It fails with the following output:

    Change Dir: 'C:/OMT AC031 Womack remarkable carmack oculus master quest half-life 3 gabecube/atomOS_v3_6_RTX5070Ti_Laptop_Kernel_Tom_Klootwijk/atomOS_v3_6_CUDA_Verification/build_cpu/CMakeFiles/CMakeScratch/TryCompile-mxj7xz'
    
    Run Build Command(s): "C:/Program Files (x86)/Microsoft Visual Studio/2022/BuildTools/MSBuild/Current/Bin/amd64/MSBuild.exe" cmTC_cafac.vcxproj /p:Configuration=Debug /p:Platform=x64 /p:VisualStudioVersion=17.0 /v:n
    MSBuild version 17.14.23+b0019275e for .NET Framework
    Build started 13/09/2026 19:56:35.
    
    Project "C:\OMT AC031 Womack remarkable carmack oculus master quest half-life 3 gabecube\atomOS_v3_6_RTX5070Ti_Laptop_Kernel_Tom_Klootwijk\atomOS_v3_6_CUDA_Verification\build_cpu\CMakeFiles\CMakeScratch\TryCompile-mxj7xz\cmTC_cafac.vcxproj" on node 1 (default targets).
    PrepareForBuild:
      Structured output is enabled. The formatting of compiler diagnostics will reflect the error hierarchy. See https://aka.ms/cpp/structured-output for more details.
      Creating directory "C:\OMT AC031 Womack remarkable carmack oculus master quest half-life 3 gabecube\atomOS_v3_6_RTX5070Ti_Laptop_Kernel_Tom_Klootwijk\atomOS_v3_6_CUDA_Verification\build_cpu\CMakeFiles\CMakeScratch\TryCompile-mxj7xz\Debug\".
      Creating directory "cmTC_cafac.dir\Debug\cmTC_cafac.tlog\".
    InitializeBuildStatus:
      Creating "cmTC_cafac.dir\Debug\cmTC_cafac.tlog\unsuccessfulbuild" because "AlwaysCreate" was specified.
      Touching "cmTC_cafac.dir\Debug\cmTC_cafac.tlog\unsuccessfulbuild".
    ClCompile:
      C:\Program Files (x86)\Microsoft Visual Studio\2022\BuildTools\VC\Tools\MSVC\14.44.35207\bin\HostX64\x64\CL.exe /c /Zi /W1 /WX- /diagnostics:column /Od /Ob0 /D _MBCS /D WIN32 /D _WINDOWS /D _MBCS /D "CMAKE_INTDIR=\"Debug\"" /EHsc /RTC1 /MDd /Fo"cmTC_cafac.dir\Debug\\" /Fd"cmTC_cafac.dir\Debug\vc143.pdb" /external:W1 /TP /errorReport:queue "C:\OMT AC031 Womack remarkable carmack oculus master quest half-life 3 gabecube\atomOS_v3_6_RTX5070Ti_Laptop_Kernel_Tom_Klootwijk\atomOS_v3_6_CUDA_Verification\build_cpu\CMakeFiles\CMakeScratch\TryCompile-mxj7xz\testCXXCompiler.cxx"
      Microsoft (R) C/C++ Optimizing Compiler Version 19.44.35221 for x64
      Copyright (C) Microsoft Corporation.  All rights reserved.
      cl /c /Zi /W1 /WX- /diagnostics:column /Od /Ob0 /D _MBCS /D WIN32 /D _WINDOWS /D _MBCS /D "CMAKE_INTDIR=\"Debug\"" /EHsc /RTC1 /MDd /Fo"cmTC_cafac.dir\Debug\\" /Fd"cmTC_cafac.dir\Debug\vc143.pdb" /external:W1 /TP /errorReport:queue "C:\OMT AC031 Womack remarkable carmack oculus master quest half-life 3 gabecube\atomOS_v3_6_RTX5070Ti_Laptop_Kernel_Tom_Klootwijk\atomOS_v3_6_CUDA_Verification\build_cpu\CMakeFiles\CMakeScratch\TryCompile-mxj7xz\testCXXCompiler.cxx"
      testCXXCompiler.cxx
    Link:
      C:\Program Files (x86)\Microsoft Visual Studio\2022\BuildTools\VC\Tools\MSVC\14.44.35207\bin\HostX64\x64\link.exe /OUT:"C:\OMT AC031 Womack remarkable carmack oculus master quest half-life 3 gabecube\atomOS_v3_6_RTX5070Ti_Laptop_Kernel_Tom_Klootwijk\atomOS_v3_6_CUDA_Verification\build_cpu\CMakeFiles\CMakeScratch\TryCompile-mxj7xz\Debug\cmTC_cafac.exe" /INCREMENTAL /ILK:"cmTC_cafac.dir\Debug\cmTC_cafac.ilk" /NOLOGO kernel32.lib user32.lib gdi32.lib winspool.lib shell32.lib ole32.lib oleaut32.lib uuid.lib comdlg32.lib advapi32.lib /MANIFEST /MANIFESTUAC:"level='asInvoker' uiAccess='false'" /manifest:embed /DEBUG /PDB:"C:/OMT AC031 Womack remarkable carmack oculus master quest half-life 3 gabecube/atomOS_v3_6_RTX5070Ti_Laptop_Kernel_Tom_Klootwijk/atomOS_v3_6_CUDA_Verification/build_cpu/CMakeFiles/CMakeScratch/TryCompile-mxj7xz/Debug/cmTC_cafac.pdb" /SUBSYSTEM:CONSOLE /TLBID:1 /IMPLIB:"C:/OMT AC031 Womack remarkable carmack oculus master quest half-life 3 gabecube/atomOS_v3_6_RTX5070Ti_Laptop_Kernel_Tom_Klootwijk/atomOS_v3_6_CUDA_Verification/build_cpu/CMakeFiles/CMakeScratch/TryCompile-mxj7xz/Debug/cmTC_cafac.lib" /MACHINE:X64  /machine:x64 cmTC_cafac.dir\Debug\testCXXCompiler.obj
    FileTracker : error FTK1011: could not create the new file tracking log file: C:\OMT AC031 Womack remarkable carmack oculus master quest half-life 3 gabecube\atomOS_v3_6_RTX5070Ti_Laptop_Kernel_Tom_Klootwijk\atomOS_v3_6_CUDA_Verification\build_cpu\CMakeFiles\CMakeScratch\TryCompile-mxj7xz\cmTC_cafac.dir\Debug\cmTC_cafac.tlog\link.read.2.tlog. The system cannot find the path specified. [C:\OMT AC031 Womack remarkable carmack oculus master quest half-life 3 gabecube\atomOS_v3_6_RTX5070Ti_Laptop_Kernel_Tom_Klootwijk\atomOS_v3_6_CUDA_Verification\build_cpu\CMakeFiles\CMakeScratch\TryCompile-mxj7xz\cmTC_cafac.vcxproj]
      
      
      
    FileTracker : error FTK1011: could not create the new file tracking log file: C:\OMT AC031 Womack remarkable carmack oculus master quest half-life 3 gabecube\atomOS_v3_6_RTX5070Ti_Laptop_Kernel_Tom_Klootwijk\atomOS_v3_6_CUDA_Verification\build_cpu\CMakeFiles\CMakeScratch\TryCompile-mxj7xz\cmTC_cafac.dir\Debug\cmTC_cafac.tlog\link.read.3.tlog. The system cannot find the path specified. [C:\OMT AC031 Womack remarkable carmack oculus master quest half-life 3 gabecube\atomOS_v3_6_RTX5070Ti_Laptop_Kernel_Tom_Klootwijk\atomOS_v3_6_CUDA_Verification\build_cpu\CMakeFiles\CMakeScratch\TryCompile-mxj7xz\cmTC_cafac.vcxproj]
      
      
      
    FileTracker : error FTK1011: could not create the new file tracking log file: C:\OMT AC031 Womack remarkable carmack oculus master quest half-life 3 gabecube\atomOS_v3_6_RTX5070Ti_Laptop_Kernel_Tom_Klootwijk\atomOS_v3_6_CUDA_Verification\build_cpu\CMakeFiles\CMakeScratch\TryCompile-mxj7xz\cmTC_cafac.dir\Debug\cmTC_cafac.tlog\link-rc.read.1.tlog. The system cannot find the path specified. [C:\OMT AC031 Womack remarkable carmack oculus master quest half-life 3 gabecube\atomOS_v3_6_RTX5070Ti_Laptop_Kernel_Tom_Klootwijk\atomOS_v3_6_CUDA_Verification\build_cpu\CMakeFiles\CMakeScratch\TryCompile-mxj7xz\cmTC_cafac.vcxproj]
      
      
      
    FileTracker : error FTK1011: could not create the new file tracking log file: C:\OMT AC031 Womack remarkable carmack oculus master quest half-life 3 gabecube\atomOS_v3_6_RTX5070Ti_Laptop_Kernel_Tom_Klootwijk\atomOS_v3_6_CUDA_Verification\build_cpu\CMakeFiles\CMakeScratch\TryCompile-mxj7xz\cmTC_cafac.dir\Debug\cmTC_cafac.tlog\link-rc.write.1.tlog. The system cannot find the path specified. [C:\OMT AC031 Womack remarkable carmack oculus master quest half-life 3 gabecube\atomOS_v3_6_RTX5070Ti_Laptop_Kernel_Tom_Klootwijk\atomOS_v3_6_CUDA_Verification\build_cpu\CMakeFiles\CMakeScratch\TryCompile-mxj7xz\cmTC_cafac.vcxproj]
      
      
      
    FileTracker : error FTK1011: could not create the new file tracking log file: C:\OMT AC031 Womack remarkable carmack oculus master quest half-life 3 gabecube\atomOS_v3_6_RTX5070Ti_Laptop_Kernel_Tom_Klootwijk\atomOS_v3_6_CUDA_Verification\build_cpu\CMakeFiles\CMakeScratch\TryCompile-mxj7xz\cmTC_cafac.dir\Debug\cmTC_cafac.tlog\link-cvtres.read.1.tlog. The system cannot find the path specified. [C:\OMT AC031 Womack remarkable carmack oculus master quest half-life 3 gabecube\atomOS_v3_6_RTX5070Ti_Laptop_Kernel_Tom_Klootwijk\atomOS_v3_6_CUDA_Verification\build_cpu\CMakeFiles\CMakeScratch\TryCompile-mxj7xz\cmTC_cafac.vcxproj]
      
      
      
    FileTracker : error FTK1011: could not create the new file tracking log file: C:\OMT AC031 Womack remarkable carmack oculus master quest half-life 3 gabecube\atomOS_v3_6_RTX5070Ti_Laptop_Kernel_Tom_Klootwijk\atomOS_v3_6_CUDA_Verification\build_cpu\CMakeFiles\CMakeScratch\TryCompile-mxj7xz\cmTC_cafac.dir\Debug\cmTC_cafac.tlog\link-cvtres.write.1.tlog. The system cannot find the path specified. [C:\OMT AC031 Womack remarkable carmack oculus master quest half-life 3 gabecube\atomOS_v3_6_RTX5070Ti_Laptop_Kernel_Tom_Klootwijk\atomOS_v3_6_CUDA_Verification\build_cpu\CMakeFiles\CMakeScratch\TryCompile-mxj7xz\cmTC_cafac.vcxproj]
      
      
      
    FileTracker : error FTK1011: could not create the new file tracking log file: C:\OMT AC031 Womack remarkable carmack oculus master quest half-life 3 gabecube\atomOS_v3_6_RTX5070Ti_Laptop_Kernel_Tom_Klootwijk\atomOS_v3_6_CUDA_Verification\build_cpu\CMakeFiles\CMakeScratch\TryCompile-mxj7xz\cmTC_cafac.dir\Debug\cmTC_cafac.tlog\link.read.4.tlog. The system cannot find the path specified. [C:\OMT AC031 Womack remarkable carmack oculus master quest half-life 3 gabecube\atomOS_v3_6_RTX5070Ti_Laptop_Kernel_Tom_Klootwijk\atomOS_v3_6_CUDA_Verification\build_cpu\CMakeFiles\CMakeScratch\TryCompile-mxj7xz\cmTC_cafac.vcxproj]
      
      
      
    FileTracker : error FTK1011: could not create the new file tracking log file: C:\OMT AC031 Womack remarkable carmack oculus master quest half-life 3 gabecube\atomOS_v3_6_RTX5070Ti_Laptop_Kernel_Tom_Klootwijk\atomOS_v3_6_CUDA_Verification\build_cpu\CMakeFiles\CMakeScratch\TryCompile-mxj7xz\cmTC_cafac.dir\Debug\cmTC_cafac.tlog\link.read.1.tlog. The system cannot find the path specified. [C:\OMT AC031 Womack remarkable carmack oculus master quest half-life 3 gabecube\atomOS_v3_6_RTX5070Ti_Laptop_Kernel_Tom_Klootwijk\atomOS_v3_6_CUDA_Verification\build_cpu\CMakeFiles\CMakeScratch\TryCompile-mxj7xz\cmTC_cafac.vcxproj]
      
      
      
    FileTracker : error FTK1011: could not create the new file tracking log file: C:\OMT AC031 Womack remarkable carmack oculus master quest half-life 3 gabecube\atomOS_v3_6_RTX5070Ti_Laptop_Kernel_Tom_Klootwijk\atomOS_v3_6_CUDA_Verification\build_cpu\CMakeFiles\CMakeScratch\TryCompile-mxj7xz\cmTC_cafac.dir\Debug\cmTC_cafac.tlog\link.write.1.tlog. The system cannot find the path specified. [C:\OMT AC031 Womack remarkable carmack oculus master quest half-life 3 gabecube\atomOS_v3_6_RTX5070Ti_Laptop_Kernel_Tom_Klootwijk\atomOS_v3_6_CUDA_Verification\build_cpu\CMakeFiles\CMakeScratch\TryCompile-mxj7xz\cmTC_cafac.vcxproj]
      
      
      
    Done Building Project "C:\OMT AC031 Womack remarkable carmack oculus master quest half-life 3 gabecube\atomOS_v3_6_RTX5070Ti_Laptop_Kernel_Tom_Klootwijk\atomOS_v3_6_CUDA_Verification\build_cpu\CMakeFiles\CMakeScratch\TryCompile-mxj7xz\cmTC_cafac.vcxproj" (default targets) -- FAILED.
    
    Build FAILED.
    
    "C:\OMT AC031 Womack remarkable carmack oculus master quest half-life 3 gabecube\atomOS_v3_6_RTX5070Ti_Laptop_Kernel_Tom_Klootwijk\atomOS_v3_6_CUDA_Verification\build_cpu\CMakeFiles\CMakeScratch\TryCompile-mxj7xz\cmTC_cafac.vcxproj" (default target) (1) ->
    (Link target) -> 
      FileTracker : error FTK1011: could not create the new file tracking log file: C:\OMT AC031 Womack remarkable carmack oculus master quest half-life 3 gabecube\atomOS_v3_6_RTX5070Ti_Laptop_Kernel_Tom_Klootwijk\atomOS_v3_6_CUDA_Verification\build_cpu\CMakeFiles\CMakeScratch\TryCompile-mxj7xz\cmTC_cafac.dir\Debug\cmTC_cafac.tlog\link.read.2.tlog. The system cannot find the path specified. [C:\OMT AC031 Womack remarkable carmack oculus master quest half-life 3 gabecube\atomOS_v3_6_RTX5070Ti_Laptop_Kernel_Tom_Klootwijk\atomOS_v3_6_CUDA_Verification\build_cpu\CMakeFiles\CMakeScratch\TryCompile-mxj7xz\cmTC_cafac.vcxproj]
      FileTracker : error FTK1011: could not create the new file tracking log file: C:\OMT AC031 Womack remarkable carmack oculus master quest half-life 3 gabecube\atomOS_v3_6_RTX5070Ti_Laptop_Kernel_Tom_Klootwijk\atomOS_v3_6_CUDA_Verification\build_cpu\CMakeFiles\CMakeScratch\TryCompile-mxj7xz\cmTC_cafac.dir\Debug\cmTC_cafac.tlog\link.read.3.tlog. The system cannot find the path specified. [C:\OMT AC031 Womack remarkable carmack oculus master quest half-life 3 gabecube\atomOS_v3_6_RTX5070Ti_Laptop_Kernel_Tom_Klootwijk\atomOS_v3_6_CUDA_Verification\build_cpu\CMakeFiles\CMakeScratch\TryCompile-mxj7xz\cmTC_cafac.vcxproj]
      FileTracker : error FTK1011: could not create the new file tracking log file: C:\OMT AC031 Womack remarkable carmack oculus master quest half-life 3 gabecube\atomOS_v3_6_RTX5070Ti_Laptop_Kernel_Tom_Klootwijk\atomOS_v3_6_CUDA_Verification\build_cpu\CMakeFiles\CMakeScratch\TryCompile-mxj7xz\cmTC_cafac.dir\Debug\cmTC_cafac.tlog\link-rc.read.1.tlog. The system cannot find the path specified. [C:\OMT AC031 Womack remarkable carmack oculus master quest half-life 3 gabecube\atomOS_v3_6_RTX5070Ti_Laptop_Kernel_Tom_Klootwijk\atomOS_v3_6_CUDA_Verification\build_cpu\CMakeFiles\CMakeScratch\TryCompile-mxj7xz\cmTC_cafac.vcxproj]
      FileTracker : error FTK1011: could not create the new file tracking log file: C:\OMT AC031 Womack remarkable carmack oculus master quest half-life 3 gabecube\atomOS_v3_6_RTX5070Ti_Laptop_Kernel_Tom_Klootwijk\atomOS_v3_6_CUDA_Verification\build_cpu\CMakeFiles\CMakeScratch\TryCompile-mxj7xz\cmTC_cafac.dir\Debug\cmTC_cafac.tlog\link-rc.write.1.tlog. The system cannot find the path specified. [C:\OMT AC031 Womack remarkable carmack oculus master quest half-life 3 gabecube\atomOS_v3_6_RTX5070Ti_Laptop_Kernel_Tom_Klootwijk\atomOS_v3_6_CUDA_Verification\build_cpu\CMakeFiles\CMakeScratch\TryCompile-mxj7xz\cmTC_cafac.vcxproj]
      FileTracker : error FTK1011: could not create the new file tracking log file: C:\OMT AC031 Womack remarkable carmack oculus master quest half-life 3 gabecube\atomOS_v3_6_RTX5070Ti_Laptop_Kernel_Tom_Klootwijk\atomOS_v3_6_CUDA_Verification\build_cpu\CMakeFiles\CMakeScratch\TryCompile-mxj7xz\cmTC_cafac.dir\Debug\cmTC_cafac.tlog\link-cvtres.read.1.tlog. The system cannot find the path specified. [C:\OMT AC031 Womack remarkable carmack oculus master quest half-life 3 gabecube\atomOS_v3_6_RTX5070Ti_Laptop_Kernel_Tom_Klootwijk\atomOS_v3_6_CUDA_Verification\build_cpu\CMakeFiles\CMakeScratch\TryCompile-mxj7xz\cmTC_cafac.vcxproj]
      FileTracker : error FTK1011: could not create the new file tracking log file: C:\OMT AC031 Womack remarkable carmack oculus master quest half-life 3 gabecube\atomOS_v3_6_RTX5070Ti_Laptop_Kernel_Tom_Klootwijk\atomOS_v3_6_CUDA_Verification\build_cpu\CMakeFiles\CMakeScratch\TryCompile-mxj7xz\cmTC_cafac.dir\Debug\cmTC_cafac.tlog\link-cvtres.write.1.tlog. The system cannot find the path specified. [C:\OMT AC031 Womack remarkable carmack oculus master quest half-life 3 gabecube\atomOS_v3_6_RTX5070Ti_Laptop_Kernel_Tom_Klootwijk\atomOS_v3_6_CUDA_Verification\build_cpu\CMakeFiles\CMakeScratch\TryCompile-mxj7xz\cmTC_cafac.vcxproj]
      FileTracker : error FTK1011: could not create the new file tracking log file: C:\OMT AC031 Womack remarkable carmack oculus master quest half-life 3 gabecube\atomOS_v3_6_RTX5070Ti_Laptop_Kernel_Tom_Klootwijk\atomOS_v3_6_CUDA_Verification\build_cpu\CMakeFiles\CMakeScratch\TryCompile-mxj7xz\cmTC_cafac.dir\Debug\cmTC_cafac.tlog\link.read.4.tlog. The system cannot find the path specified. [C:\OMT AC031 Womack remarkable carmack oculus master quest half-life 3 gabecube\atomOS_v3_6_RTX5070Ti_Laptop_Kernel_Tom_Klootwijk\atomOS_v3_6_CUDA_Verification\build_cpu\CMakeFiles\CMakeScratch\TryCompile-mxj7xz\cmTC_cafac.vcxproj]
      FileTracker : error FTK1011: could not create the new file tracking log file: C:\OMT AC031 Womack remarkable carmack oculus master quest half-life 3 gabecube\atomOS_v3_6_RTX5070Ti_Laptop_Kernel_Tom_Klootwijk\atomOS_v3_6_CUDA_Verification\build_cpu\CMakeFiles\CMakeScratch\TryCompile-mxj7xz\cmTC_cafac.dir\Debug\cmTC_cafac.tlog\link.read.1.tlog. The system cannot find the path specified. [C:\OMT AC031 Womack remarkable carmack oculus master quest half-life 3 gabecube\atomOS_v3_6_RTX5070Ti_Laptop_Kernel_Tom_Klootwijk\atomOS_v3_6_CUDA_Verification\build_cpu\CMakeFiles\CMakeScratch\TryCompile-mxj7xz\cmTC_cafac.vcxproj]
      FileTracker : error FTK1011: could not create the new file tracking log file: C:\OMT AC031 Womack remarkable carmack oculus master quest half-life 3 gabecube\atomOS_v3_6_RTX5070Ti_Laptop_Kernel_Tom_Klootwijk\atomOS_v3_6_CUDA_Verification\build_cpu\CMakeFiles\CMakeScratch\TryCompile-mxj7xz\cmTC_cafac.dir\Debug\cmTC_cafac.tlog\link.write.1.tlog. The system cannot find the path specified. [C:\OMT AC031 Womack remarkable carmack oculus master quest half-life 3 gabecube\atomOS_v3_6_RTX5070Ti_Laptop_Kernel_Tom_Klootwijk\atomOS_v3_6_CUDA_Verification\build_cpu\CMakeFiles\CMakeScratch\TryCompile-mxj7xz\cmTC_cafac.vcxproj]
    
        0 Warning(s)
        9 Error(s)
    
    Time Elapsed 00:00:00.46
    
    



  CMake will not be able to correctly generate this project.
Call Stack (most recent call first):
  CMakeLists.txt:2 (project)


-- Configuring incomplete, errors occurred!
