+ C:\Users\Tom\.cache\ak1\bulk_opt_final\Release\atomos_cache_bulk.exe --rows 1 --angles 1 --epochs 3 --seed 130 --layout linear --mode provided --fringe off --profile source --out C:\Users\Tom\.cache\ak1\opt_bulk_final_conformance\conformance_tiny_linear_provided_off_source.run
+ C:\Users\Tom\.cache\ak1\bulk_opt_final\Release\atomos_cache_bulk.exe --rows 1 --angles 1 --epochs 3 --seed 130 --layout linear --mode provided --fringe off --profile directed
+ C:\Users\Tom\.cache\ak1\bulk_opt_final\Release\atomos_cache_bulk.exe --rows 1 --angles 1 --epochs 3 --seed 130 --layout linear --mode provided --fringe off --profile mixed
+ C:\Users\Tom\.cache\ak1\bulk_opt_final\Release\atomos_cache_bulk.exe --rows 1 --angles 1 --epochs 3 --seed 130 --layout linear --mode provided --fringe on --profile source
+ C:\Users\Tom\.cache\ak1\bulk_opt_final\Release\atomos_cache_bulk.exe --rows 1 --angles 1 --epochs 3 --seed 130 --layout linear --mode provided --fringe on --profile directed
+ C:\Users\Tom\.cache\ak1\bulk_opt_final\Release\atomos_cache_bulk.exe --rows 1 --angles 1 --epochs 3 --seed 130 --layout linear --mode provided --fringe on --profile mixed
+ C:\Users\Tom\.cache\ak1\bulk_opt_final\Release\atomos_cache_bulk.exe --rows 1 --angles 1 --epochs 3 --seed 130 --layout linear --mode recurrent --fringe off --profile source
+ C:\Users\Tom\.cache\ak1\bulk_opt_final\Release\atomos_cache_bulk.exe --rows 1 --angles 1 --epochs 3 --seed 130 --layout linear --mode recurrent --fringe off --profile directed
+ C:\Users\Tom\.cache\ak1\bulk_opt_final\Release\atomos_cache_bulk.exe --rows 1 --angles 1 --epochs 3 --seed 130 --layout linear --mode recurrent --fringe off --profile mixed
+ C:\Users\Tom\.cache\ak1\bulk_opt_final\Release\atomos_cache_bulk.exe --rows 1 --angles 1 --epochs 3 --seed 130 --layout linear --mode recurrent --fringe on --profile source
+ C:\Users\Tom\.cache\ak1\bulk_opt_final\Release\atomos_cache_bulk.exe --rows 1 --angles 1 --epochs 3 --seed 130 --layout linear --mode recurrent --fringe on --profile directed --out C:\Users\Tom\.cache\ak1\opt_bulk_final_conformance\conformance_tiny_linear_recurrent_on_directed.run
+ C:\Users\Tom\.cache\ak1\bulk_opt_final\Release\atomos_cache_bulk.exe --rows 1 --angles 1 --epochs 3 --seed 130 --layout linear --mode recurrent --fringe on --profile mixed
+ C:\Users\Tom\.cache\ak1\bulk_opt_final\Release\atomos_cache_bulk.exe --rows 1 --angles 1 --epochs 3 --seed 130 --layout linear --mode shift-xor --fringe off --profile source
+ C:\Users\Tom\.cache\ak1\bulk_opt_final\Release\atomos_cache_bulk.exe --rows 1 --angles 1 --epochs 3 --seed 130 --layout linear --mode shift-xor --fringe off --profile directed
+ C:\Users\Tom\.cache\ak1\bulk_opt_final\Release\atomos_cache_bulk.exe --rows 1 --angles 1 --epochs 3 --seed 130 --layout linear --mode shift-xor --fringe off --profile mixed --out C:\Users\Tom\.cache\ak1\opt_bulk_final_conformance\conformance_tiny_linear_shift-xor_off_mixed.run
+ C:\Users\Tom\.cache\ak1\bulk_opt_final\Release\atomos_cache_bulk.exe --rows 1 --angles 1 --epochs 3 --seed 130 --layout linear --mode shift-xor --fringe on --profile source
+ C:\Users\Tom\.cache\ak1\bulk_opt_final\Release\atomos_cache_bulk.exe --rows 1 --angles 1 --epochs 3 --seed 130 --layout linear --mode shift-xor --fringe on --profile directed
+ C:\Users\Tom\.cache\ak1\bulk_opt_final\Release\atomos_cache_bulk.exe --rows 1 --angles 1 --epochs 3 --seed 130 --layout linear --mode shift-xor --fringe on --profile mixed
+ C:\Users\Tom\.cache\ak1\bulk_opt_final\Release\atomos_cache_bulk.exe --rows 1 --angles 1 --epochs 3 --seed 130 --layout linear --mode shift-or --fringe off --profile source
+ C:\Users\Tom\.cache\ak1\bulk_opt_final\Release\atomos_cache_bulk.exe --rows 1 --angles 1 --epochs 3 --seed 130 --layout linear --mode shift-or --fringe off --profile directed
+ C:\Users\Tom\.cache\ak1\bulk_opt_final\Release\atomos_cache_bulk.exe --rows 1 --angles 1 --epochs 3 --seed 130 --layout linear --mode shift-or --fringe off --profile mixed
+ C:\Users\Tom\.cache\ak1\bulk_opt_final\Release\atomos_cache_bulk.exe --rows 1 --angles 1 --epochs 3 --seed 130 --layout linear --mode shift-or --fringe on --profile source --out C:\Users\Tom\.cache\ak1\opt_bulk_final_conformance\conformance_tiny_linear_shift-or_on_source.run
+ C:\Users\Tom\.cache\ak1\bulk_opt_final\Release\atomos_cache_bulk.exe --rows 1 --angles 1 --epochs 3 --seed 130 --layout linear --mode shift-or --fringe on --profile directed
+ C:\Users\Tom\.cache\ak1\bulk_opt_final\Release\atomos_cache_bulk.exe --rows 1 --angles 1 --epochs 3 --seed 130 --layout linear --mode shift-or --fringe on --profile mixed
+ C:\Users\Tom\.cache\ak1\bulk_opt_final\Release\atomos_cache_bulk.exe --rows 1 --angles 1 --epochs 3 --seed 130 --layout morton8 --mode provided --fringe off --profile source
+ C:\Users\Tom\.cache\ak1\bulk_opt_final\Release\atomos_cache_bulk.exe --rows 1 --angles 1 --epochs 3 --seed 130 --layout morton8 --mode provided --fringe off --profile directed
+ C:\Users\Tom\.cache\ak1\bulk_opt_final\Release\atomos_cache_bulk.exe --rows 1 --angles 1 --epochs 3 --seed 130 --layout morton8 --mode provided --fringe off --profile mixed
+ C:\Users\Tom\.cache\ak1\bulk_opt_final\Release\atomos_cache_bulk.exe --rows 1 --angles 1 --epochs 3 --seed 130 --layout morton8 --mode provided --fringe on --profile source
+ C:\Users\Tom\.cache\ak1\bulk_opt_final\Release\atomos_cache_bulk.exe --rows 1 --angles 1 --epochs 3 --seed 130 --layout morton8 --mode provided --fringe on --profile directed --out C:\Users\Tom\.cache\ak1\opt_bulk_final_conformance\conformance_tiny_morton8_provided_on_directed.run
+ C:\Users\Tom\.cache\ak1\bulk_opt_final\Release\atomos_cache_bulk.exe --rows 1 --angles 1 --epochs 3 --seed 130 --layout morton8 --mode provided --fringe on --profile mixed
+ C:\Users\Tom\.cache\ak1\bulk_opt_final\Release\atomos_cache_bulk.exe --rows 1 --angles 1 --epochs 3 --seed 130 --layout morton8 --mode recurrent --fringe off --profile source
+ C:\Users\Tom\.cache\ak1\bulk_opt_final\Release\atomos_cache_bulk.exe --rows 1 --angles 1 --epochs 3 --seed 130 --layout morton8 --mode recurrent --fringe off --profile directed
+ C:\Users\Tom\.cache\ak1\bulk_opt_final\Release\atomos_cache_bulk.exe --rows 1 --angles 1 --epochs 3 --seed 130 --layout morton8 --mode recurrent --fringe off --profile mixed --out C:\Users\Tom\.cache\ak1\opt_bulk_final_conformance\conformance_tiny_morton8_recurrent_off_mixed.run
+ C:\Users\Tom\.cache\ak1\bulk_opt_final\Release\atomos_cache_bulk.exe --rows 1 --angles 1 --epochs 3 --seed 130 --layout morton8 --mode recurrent --fringe on --profile source
+ C:\Users\Tom\.cache\ak1\bulk_opt_final\Release\atomos_cache_bulk.exe --rows 1 --angles 1 --epochs 3 --seed 130 --layout morton8 --mode recurrent --fringe on --profile directed
+ C:\Users\Tom\.cache\ak1\bulk_opt_final\Release\atomos_cache_bulk.exe --rows 1 --angles 1 --epochs 3 --seed 130 --layout morton8 --mode recurrent --fringe on --profile mixed
+ C:\Users\Tom\.cache\ak1\bulk_opt_final\Release\atomos_cache_bulk.exe --rows 1 --angles 1 --epochs 3 --seed 130 --layout morton8 --mode shift-xor --fringe off --profile source
+ C:\Users\Tom\.cache\ak1\bulk_opt_final\Release\atomos_cache_bulk.exe --rows 1 --angles 1 --epochs 3 --seed 130 --layout morton8 --mode shift-xor --fringe off --profile directed
+ C:\Users\Tom\.cache\ak1\bulk_opt_final\Release\atomos_cache_bulk.exe --rows 1 --angles 1 --epochs 3 --seed 130 --layout morton8 --mode shift-xor --fringe off --profile mixed
+ C:\Users\Tom\.cache\ak1\bulk_opt_final\Release\atomos_cache_bulk.exe --rows 1 --angles 1 --epochs 3 --seed 130 --layout morton8 --mode shift-xor --fringe on --profile source --out C:\Users\Tom\.cache\ak1\opt_bulk_final_conformance\conformance_tiny_morton8_shift-xor_on_source.run
+ C:\Users\Tom\.cache\ak1\bulk_opt_final\Release\atomos_cache_bulk.exe --rows 1 --angles 1 --epochs 3 --seed 130 --layout morton8 --mode shift-xor --fringe on --profile directed
+ C:\Users\Tom\.cache\ak1\bulk_opt_final\Release\atomos_cache_bulk.exe --rows 1 --angles 1 --epochs 3 --seed 130 --layout morton8 --mode shift-xor --fringe on --profile mixed
+ C:\Users\Tom\.cache\ak1\bulk_opt_final\Release\atomos_cache_bulk.exe --rows 1 --angles 1 --epochs 3 --seed 130 --layout morton8 --mode shift-or --fringe off --profile source
+ C:\Users\Tom\.cache\ak1\bulk_opt_final\Release\atomos_cache_bulk.exe --rows 1 --angles 1 --epochs 3 --seed 130 --layout morton8 --mode shift-or --fringe off --profile directed --out C:\Users\Tom\.cache\ak1\opt_bulk_final_conformance\conformance_tiny_morton8_shift-or_off_directed.run
+ C:\Users\Tom\.cache\ak1\bulk_opt_final\Release\atomos_cache_bulk.exe --rows 1 --angles 1 --epochs 3 --seed 130 --layout morton8 --mode shift-or --fringe off --profile mixed
+ C:\Users\Tom\.cache\ak1\bulk_opt_final\Release\atomos_cache_bulk.exe --rows 1 --angles 1 --epochs 3 --seed 130 --layout morton8 --mode shift-or --fringe on --profile source
+ C:\Users\Tom\.cache\ak1\bulk_opt_final\Release\atomos_cache_bulk.exe --rows 1 --angles 1 --epochs 3 --seed 130 --layout morton8 --mode shift-or --fringe on --profile directed
+ C:\Users\Tom\.cache\ak1\bulk_opt_final\Release\atomos_cache_bulk.exe --rows 1 --angles 1 --epochs 3 --seed 130 --layout morton8 --mode shift-or --fringe on --profile mixed
+ C:\Users\Tom\.cache\ak1\bulk_opt_final\Release\atomos_cache_bulk.exe --rows 17 --angles 257 --epochs 3 --seed 130 --layout linear --mode provided --fringe off --profile source
+ C:\Users\Tom\.cache\ak1\bulk_opt_final\Release\atomos_cache_bulk.exe --rows 17 --angles 257 --epochs 3 --seed 130 --layout linear --mode provided --fringe off --profile directed
+ C:\Users\Tom\.cache\ak1\bulk_opt_final\Release\atomos_cache_bulk.exe --rows 17 --angles 257 --epochs 3 --seed 130 --layout linear --mode provided --fringe off --profile mixed
+ C:\Users\Tom\.cache\ak1\bulk_opt_final\Release\atomos_cache_bulk.exe --rows 17 --angles 257 --epochs 3 --seed 130 --layout linear --mode provided --fringe on --profile source
+ C:\Users\Tom\.cache\ak1\bulk_opt_final\Release\atomos_cache_bulk.exe --rows 17 --angles 257 --epochs 3 --seed 130 --layout linear --mode provided --fringe on --profile directed --out C:\Users\Tom\.cache\ak1\opt_bulk_final_conformance\conformance_tail_linear_provided_on_directed.run
+ C:\Users\Tom\.cache\ak1\bulk_opt_final\Release\atomos_cache_bulk.exe --rows 17 --angles 257 --epochs 3 --seed 130 --layout linear --mode provided --fringe on --profile mixed
+ C:\Users\Tom\.cache\ak1\bulk_opt_final\Release\atomos_cache_bulk.exe --rows 17 --angles 257 --epochs 3 --seed 130 --layout linear --mode recurrent --fringe off --profile source
+ C:\Users\Tom\.cache\ak1\bulk_opt_final\Release\atomos_cache_bulk.exe --rows 17 --angles 257 --epochs 3 --seed 130 --layout linear --mode recurrent --fringe off --profile directed
+ C:\Users\Tom\.cache\ak1\bulk_opt_final\Release\atomos_cache_bulk.exe --rows 17 --angles 257 --epochs 3 --seed 130 --layout linear --mode recurrent --fringe off --profile mixed --out C:\Users\Tom\.cache\ak1\opt_bulk_final_conformance\conformance_tail_linear_recurrent_off_mixed.run
+ C:\Users\Tom\.cache\ak1\bulk_opt_final\Release\atomos_cache_bulk.exe --rows 17 --angles 257 --epochs 3 --seed 130 --layout linear --mode recurrent --fringe on --profile source
+ C:\Users\Tom\.cache\ak1\bulk_opt_final\Release\atomos_cache_bulk.exe --rows 17 --angles 257 --epochs 3 --seed 130 --layout linear --mode recurrent --fringe on --profile directed
+ C:\Users\Tom\.cache\ak1\bulk_opt_final\Release\atomos_cache_bulk.exe --rows 17 --angles 257 --epochs 3 --seed 130 --layout linear --mode recurrent --fringe on --profile mixed
+ C:\Users\Tom\.cache\ak1\bulk_opt_final\Release\atomos_cache_bulk.exe --rows 17 --angles 257 --epochs 3 --seed 130 --layout linear --mode shift-xor --fringe off --profile source
+ C:\Users\Tom\.cache\ak1\bulk_opt_final\Release\atomos_cache_bulk.exe --rows 17 --angles 257 --epochs 3 --seed 130 --layout linear --mode shift-xor --fringe off --profile directed
+ C:\Users\Tom\.cache\ak1\bulk_opt_final\Release\atomos_cache_bulk.exe --rows 17 --angles 257 --epochs 3 --seed 130 --layout linear --mode shift-xor --fringe off --profile mixed
+ C:\Users\Tom\.cache\ak1\bulk_opt_final\Release\atomos_cache_bulk.exe --rows 17 --angles 257 --epochs 3 --seed 130 --layout linear --mode shift-xor --fringe on --profile source --out C:\Users\Tom\.cache\ak1\opt_bulk_final_conformance\conformance_tail_linear_shift-xor_on_source.run
+ C:\Users\Tom\.cache\ak1\bulk_opt_final\Release\atomos_cache_bulk.exe --rows 17 --angles 257 --epochs 3 --seed 130 --layout linear --mode shift-xor --fringe on --profile directed
+ C:\Users\Tom\.cache\ak1\bulk_opt_final\Release\atomos_cache_bulk.exe --rows 17 --angles 257 --epochs 3 --seed 130 --layout linear --mode shift-xor --fringe on --profile mixed
+ C:\Users\Tom\.cache\ak1\bulk_opt_final\Release\atomos_cache_bulk.exe --rows 17 --angles 257 --epochs 3 --seed 130 --layout linear --mode shift-or --fringe off --profile source
+ C:\Users\Tom\.cache\ak1\bulk_opt_final\Release\atomos_cache_bulk.exe --rows 17 --angles 257 --epochs 3 --seed 130 --layout linear --mode shift-or --fringe off --profile directed --out C:\Users\Tom\.cache\ak1\opt_bulk_final_conformance\conformance_tail_linear_shift-or_off_directed.run
+ C:\Users\Tom\.cache\ak1\bulk_opt_final\Release\atomos_cache_bulk.exe --rows 17 --angles 257 --epochs 3 --seed 130 --layout linear --mode shift-or --fringe off --profile mixed
+ C:\Users\Tom\.cache\ak1\bulk_opt_final\Release\atomos_cache_bulk.exe --rows 17 --angles 257 --epochs 3 --seed 130 --layout linear --mode shift-or --fringe on --profile source
+ C:\Users\Tom\.cache\ak1\bulk_opt_final\Release\atomos_cache_bulk.exe --rows 17 --angles 257 --epochs 3 --seed 130 --layout linear --mode shift-or --fringe on --profile directed
+ C:\Users\Tom\.cache\ak1\bulk_opt_final\Release\atomos_cache_bulk.exe --rows 17 --angles 257 --epochs 3 --seed 130 --layout linear --mode shift-or --fringe on --profile mixed
+ C:\Users\Tom\.cache\ak1\bulk_opt_final\Release\atomos_cache_bulk.exe --rows 17 --angles 257 --epochs 3 --seed 130 --layout morton8 --mode provided --fringe off --profile source
+ C:\Users\Tom\.cache\ak1\bulk_opt_final\Release\atomos_cache_bulk.exe --rows 17 --angles 257 --epochs 3 --seed 130 --layout morton8 --mode provided --fringe off --profile directed
+ C:\Users\Tom\.cache\ak1\bulk_opt_final\Release\atomos_cache_bulk.exe --rows 17 --angles 257 --epochs 3 --seed 130 --layout morton8 --mode provided --fringe off --profile mixed --out C:\Users\Tom\.cache\ak1\opt_bulk_final_conformance\conformance_tail_morton8_provided_off_mixed.run
+ C:\Users\Tom\.cache\ak1\bulk_opt_final\Release\atomos_cache_bulk.exe --rows 17 --angles 257 --epochs 3 --seed 130 --layout morton8 --mode provided --fringe on --profile source
+ C:\Users\Tom\.cache\ak1\bulk_opt_final\Release\atomos_cache_bulk.exe --rows 17 --angles 257 --epochs 3 --seed 130 --layout morton8 --mode provided --fringe on --profile directed
+ C:\Users\Tom\.cache\ak1\bulk_opt_final\Release\atomos_cache_bulk.exe --rows 17 --angles 257 --epochs 3 --seed 130 --layout morton8 --mode provided --fringe on --profile mixed
+ C:\Users\Tom\.cache\ak1\bulk_opt_final\Release\atomos_cache_bulk.exe --rows 17 --angles 257 --epochs 3 --seed 130 --layout morton8 --mode recurrent --fringe off --profile source
+ C:\Users\Tom\.cache\ak1\bulk_opt_final\Release\atomos_cache_bulk.exe --rows 17 --angles 257 --epochs 3 --seed 130 --layout morton8 --mode recurrent --fringe off --profile directed
+ C:\Users\Tom\.cache\ak1\bulk_opt_final\Release\atomos_cache_bulk.exe --rows 17 --angles 257 --epochs 3 --seed 130 --layout morton8 --mode recurrent --fringe off --profile mixed
+ C:\Users\Tom\.cache\ak1\bulk_opt_final\Release\atomos_cache_bulk.exe --rows 17 --angles 257 --epochs 3 --seed 130 --layout morton8 --mode recurrent --fringe on --profile source --out C:\Users\Tom\.cache\ak1\opt_bulk_final_conformance\conformance_tail_morton8_recurrent_on_source.run
+ C:\Users\Tom\.cache\ak1\bulk_opt_final\Release\atomos_cache_bulk.exe --rows 17 --angles 257 --epochs 3 --seed 130 --layout morton8 --mode recurrent --fringe on --profile directed
+ C:\Users\Tom\.cache\ak1\bulk_opt_final\Release\atomos_cache_bulk.exe --rows 17 --angles 257 --epochs 3 --seed 130 --layout morton8 --mode recurrent --fringe on --profile mixed
+ C:\Users\Tom\.cache\ak1\bulk_opt_final\Release\atomos_cache_bulk.exe --rows 17 --angles 257 --epochs 3 --seed 130 --layout morton8 --mode shift-xor --fringe off --profile source
+ C:\Users\Tom\.cache\ak1\bulk_opt_final\Release\atomos_cache_bulk.exe --rows 17 --angles 257 --epochs 3 --seed 130 --layout morton8 --mode shift-xor --fringe off --profile directed --out C:\Users\Tom\.cache\ak1\opt_bulk_final_conformance\conformance_tail_morton8_shift-xor_off_directed.run
+ C:\Users\Tom\.cache\ak1\bulk_opt_final\Release\atomos_cache_bulk.exe --rows 17 --angles 257 --epochs 3 --seed 130 --layout morton8 --mode shift-xor --fringe off --profile mixed
+ C:\Users\Tom\.cache\ak1\bulk_opt_final\Release\atomos_cache_bulk.exe --rows 17 --angles 257 --epochs 3 --seed 130 --layout morton8 --mode shift-xor --fringe on --profile source
+ C:\Users\Tom\.cache\ak1\bulk_opt_final\Release\atomos_cache_bulk.exe --rows 17 --angles 257 --epochs 3 --seed 130 --layout morton8 --mode shift-xor --fringe on --profile directed
+ C:\Users\Tom\.cache\ak1\bulk_opt_final\Release\atomos_cache_bulk.exe --rows 17 --angles 257 --epochs 3 --seed 130 --layout morton8 --mode shift-xor --fringe on --profile mixed
+ C:\Users\Tom\.cache\ak1\bulk_opt_final\Release\atomos_cache_bulk.exe --rows 17 --angles 257 --epochs 3 --seed 130 --layout morton8 --mode shift-or --fringe off --profile source
+ C:\Users\Tom\.cache\ak1\bulk_opt_final\Release\atomos_cache_bulk.exe --rows 17 --angles 257 --epochs 3 --seed 130 --layout morton8 --mode shift-or --fringe off --profile directed
+ C:\Users\Tom\.cache\ak1\bulk_opt_final\Release\atomos_cache_bulk.exe --rows 17 --angles 257 --epochs 3 --seed 130 --layout morton8 --mode shift-or --fringe off --profile mixed
+ C:\Users\Tom\.cache\ak1\bulk_opt_final\Release\atomos_cache_bulk.exe --rows 17 --angles 257 --epochs 3 --seed 130 --layout morton8 --mode shift-or --fringe on --profile source
+ C:\Users\Tom\.cache\ak1\bulk_opt_final\Release\atomos_cache_bulk.exe --rows 17 --angles 257 --epochs 3 --seed 130 --layout morton8 --mode shift-or --fringe on --profile directed
+ C:\Users\Tom\.cache\ak1\bulk_opt_final\Release\atomos_cache_bulk.exe --rows 17 --angles 257 --epochs 3 --seed 130 --layout morton8 --mode shift-or --fringe on --profile mixed --out C:\Users\Tom\.cache\ak1\opt_bulk_final_conformance\conformance_tail_morton8_shift-or_on_mixed.run
+ C:\Users\Tom\.cache\ak1\bulk_opt_final\Release\atomos_cache_bulk.exe --rows 128 --angles 1024 --epochs 3 --seed 130 --layout linear --mode provided --fringe off --profile source
+ C:\Users\Tom\.cache\ak1\bulk_opt_final\Release\atomos_cache_bulk.exe --rows 128 --angles 1024 --epochs 3 --seed 130 --layout linear --mode provided --fringe off --profile directed
+ C:\Users\Tom\.cache\ak1\bulk_opt_final\Release\atomos_cache_bulk.exe --rows 128 --angles 1024 --epochs 3 --seed 130 --layout linear --mode provided --fringe off --profile mixed --out C:\Users\Tom\.cache\ak1\opt_bulk_final_conformance\conformance_default_linear_provided_off_mixed.run
+ C:\Users\Tom\.cache\ak1\bulk_opt_final\Release\atomos_cache_bulk.exe --rows 128 --angles 1024 --epochs 3 --seed 130 --layout linear --mode provided --fringe on --profile source
+ C:\Users\Tom\.cache\ak1\bulk_opt_final\Release\atomos_cache_bulk.exe --rows 128 --angles 1024 --epochs 3 --seed 130 --layout linear --mode provided --fringe on --profile directed
+ C:\Users\Tom\.cache\ak1\bulk_opt_final\Release\atomos_cache_bulk.exe --rows 128 --angles 1024 --epochs 3 --seed 130 --layout linear --mode provided --fringe on --profile mixed
+ C:\Users\Tom\.cache\ak1\bulk_opt_final\Release\atomos_cache_bulk.exe --rows 128 --angles 1024 --epochs 3 --seed 130 --layout linear --mode recurrent --fringe off --profile source
+ C:\Users\Tom\.cache\ak1\bulk_opt_final\Release\atomos_cache_bulk.exe --rows 128 --angles 1024 --epochs 3 --seed 130 --layout linear --mode recurrent --fringe off --profile directed
+ C:\Users\Tom\.cache\ak1\bulk_opt_final\Release\atomos_cache_bulk.exe --rows 128 --angles 1024 --epochs 3 --seed 130 --layout linear --mode recurrent --fringe off --profile mixed
+ C:\Users\Tom\.cache\ak1\bulk_opt_final\Release\atomos_cache_bulk.exe --rows 128 --angles 1024 --epochs 3 --seed 130 --layout linear --mode recurrent --fringe on --profile source --out C:\Users\Tom\.cache\ak1\opt_bulk_final_conformance\conformance_default_linear_recurrent_on_source.run
+ C:\Users\Tom\.cache\ak1\bulk_opt_final\Release\atomos_cache_bulk.exe --rows 128 --angles 1024 --epochs 3 --seed 130 --layout linear --mode recurrent --fringe on --profile directed
+ C:\Users\Tom\.cache\ak1\bulk_opt_final\Release\atomos_cache_bulk.exe --rows 128 --angles 1024 --epochs 3 --seed 130 --layout linear --mode recurrent --fringe on --profile mixed
+ C:\Users\Tom\.cache\ak1\bulk_opt_final\Release\atomos_cache_bulk.exe --rows 128 --angles 1024 --epochs 3 --seed 130 --layout linear --mode shift-xor --fringe off --profile source
+ C:\Users\Tom\.cache\ak1\bulk_opt_final\Release\atomos_cache_bulk.exe --rows 128 --angles 1024 --epochs 3 --seed 130 --layout linear --mode shift-xor --fringe off --profile directed --out C:\Users\Tom\.cache\ak1\opt_bulk_final_conformance\conformance_default_linear_shift-xor_off_directed.run
+ C:\Users\Tom\.cache\ak1\bulk_opt_final\Release\atomos_cache_bulk.exe --rows 128 --angles 1024 --epochs 3 --seed 130 --layout linear --mode shift-xor --fringe off --profile mixed
+ C:\Users\Tom\.cache\ak1\bulk_opt_final\Release\atomos_cache_bulk.exe --rows 128 --angles 1024 --epochs 3 --seed 130 --layout linear --mode shift-xor --fringe on --profile source
+ C:\Users\Tom\.cache\ak1\bulk_opt_final\Release\atomos_cache_bulk.exe --rows 128 --angles 1024 --epochs 3 --seed 130 --layout linear --mode shift-xor --fringe on --profile directed
+ C:\Users\Tom\.cache\ak1\bulk_opt_final\Release\atomos_cache_bulk.exe --rows 128 --angles 1024 --epochs 3 --seed 130 --layout linear --mode shift-xor --fringe on --profile mixed
+ C:\Users\Tom\.cache\ak1\bulk_opt_final\Release\atomos_cache_bulk.exe --rows 128 --angles 1024 --epochs 3 --seed 130 --layout linear --mode shift-or --fringe off --profile source
+ C:\Users\Tom\.cache\ak1\bulk_opt_final\Release\atomos_cache_bulk.exe --rows 128 --angles 1024 --epochs 3 --seed 130 --layout linear --mode shift-or --fringe off --profile directed
+ C:\Users\Tom\.cache\ak1\bulk_opt_final\Release\atomos_cache_bulk.exe --rows 128 --angles 1024 --epochs 3 --seed 130 --layout linear --mode shift-or --fringe off --profile mixed
+ C:\Users\Tom\.cache\ak1\bulk_opt_final\Release\atomos_cache_bulk.exe --rows 128 --angles 1024 --epochs 3 --seed 130 --layout linear --mode shift-or --fringe on --profile source
+ C:\Users\Tom\.cache\ak1\bulk_opt_final\Release\atomos_cache_bulk.exe --rows 128 --angles 1024 --epochs 3 --seed 130 --layout linear --mode shift-or --fringe on --profile directed
+ C:\Users\Tom\.cache\ak1\bulk_opt_final\Release\atomos_cache_bulk.exe --rows 128 --angles 1024 --epochs 3 --seed 130 --layout linear --mode shift-or --fringe on --profile mixed --out C:\Users\Tom\.cache\ak1\opt_bulk_final_conformance\conformance_default_linear_shift-or_on_mixed.run
+ C:\Users\Tom\.cache\ak1\bulk_opt_final\Release\atomos_cache_bulk.exe --rows 128 --angles 1024 --epochs 3 --seed 130 --layout morton8 --mode provided --fringe off --profile source
+ C:\Users\Tom\.cache\ak1\bulk_opt_final\Release\atomos_cache_bulk.exe --rows 128 --angles 1024 --epochs 3 --seed 130 --layout morton8 --mode provided --fringe off --profile directed
+ C:\Users\Tom\.cache\ak1\bulk_opt_final\Release\atomos_cache_bulk.exe --rows 128 --angles 1024 --epochs 3 --seed 130 --layout morton8 --mode provided --fringe off --profile mixed
+ C:\Users\Tom\.cache\ak1\bulk_opt_final\Release\atomos_cache_bulk.exe --rows 128 --angles 1024 --epochs 3 --seed 130 --layout morton8 --mode provided --fringe on --profile source --out C:\Users\Tom\.cache\ak1\opt_bulk_final_conformance\conformance_default_morton8_provided_on_source.run
+ C:\Users\Tom\.cache\ak1\bulk_opt_final\Release\atomos_cache_bulk.exe --rows 128 --angles 1024 --epochs 3 --seed 130 --layout morton8 --mode provided --fringe on --profile directed
+ C:\Users\Tom\.cache\ak1\bulk_opt_final\Release\atomos_cache_bulk.exe --rows 128 --angles 1024 --epochs 3 --seed 130 --layout morton8 --mode provided --fringe on --profile mixed
+ C:\Users\Tom\.cache\ak1\bulk_opt_final\Release\atomos_cache_bulk.exe --rows 128 --angles 1024 --epochs 3 --seed 130 --layout morton8 --mode recurrent --fringe off --profile source
+ C:\Users\Tom\.cache\ak1\bulk_opt_final\Release\atomos_cache_bulk.exe --rows 128 --angles 1024 --epochs 3 --seed 130 --layout morton8 --mode recurrent --fringe off --profile directed --out C:\Users\Tom\.cache\ak1\opt_bulk_final_conformance\conformance_default_morton8_recurrent_off_directed.run
+ C:\Users\Tom\.cache\ak1\bulk_opt_final\Release\atomos_cache_bulk.exe --rows 128 --angles 1024 --epochs 3 --seed 130 --layout morton8 --mode recurrent --fringe off --profile mixed
+ C:\Users\Tom\.cache\ak1\bulk_opt_final\Release\atomos_cache_bulk.exe --rows 128 --angles 1024 --epochs 3 --seed 130 --layout morton8 --mode recurrent --fringe on --profile source
+ C:\Users\Tom\.cache\ak1\bulk_opt_final\Release\atomos_cache_bulk.exe --rows 128 --angles 1024 --epochs 3 --seed 130 --layout morton8 --mode recurrent --fringe on --profile directed
+ C:\Users\Tom\.cache\ak1\bulk_opt_final\Release\atomos_cache_bulk.exe --rows 128 --angles 1024 --epochs 3 --seed 130 --layout morton8 --mode recurrent --fringe on --profile mixed
+ C:\Users\Tom\.cache\ak1\bulk_opt_final\Release\atomos_cache_bulk.exe --rows 128 --angles 1024 --epochs 3 --seed 130 --layout morton8 --mode shift-xor --fringe off --profile source
+ C:\Users\Tom\.cache\ak1\bulk_opt_final\Release\atomos_cache_bulk.exe --rows 128 --angles 1024 --epochs 3 --seed 130 --layout morton8 --mode shift-xor --fringe off --profile directed
+ C:\Users\Tom\.cache\ak1\bulk_opt_final\Release\atomos_cache_bulk.exe --rows 128 --angles 1024 --epochs 3 --seed 130 --layout morton8 --mode shift-xor --fringe off --profile mixed
+ C:\Users\Tom\.cache\ak1\bulk_opt_final\Release\atomos_cache_bulk.exe --rows 128 --angles 1024 --epochs 3 --seed 130 --layout morton8 --mode shift-xor --fringe on --profile source
+ C:\Users\Tom\.cache\ak1\bulk_opt_final\Release\atomos_cache_bulk.exe --rows 128 --angles 1024 --epochs 3 --seed 130 --layout morton8 --mode shift-xor --fringe on --profile directed
+ C:\Users\Tom\.cache\ak1\bulk_opt_final\Release\atomos_cache_bulk.exe --rows 128 --angles 1024 --epochs 3 --seed 130 --layout morton8 --mode shift-xor --fringe on --profile mixed --out C:\Users\Tom\.cache\ak1\opt_bulk_final_conformance\conformance_default_morton8_shift-xor_on_mixed.run
+ C:\Users\Tom\.cache\ak1\bulk_opt_final\Release\atomos_cache_bulk.exe --rows 128 --angles 1024 --epochs 3 --seed 130 --layout morton8 --mode shift-or --fringe off --profile source --out C:\Users\Tom\.cache\ak1\opt_bulk_final_conformance\conformance_default_morton8_shift-or_off_source.run
+ C:\Users\Tom\.cache\ak1\bulk_opt_final\Release\atomos_cache_bulk.exe --rows 128 --angles 1024 --epochs 3 --seed 130 --layout morton8 --mode shift-or --fringe off --profile directed
+ C:\Users\Tom\.cache\ak1\bulk_opt_final\Release\atomos_cache_bulk.exe --rows 128 --angles 1024 --epochs 3 --seed 130 --layout morton8 --mode shift-or --fringe off --profile mixed
+ C:\Users\Tom\.cache\ak1\bulk_opt_final\Release\atomos_cache_bulk.exe --rows 128 --angles 1024 --epochs 3 --seed 130 --layout morton8 --mode shift-or --fringe on --profile source
+ C:\Users\Tom\.cache\ak1\bulk_opt_final\Release\atomos_cache_bulk.exe --rows 128 --angles 1024 --epochs 3 --seed 130 --layout morton8 --mode shift-or --fringe on --profile directed
+ C:\Users\Tom\.cache\ak1\bulk_opt_final\Release\atomos_cache_bulk.exe --rows 128 --angles 1024 --epochs 3 --seed 130 --layout morton8 --mode shift-or --fringe on --profile mixed
+ C:\Users\Tom\.cache\ak1\bulk_opt_final\Release\atomos_cache_bulk.exe --rows 512 --angles 16384 --epochs 3 --seed 130 --layout linear --mode provided --fringe off --profile source
+ C:\Users\Tom\.cache\ak1\bulk_opt_final\Release\atomos_cache_bulk.exe --rows 512 --angles 16384 --epochs 3 --seed 130 --layout linear --mode provided --fringe off --profile directed
+ C:\Users\Tom\.cache\ak1\bulk_opt_final\Release\atomos_cache_bulk.exe --rows 512 --angles 16384 --epochs 3 --seed 130 --layout linear --mode provided --fringe off --profile mixed
+ C:\Users\Tom\.cache\ak1\bulk_opt_final\Release\atomos_cache_bulk.exe --rows 512 --angles 16384 --epochs 3 --seed 130 --layout linear --mode provided --fringe on --profile source
+ C:\Users\Tom\.cache\ak1\bulk_opt_final\Release\atomos_cache_bulk.exe --rows 512 --angles 16384 --epochs 3 --seed 130 --layout linear --mode provided --fringe on --profile directed
+ C:\Users\Tom\.cache\ak1\bulk_opt_final\Release\atomos_cache_bulk.exe --rows 512 --angles 16384 --epochs 3 --seed 130 --layout linear --mode provided --fringe on --profile mixed
+ C:\Users\Tom\.cache\ak1\bulk_opt_final\Release\atomos_cache_bulk.exe --rows 512 --angles 16384 --epochs 3 --seed 130 --layout linear --mode recurrent --fringe off --profile source
+ C:\Users\Tom\.cache\ak1\bulk_opt_final\Release\atomos_cache_bulk.exe --rows 512 --angles 16384 --epochs 3 --seed 130 --layout linear --mode recurrent --fringe off --profile directed
+ C:\Users\Tom\.cache\ak1\bulk_opt_final\Release\atomos_cache_bulk.exe --rows 512 --angles 16384 --epochs 3 --seed 130 --layout linear --mode recurrent --fringe off --profile mixed
+ C:\Users\Tom\.cache\ak1\bulk_opt_final\Release\atomos_cache_bulk.exe --rows 512 --angles 16384 --epochs 3 --seed 130 --layout linear --mode recurrent --fringe on --profile source
+ C:\Users\Tom\.cache\ak1\bulk_opt_final\Release\atomos_cache_bulk.exe --rows 512 --angles 16384 --epochs 3 --seed 130 --layout linear --mode recurrent --fringe on --profile directed
+ C:\Users\Tom\.cache\ak1\bulk_opt_final\Release\atomos_cache_bulk.exe --rows 512 --angles 16384 --epochs 3 --seed 130 --layout linear --mode recurrent --fringe on --profile mixed
+ C:\Users\Tom\.cache\ak1\bulk_opt_final\Release\atomos_cache_bulk.exe --rows 512 --angles 16384 --epochs 3 --seed 130 --layout linear --mode shift-xor --fringe off --profile source
+ C:\Users\Tom\.cache\ak1\bulk_opt_final\Release\atomos_cache_bulk.exe --rows 512 --angles 16384 --epochs 3 --seed 130 --layout linear --mode shift-xor --fringe off --profile directed
+ C:\Users\Tom\.cache\ak1\bulk_opt_final\Release\atomos_cache_bulk.exe --rows 512 --angles 16384 --epochs 3 --seed 130 --layout linear --mode shift-xor --fringe off --profile mixed
+ C:\Users\Tom\.cache\ak1\bulk_opt_final\Release\atomos_cache_bulk.exe --rows 512 --angles 16384 --epochs 3 --seed 130 --layout linear --mode shift-xor --fringe on --profile source
+ C:\Users\Tom\.cache\ak1\bulk_opt_final\Release\atomos_cache_bulk.exe --rows 512 --angles 16384 --epochs 3 --seed 130 --layout linear --mode shift-xor --fringe on --profile directed
+ C:\Users\Tom\.cache\ak1\bulk_opt_final\Release\atomos_cache_bulk.exe --rows 512 --angles 16384 --epochs 3 --seed 130 --layout linear --mode shift-xor --fringe on --profile mixed
+ C:\Users\Tom\.cache\ak1\bulk_opt_final\Release\atomos_cache_bulk.exe --rows 512 --angles 16384 --epochs 3 --seed 130 --layout linear --mode shift-or --fringe off --profile source
+ C:\Users\Tom\.cache\ak1\bulk_opt_final\Release\atomos_cache_bulk.exe --rows 512 --angles 16384 --epochs 3 --seed 130 --layout linear --mode shift-or --fringe off --profile directed
+ C:\Users\Tom\.cache\ak1\bulk_opt_final\Release\atomos_cache_bulk.exe --rows 512 --angles 16384 --epochs 3 --seed 130 --layout linear --mode shift-or --fringe off --profile mixed
+ C:\Users\Tom\.cache\ak1\bulk_opt_final\Release\atomos_cache_bulk.exe --rows 512 --angles 16384 --epochs 3 --seed 130 --layout linear --mode shift-or --fringe on --profile source
+ C:\Users\Tom\.cache\ak1\bulk_opt_final\Release\atomos_cache_bulk.exe --rows 512 --angles 16384 --epochs 3 --seed 130 --layout linear --mode shift-or --fringe on --profile directed
+ C:\Users\Tom\.cache\ak1\bulk_opt_final\Release\atomos_cache_bulk.exe --rows 512 --angles 16384 --epochs 3 --seed 130 --layout linear --mode shift-or --fringe on --profile mixed
+ C:\Users\Tom\.cache\ak1\bulk_opt_final\Release\atomos_cache_bulk.exe --rows 512 --angles 16384 --epochs 3 --seed 130 --layout morton8 --mode provided --fringe off --profile source
+ C:\Users\Tom\.cache\ak1\bulk_opt_final\Release\atomos_cache_bulk.exe --rows 512 --angles 16384 --epochs 3 --seed 130 --layout morton8 --mode provided --fringe off --profile directed
+ C:\Users\Tom\.cache\ak1\bulk_opt_final\Release\atomos_cache_bulk.exe --rows 512 --angles 16384 --epochs 3 --seed 130 --layout morton8 --mode provided --fringe off --profile mixed
+ C:\Users\Tom\.cache\ak1\bulk_opt_final\Release\atomos_cache_bulk.exe --rows 512 --angles 16384 --epochs 3 --seed 130 --layout morton8 --mode provided --fringe on --profile source
+ C:\Users\Tom\.cache\ak1\bulk_opt_final\Release\atomos_cache_bulk.exe --rows 512 --angles 16384 --epochs 3 --seed 130 --layout morton8 --mode provided --fringe on --profile directed
+ C:\Users\Tom\.cache\ak1\bulk_opt_final\Release\atomos_cache_bulk.exe --rows 512 --angles 16384 --epochs 3 --seed 130 --layout morton8 --mode provided --fringe on --profile mixed
+ C:\Users\Tom\.cache\ak1\bulk_opt_final\Release\atomos_cache_bulk.exe --rows 512 --angles 16384 --epochs 3 --seed 130 --layout morton8 --mode recurrent --fringe off --profile source
+ C:\Users\Tom\.cache\ak1\bulk_opt_final\Release\atomos_cache_bulk.exe --rows 512 --angles 16384 --epochs 3 --seed 130 --layout morton8 --mode recurrent --fringe off --profile directed
+ C:\Users\Tom\.cache\ak1\bulk_opt_final\Release\atomos_cache_bulk.exe --rows 512 --angles 16384 --epochs 3 --seed 130 --layout morton8 --mode recurrent --fringe off --profile mixed
+ C:\Users\Tom\.cache\ak1\bulk_opt_final\Release\atomos_cache_bulk.exe --rows 512 --angles 16384 --epochs 3 --seed 130 --layout morton8 --mode recurrent --fringe on --profile source
+ C:\Users\Tom\.cache\ak1\bulk_opt_final\Release\atomos_cache_bulk.exe --rows 512 --angles 16384 --epochs 3 --seed 130 --layout morton8 --mode recurrent --fringe on --profile directed
+ C:\Users\Tom\.cache\ak1\bulk_opt_final\Release\atomos_cache_bulk.exe --rows 512 --angles 16384 --epochs 3 --seed 130 --layout morton8 --mode recurrent --fringe on --profile mixed
+ C:\Users\Tom\.cache\ak1\bulk_opt_final\Release\atomos_cache_bulk.exe --rows 512 --angles 16384 --epochs 3 --seed 130 --layout morton8 --mode shift-xor --fringe off --profile source
+ C:\Users\Tom\.cache\ak1\bulk_opt_final\Release\atomos_cache_bulk.exe --rows 512 --angles 16384 --epochs 3 --seed 130 --layout morton8 --mode shift-xor --fringe off --profile directed
+ C:\Users\Tom\.cache\ak1\bulk_opt_final\Release\atomos_cache_bulk.exe --rows 512 --angles 16384 --epochs 3 --seed 130 --layout morton8 --mode shift-xor --fringe off --profile mixed
+ C:\Users\Tom\.cache\ak1\bulk_opt_final\Release\atomos_cache_bulk.exe --rows 512 --angles 16384 --epochs 3 --seed 130 --layout morton8 --mode shift-xor --fringe on --profile source
+ C:\Users\Tom\.cache\ak1\bulk_opt_final\Release\atomos_cache_bulk.exe --rows 512 --angles 16384 --epochs 3 --seed 130 --layout morton8 --mode shift-xor --fringe on --profile directed
+ C:\Users\Tom\.cache\ak1\bulk_opt_final\Release\atomos_cache_bulk.exe --rows 512 --angles 16384 --epochs 3 --seed 130 --layout morton8 --mode shift-xor --fringe on --profile mixed
+ C:\Users\Tom\.cache\ak1\bulk_opt_final\Release\atomos_cache_bulk.exe --rows 512 --angles 16384 --epochs 3 --seed 130 --layout morton8 --mode shift-or --fringe off --profile source
+ C:\Users\Tom\.cache\ak1\bulk_opt_final\Release\atomos_cache_bulk.exe --rows 512 --angles 16384 --epochs 3 --seed 130 --layout morton8 --mode shift-or --fringe off --profile directed
+ C:\Users\Tom\.cache\ak1\bulk_opt_final\Release\atomos_cache_bulk.exe --rows 512 --angles 16384 --epochs 3 --seed 130 --layout morton8 --mode shift-or --fringe off --profile mixed
+ C:\Users\Tom\.cache\ak1\bulk_opt_final\Release\atomos_cache_bulk.exe --rows 512 --angles 16384 --epochs 3 --seed 130 --layout morton8 --mode shift-or --fringe on --profile source
+ C:\Users\Tom\.cache\ak1\bulk_opt_final\Release\atomos_cache_bulk.exe --rows 512 --angles 16384 --epochs 3 --seed 130 --layout morton8 --mode shift-or --fringe on --profile directed
+ C:\Users\Tom\.cache\ak1\bulk_opt_final\Release\atomos_cache_bulk.exe --rows 512 --angles 16384 --epochs 3 --seed 130 --layout morton8 --mode shift-or --fringe on --profile mixed
+ C:\Users\Tom\.cache\ak1\bulk_opt_final\Release\atomos_cache_bulk.exe --rows 512 --angles 16384 --epochs 1 --seed 130 --layout linear --mode recurrent --fringe on --profile mixed --out C:\Users\Tom\.cache\ak1\opt_bulk_final_conformance\python_export_max_linear.run
+ C:\Users\Tom\.cache\ak1\bulk_opt_final\Release\atomos_cache_bulk.exe --rows 512 --angles 16384 --epochs 1 --seed 130 --layout morton8 --mode recurrent --fringe on --profile mixed --out C:\Users\Tom\.cache\ak1\opt_bulk_final_conformance\python_export_max_morton8.run
C:\Users\Tom\.cache\ak1\opt_bulk_final_conformance\study.json
