0_batch_two_max_morton8: 1657.248 us
0_wrap_one_max_linear: 2550.240 us
0_baseline_max_morton8: 2482.688 us
0_batch_four_max_linear: 1282.464 us
0_wrap_one_max_morton8: 2566.656 us
0_baseline_default_morton8: 79.200 us
0_batch_two_max_linear: 1448.416 us
0_batch_four_default_linear: 50.752 us
0_wrap_one_default_linear: 75.552 us
0_batch_two_default_linear: 55.072 us
0_batch_four_max_morton8: 1306.912 us
0_baseline_max_linear: 2470.496 us
0_baseline_default_linear: 77.600 us
0_batch_four_default_morton8: 52.608 us
0_batch_two_default_morton8: 56.864 us
0_wrap_one_default_morton8: 82.080 us
1_batch_four_default_morton8: 50.400 us
1_batch_two_max_morton8: 1492.672 us
1_wrap_one_default_linear: 86.080 us
1_wrap_one_default_morton8: 81.664 us
1_wrap_one_max_morton8: 2583.008 us
1_batch_two_default_linear: 52.736 us
1_batch_four_max_morton8: 1313.312 us
1_batch_two_default_morton8: 56.960 us
1_batch_four_max_linear: 1288.544 us
1_baseline_max_linear: 2482.336 us
1_baseline_max_morton8: 2492.800 us
1_baseline_default_morton8: 83.168 us
1_baseline_default_linear: 77.280 us
1_batch_four_default_linear: 52.160 us
1_batch_two_max_linear: 1455.648 us
1_wrap_one_max_linear: 2560.512 us
2_batch_four_default_linear: 54.720 us
2_baseline_default_linear: 75.072 us
2_batch_two_max_linear: 1454.496 us
2_wrap_one_max_linear: 2560.544 us
2_baseline_max_morton8: 2494.656 us
2_baseline_max_linear: 2478.592 us
2_batch_two_default_morton8: 53.632 us
2_wrap_one_default_linear: 82.656 us
2_wrap_one_max_morton8: 2580.960 us
2_batch_four_max_morton8: 1313.056 us
2_wrap_one_default_morton8: 77.664 us
2_baseline_default_morton8: 79.328 us
2_batch_two_max_morton8: 1499.584 us
2_batch_four_default_morton8: 54.784 us
2_batch_four_max_linear: 1290.720 us
2_batch_two_default_linear: 59.136 us
