0_baseline_default_morton8: 88.640 us
0_baseline_max_morton8: 2767.136 us
0_batch_four_max_linear: 1289.824 us
0_batch_eight_max_linear: 1282.496 us
0_batch_eight_default_linear: 51.392 us
0_batch_four_default_linear: 50.912 us
0_batch_four_max_morton8: 1313.184 us
0_batch_four_default_morton8: 56.448 us
0_batch_eight_max_morton8: 1298.944 us
0_baseline_default_linear: 81.472 us
0_batch_eight_default_morton8: 53.440 us
0_baseline_max_linear: 2480.576 us
1_batch_eight_default_morton8: 51.872 us
1_baseline_max_linear: 2480.608 us
1_batch_four_max_morton8: 1313.376 us
1_batch_four_default_linear: 52.288 us
1_batch_four_default_morton8: 49.696 us
1_batch_eight_default_linear: 57.600 us
1_batch_four_max_linear: 1288.704 us
1_batch_eight_max_morton8: 1298.752 us
1_baseline_default_morton8: 82.112 us
1_baseline_default_linear: 71.168 us
1_batch_eight_max_linear: 1282.528 us
1_baseline_max_morton8: 2490.912 us
2_baseline_default_linear: 76.064 us
2_baseline_max_morton8: 2492.928 us
2_batch_eight_max_linear: 1282.368 us
2_batch_four_max_linear: 1289.824 us
2_baseline_max_linear: 2478.400 us
2_batch_eight_default_morton8: 51.264 us
2_batch_eight_max_morton8: 1298.816 us
2_batch_four_max_morton8: 1313.280 us
2_batch_eight_default_linear: 57.696 us
2_batch_four_default_morton8: 52.256 us
2_baseline_default_morton8: 77.664 us
2_batch_four_default_linear: 61.568 us
3_batch_eight_default_linear: 52.896 us
3_baseline_max_linear: 2478.624 us
3_batch_four_max_morton8: 1313.280 us
3_baseline_max_morton8: 2490.912 us
3_batch_eight_max_linear: 1281.472 us
3_batch_four_default_morton8: 57.856 us
3_batch_eight_max_morton8: 1298.880 us
3_batch_four_default_linear: 49.472 us
3_batch_four_max_linear: 1288.768 us
3_baseline_default_linear: 84.096 us
3_batch_eight_default_morton8: 56.896 us
3_baseline_default_morton8: 65.088 us
4_batch_four_default_linear: 50.368 us
4_batch_four_max_morton8: 1313.216 us
4_baseline_default_morton8: 74.112 us
4_batch_eight_default_linear: 60.448 us
4_baseline_max_linear: 2478.656 us
4_batch_four_default_morton8: 55.072 us
4_batch_eight_default_morton8: 57.696 us
4_batch_eight_max_linear: 1282.560 us
4_batch_four_max_linear: 1289.792 us
4_baseline_max_morton8: 2493.024 us
4_baseline_default_linear: 74.752 us
4_batch_eight_max_morton8: 1300.608 us
