0_selected_default_morton8: 57.536 us
0_selected_max_linear: 1423.744 us
0_baseline_max_morton8: 2484.672 us
0_selected_max_morton8: 1307.104 us
0_baseline_default_morton8: 75.552 us
0_baseline_default_linear: 81.568 us
0_selected_default_linear: 54.080 us
0_baseline_max_linear: 2468.576 us
1_selected_max_morton8: 1307.104 us
1_baseline_max_linear: 2470.144 us
1_selected_default_linear: 52.288 us
1_baseline_default_morton8: 78.144 us
1_selected_max_linear: 1283.456 us
1_baseline_default_linear: 79.872 us
1_selected_default_morton8: 53.536 us
1_baseline_max_morton8: 2484.832 us
2_selected_max_morton8: 1307.136 us
2_baseline_default_morton8: 72.896 us
2_baseline_max_morton8: 2482.752 us
2_baseline_max_linear: 2470.464 us
2_baseline_default_linear: 77.888 us
2_selected_default_morton8: 52.704 us
2_selected_max_linear: 1283.872 us
2_selected_default_linear: 56.160 us
3_selected_max_linear: 1284.512 us
3_selected_max_morton8: 1307.136 us
3_baseline_max_linear: 2468.544 us
3_baseline_max_morton8: 2482.752 us
3_baseline_default_linear: 77.824 us
3_selected_default_morton8: 62.080 us
3_selected_default_linear: 51.648 us
3_baseline_default_morton8: 81.600 us
4_selected_default_linear: 51.936 us
4_selected_max_linear: 1282.592 us
4_baseline_max_linear: 2468.352 us
4_selected_default_morton8: 55.392 us
4_selected_max_morton8: 1306.048 us
4_baseline_max_morton8: 2480.768 us
4_baseline_default_morton8: 85.088 us
4_baseline_default_linear: 76.128 us
