==WARNING== Note: Running with uncontrolled GPU caches. Profiling results may be inconsistent.
==PROF== Connected to process 68992 (C:\Users\Tom\.cache\ak1\gpu128\Release\atomos_cuda.exe)
==PROF== Profiling "atomos_epoch_texture" - 0 (1/1): Application replay pass 1
==PROF== Disconnected from process 68992
==PROF== Connected to process 69220 (C:\Users\Tom\.cache\ak1\gpu128\Release\atomos_cuda.exe)
==PROF== Profiling "atomos_epoch_texture" - 0 (1/1): Application replay pass 2
==PROF== Disconnected from process 69220
==PROF== Connected to process 66376 (C:\Users\Tom\.cache\ak1\gpu128\Release\atomos_cuda.exe)
==PROF== Profiling "atomos_epoch_texture" - 0 (1/1): Application replay pass 3
==PROF== Disconnected from process 66376
==PROF== Connected to process 55092 (C:\Users\Tom\.cache\ak1\gpu128\Release\atomos_cuda.exe)
==PROF== Profiling "atomos_epoch_texture" - 0 (1/1): Application replay pass 4
==PROF== Disconnected from process 55092
==PROF== Connected to process 65960 (C:\Users\Tom\.cache\ak1\gpu128\Release\atomos_cuda.exe)
==PROF== Profiling "atomos_epoch_texture" - 0 (1/1): Application replay pass 5
==PROF== Disconnected from process 65960
==PROF== Connected to process 16620 (C:\Users\Tom\.cache\ak1\gpu128\Release\atomos_cuda.exe)
==PROF== Profiling "atomos_epoch_texture" - 0 (1/1): Application replay pass 6
==PROF== Disconnected from process 16620
==PROF== Connected to process 68424 (C:\Users\Tom\.cache\ak1\gpu128\Release\atomos_cuda.exe)
==PROF== Profiling "atomos_epoch_texture" - 0 (1/1): Application replay pass 7
==PROF== Disconnected from process 68424
==PROF== Connected to process 65392 (C:\Users\Tom\.cache\ak1\gpu128\Release\atomos_cuda.exe)
==PROF== Profiling "atomos_epoch_texture" - 0 (1/1): Application replay pass 8
==PROF== Disconnected from process 65392
==PROF== Connected to process 65572 (C:\Users\Tom\.cache\ak1\gpu128\Release\atomos_cuda.exe)
==PROF== Profiling "atomos_epoch_texture" - 0 (1/1): Application replay pass 9
==PROF== Disconnected from process 65572
==PROF== Connected to process 67600 (C:\Users\Tom\.cache\ak1\gpu128\Release\atomos_cuda.exe)
==PROF== Profiling "atomos_epoch_texture" - 0 (1/1): Application replay pass 10
==PROF== Disconnected from process 67600
==PROF== Connected to process 69140 (C:\Users\Tom\.cache\ak1\gpu128\Release\atomos_cuda.exe)
==PROF== Profiling "atomos_epoch_texture" - 0 (1/1): Application replay pass 11
==PROF== Disconnected from process 69140
==PROF== Connected to process 43784 (C:\Users\Tom\.cache\ak1\gpu128\Release\atomos_cuda.exe)
==PROF== Profiling "atomos_epoch_texture" - 0 (1/1): Application replay pass 12
==PROF== Disconnected from process 43784
==PROF== Connected to process 65160 (C:\Users\Tom\.cache\ak1\gpu128\Release\atomos_cuda.exe)
==PROF== Profiling "atomos_epoch_texture" - 0 (1/1): Application replay pass 13
==PROF== Disconnected from process 65160
==PROF== Connected to process 66108 (C:\Users\Tom\.cache\ak1\gpu128\Release\atomos_cuda.exe)
==PROF== Profiling "atomos_epoch_texture" - 0 (1/1): Application replay pass 14
==PROF== Disconnected from process 66108
==PROF== Connected to process 67084 (C:\Users\Tom\.cache\ak1\gpu128\Release\atomos_cuda.exe)
==PROF== Profiling "atomos_epoch_texture" - 0 (1/1): Application replay pass 15
==PROF== Disconnected from process 67084
==PROF== Connected to process 70564 (C:\Users\Tom\.cache\ak1\gpu128\Release\atomos_cuda.exe)
==PROF== Profiling "atomos_epoch_texture" - 0 (1/1): Application replay pass 16
==PROF== Disconnected from process 70564
==PROF== Connected to process 20688 (C:\Users\Tom\.cache\ak1\gpu128\Release\atomos_cuda.exe)
==PROF== Profiling "atomos_epoch_texture" - 0 (1/1): Application replay pass 17
==PROF== Disconnected from process 20688
==PROF== Connected to process 65012 (C:\Users\Tom\.cache\ak1\gpu128\Release\atomos_cuda.exe)
==PROF== Profiling "atomos_epoch_texture" - 0 (1/1): Application replay pass 18
==PROF== Disconnected from process 65012
==PROF== Connected to process 69868 (C:\Users\Tom\.cache\ak1\gpu128\Release\atomos_cuda.exe)
==PROF== Profiling "atomos_epoch_texture" - 0 (1/1): Application replay pass 19
==PROF== Disconnected from process 69868
==PROF== Connected to process 67604 (C:\Users\Tom\.cache\ak1\gpu128\Release\atomos_cuda.exe)
==PROF== Profiling "atomos_epoch_texture" - 0 (1/1): Application replay pass 20
==PROF== Disconnected from process 67604
==PROF== Connected to process 67648 (C:\Users\Tom\.cache\ak1\gpu128\Release\atomos_cuda.exe)
==PROF== Profiling "atomos_epoch_texture" - 0 (1/1): Application replay pass 21
==PROF== Disconnected from process 67648
==PROF== Connected to process 66104 (C:\Users\Tom\.cache\ak1\gpu128\Release\atomos_cuda.exe)
==PROF== Profiling "atomos_epoch_texture" - 0 (1/1): Application replay pass 22
==PROF== Disconnected from process 66104
==PROF== Connected to process 42272 (C:\Users\Tom\.cache\ak1\gpu128\Release\atomos_cuda.exe)
==PROF== Profiling "atomos_epoch_texture" - 0 (1/1): Application replay pass 23
==PROF== Disconnected from process 42272
==PROF== Connected to process 43608 (C:\Users\Tom\.cache\ak1\gpu128\Release\atomos_cuda.exe)
==PROF== Profiling "atomos_epoch_texture" - 0 (1/1): Application replay pass 24
==PROF== Disconnected from process 43608
==PROF== Connected to process 69696 (C:\Users\Tom\.cache\ak1\gpu128\Release\atomos_cuda.exe)
==PROF== Profiling "atomos_epoch_texture" - 0 (1/1): Application replay pass 25
==PROF== Disconnected from process 69696
==PROF== Connected to process 65012 (C:\Users\Tom\.cache\ak1\gpu128\Release\atomos_cuda.exe)
==PROF== Profiling "atomos_epoch_texture" - 0 (1/1): Application replay pass 26
==PROF== Disconnected from process 65012
==PROF== Connected to process 70428 (C:\Users\Tom\.cache\ak1\gpu128\Release\atomos_cuda.exe)
==PROF== Profiling "atomos_epoch_texture" - 0 (1/1): Application replay pass 27
==PROF== Disconnected from process 70428
==PROF== Connected to process 69548 (C:\Users\Tom\.cache\ak1\gpu128\Release\atomos_cuda.exe)
==PROF== Profiling "atomos_epoch_texture" - 0 (1/1): Application replay pass 28
==PROF== Disconnected from process 69548
==PROF== Connected to process 47784 (C:\Users\Tom\.cache\ak1\gpu128\Release\atomos_cuda.exe)
==PROF== Profiling "atomos_epoch_texture" - 0 (1/1): Application replay pass 29
==PROF== Disconnected from process 47784
==PROF== Connected to process 65572 (C:\Users\Tom\.cache\ak1\gpu128\Release\atomos_cuda.exe)
==PROF== Profiling "atomos_epoch_texture" - 0 (1/1): Application replay pass 30
==PROF== Disconnected from process 65572
==PROF== Creating report from application replay data: 0%.................100%
[68992] atomos_cuda.exe@127.0.0.1
  unnamed>::atomos_epoch_texture(Config, const State *, const Lane *, unsigned long long, unsigned long long, unsigned long long, unsigned long long, Result *) (16, 1, 1)x(256, 1, 1), Context 1, Stream 7, Device 0, CC 12.0
    Section: Memory Workload Analysis Tables
    OPT   Est. Local Speedup: 13.49%                                                                                    
          The memory access pattern for global loads from DRAM might not be optimal. On average, only 6.8 of the 32     
          bytes transmitted per sector are utilized by each thread. This applies to the 0.0% of sectors missed in L2.   
          This could possibly be caused by a stride between threads. Check the Source Counters section for uncoalesced  
          global loads.                                                                                                 
    ----- --------------------------------------------------------------------------------------------------------------
    OPT   Est. Speedup: 1.958%                                                                                          
          The memory access pattern for global stores to L1TEX might not be optimal. On average, only 8.0 of the 32     
          bytes transmitted per sector are utilized by each thread. This could possibly be caused by a stride between   
          threads. Check the Source Counters section for uncoalesced global stores.                                     

==WARNING== No metrics to show for section(s): MemoryWorkloadAnalysis_Tables. Use --print-details option to change the part of the section that should be shown.
