MSBuild version 17.14.23+b0019275e for .NET Framework

  atomos_exact.vcxproj -> C:\aTOMosBuild\r17cuda\Release\atomos_exact.lib
  log_severity.vcxproj -> C:\aTOMosBuild\r17cuda\_deps\absl-build\absl\base\Release\absl_log_severity.lib
  raw_logging_internal.vcxproj -> C:\aTOMosBuild\r17cuda\_deps\absl-build\absl\base\Release\absl_raw_logging_internal.lib
  spinlock_wait.vcxproj -> C:\aTOMosBuild\r17cuda\_deps\absl-build\absl\base\Release\absl_spinlock_wait.lib
  base.vcxproj -> C:\aTOMosBuild\r17cuda\_deps\absl-build\absl\base\Release\absl_base.lib
  city.vcxproj -> C:\aTOMosBuild\r17cuda\_deps\absl-build\absl\hash\Release\absl_city.lib
  civil_time.vcxproj -> C:\aTOMosBuild\r17cuda\_deps\absl-build\absl\time\Release\absl_civil_time.lib
  crc_cpu_detect.vcxproj -> C:\aTOMosBuild\r17cuda\_deps\absl-build\absl\crc\Release\absl_crc_cpu_detect.lib
  crc_internal.vcxproj -> C:\aTOMosBuild\r17cuda\_deps\absl-build\absl\crc\Release\absl_crc_internal.lib
  int128.vcxproj -> C:\aTOMosBuild\r17cuda\_deps\absl-build\absl\numeric\Release\absl_int128.lib
  source_location.vcxproj -> C:\aTOMosBuild\r17cuda\_deps\absl-build\absl\types\Release\absl_source_location.lib
  throw_delegate.vcxproj -> C:\aTOMosBuild\r17cuda\_deps\absl-build\absl\base\Release\absl_throw_delegate.lib
  strings_internal.vcxproj -> C:\aTOMosBuild\r17cuda\_deps\absl-build\absl\strings\Release\absl_strings_internal.lib
  strings.vcxproj -> C:\aTOMosBuild\r17cuda\_deps\absl-build\absl\strings\Release\absl_strings.lib
  str_format_internal.vcxproj -> C:\aTOMosBuild\r17cuda\_deps\absl-build\absl\strings\Release\absl_str_format_internal.lib
  crc32c.vcxproj -> C:\aTOMosBuild\r17cuda\_deps\absl-build\absl\crc\Release\absl_crc32c.lib
  crc_cord_state.vcxproj -> C:\aTOMosBuild\r17cuda\_deps\absl-build\absl\crc\Release\absl_crc_cord_state.lib
  debugging_internal.vcxproj -> C:\aTOMosBuild\r17cuda\_deps\absl-build\absl\debugging\Release\absl_debugging_internal.lib
  hash.vcxproj -> C:\aTOMosBuild\r17cuda\_deps\absl-build\absl\hash\Release\absl_hash.lib
  cord_internal.vcxproj -> C:\aTOMosBuild\r17cuda\_deps\absl-build\absl\strings\Release\absl_cord_internal.lib
  exponential_biased.vcxproj -> C:\aTOMosBuild\r17cuda\_deps\absl-build\absl\profiling\Release\absl_exponential_biased.lib
  cordz_functions.vcxproj -> C:\aTOMosBuild\r17cuda\_deps\absl-build\absl\strings\Release\absl_cordz_functions.lib
  utf8_for_code_point.vcxproj -> C:\aTOMosBuild\r17cuda\_deps\absl-build\absl\debugging\Release\absl_utf8_for_code_point.lib
  decode_rust_punycode.vcxproj -> C:\aTOMosBuild\r17cuda\_deps\absl-build\absl\debugging\Release\absl_decode_rust_punycode.lib
  demangle_rust.vcxproj -> C:\aTOMosBuild\r17cuda\_deps\absl-build\absl\debugging\Release\absl_demangle_rust.lib
  demangle_internal.vcxproj -> C:\aTOMosBuild\r17cuda\_deps\absl-build\absl\debugging\Release\absl_demangle_internal.lib
  malloc_internal.vcxproj -> C:\aTOMosBuild\r17cuda\_deps\absl-build\absl\base\Release\absl_malloc_internal.lib
  graphcycles_internal.vcxproj -> C:\aTOMosBuild\r17cuda\_deps\absl-build\absl\synchronization\Release\absl_graphcycles_internal.lib
  time_zone.vcxproj -> C:\aTOMosBuild\r17cuda\_deps\absl-build\absl\time\Release\absl_time_zone.lib
  time.vcxproj -> C:\aTOMosBuild\r17cuda\_deps\absl-build\absl\time\Release\absl_time.lib
  kernel_timeout_internal.vcxproj -> C:\aTOMosBuild\r17cuda\_deps\absl-build\absl\synchronization\Release\absl_kernel_timeout_internal.lib
  stacktrace.vcxproj -> C:\aTOMosBuild\r17cuda\_deps\absl-build\absl\debugging\Release\absl_stacktrace.lib
  symbolize.vcxproj -> C:\aTOMosBuild\r17cuda\_deps\absl-build\absl\debugging\Release\absl_symbolize.lib
  tracing_internal.vcxproj -> C:\aTOMosBuild\r17cuda\_deps\absl-build\absl\base\Release\absl_tracing_internal.lib
  synchronization.vcxproj -> C:\aTOMosBuild\r17cuda\_deps\absl-build\absl\synchronization\Release\absl_synchronization.lib
  cordz_handle.vcxproj -> C:\aTOMosBuild\r17cuda\_deps\absl-build\absl\strings\Release\absl_cordz_handle.lib
  cordz_info.vcxproj -> C:\aTOMosBuild\r17cuda\_deps\absl-build\absl\strings\Release\absl_cordz_info.lib
  cord.vcxproj -> C:\aTOMosBuild\r17cuda\_deps\absl-build\absl\strings\Release\absl_cord.lib
  examine_stack.vcxproj -> C:\aTOMosBuild\r17cuda\_deps\absl-build\absl\debugging\Release\absl_examine_stack.lib
  flags_commandlineflag_internal.vcxproj -> C:\aTOMosBuild\r17cuda\_deps\absl-build\absl\flags\Release\absl_flags_commandlineflag_internal.lib
  flags_commandlineflag.vcxproj -> C:\aTOMosBuild\r17cuda\_deps\absl-build\absl\flags\Release\absl_flags_commandlineflag.lib
  flags_program_name.vcxproj -> C:\aTOMosBuild\r17cuda\_deps\absl-build\absl\flags\Release\absl_flags_program_name.lib
  flags_config.vcxproj -> C:\aTOMosBuild\r17cuda\_deps\absl-build\absl\flags\Release\absl_flags_config.lib
  flags_marshalling.vcxproj -> C:\aTOMosBuild\r17cuda\_deps\absl-build\absl\flags\Release\absl_flags_marshalling.lib
  flags_internal.vcxproj -> C:\aTOMosBuild\r17cuda\_deps\absl-build\absl\flags\Release\absl_flags_internal.lib
  flags_private_handle_accessor.vcxproj -> C:\aTOMosBuild\r17cuda\_deps\absl-build\absl\flags\Release\absl_flags_private_handle_accessor.lib
  hashtablez_sampler.vcxproj -> C:\aTOMosBuild\r17cuda\_deps\absl-build\absl\container\Release\absl_hashtablez_sampler.lib
  raw_hash_set.vcxproj -> C:\aTOMosBuild\r17cuda\_deps\absl-build\absl\container\Release\absl_raw_hash_set.lib
  flags_reflection.vcxproj -> C:\aTOMosBuild\r17cuda\_deps\absl-build\absl\flags\Release\absl_flags_reflection.lib
  leak_check.vcxproj -> C:\aTOMosBuild\r17cuda\_deps\absl-build\absl\debugging\Release\absl_leak_check.lib
  log_internal_proto.vcxproj -> C:\aTOMosBuild\r17cuda\_deps\absl-build\absl\log\Release\absl_log_internal_proto.lib
  log_entry.vcxproj -> C:\aTOMosBuild\r17cuda\_deps\absl-build\absl\log\Release\absl_log_entry.lib
  log_internal_fnmatch.vcxproj -> C:\aTOMosBuild\r17cuda\_deps\absl-build\absl\log\Release\absl_log_internal_fnmatch.lib
  vlog_config_internal.vcxproj -> C:\aTOMosBuild\r17cuda\_deps\absl-build\absl\log\Release\absl_vlog_config_internal.lib
  log_globals.vcxproj -> C:\aTOMosBuild\r17cuda\_deps\absl-build\absl\log\Release\absl_log_globals.lib
  log_internal_globals.vcxproj -> C:\aTOMosBuild\r17cuda\_deps\absl-build\absl\log\Release\absl_log_internal_globals.lib
  log_internal_format.vcxproj -> C:\aTOMosBuild\r17cuda\_deps\absl-build\absl\log\Release\absl_log_internal_format.lib
  log_sink.vcxproj -> C:\aTOMosBuild\r17cuda\_deps\absl-build\absl\log\Release\absl_log_sink.lib
  log_internal_log_sink_set.vcxproj -> C:\aTOMosBuild\r17cuda\_deps\absl-build\absl\log\Release\absl_log_internal_log_sink_set.lib
  log_internal_nullguard.vcxproj -> C:\aTOMosBuild\r17cuda\_deps\absl-build\absl\log\Release\absl_log_internal_nullguard.lib
  log_internal_structured_proto.vcxproj -> C:\aTOMosBuild\r17cuda\_deps\absl-build\absl\log\Release\absl_log_internal_structured_proto.lib
  strerror.vcxproj -> C:\aTOMosBuild\r17cuda\_deps\absl-build\absl\base\Release\absl_strerror.lib
  log_internal_message.vcxproj -> C:\aTOMosBuild\r17cuda\_deps\absl-build\absl\log\Release\absl_log_internal_message.lib
  log_internal_check_op.vcxproj -> C:\aTOMosBuild\r17cuda\_deps\absl-build\absl\log\Release\absl_log_internal_check_op.lib
  log_internal_conditions.vcxproj -> C:\aTOMosBuild\r17cuda\_deps\absl-build\absl\log\Release\absl_log_internal_conditions.lib
  status.vcxproj -> C:\aTOMosBuild\r17cuda\_deps\absl-build\absl\status\Release\absl_status.lib
  statusor.vcxproj -> C:\aTOMosBuild\r17cuda\_deps\absl-build\absl\status\Release\absl_statusor.lib
  s2.vcxproj -> C:\aTOMosBuild\r17cuda\s2\Release\s2.lib
  atomos_resident.vcxproj -> C:\aTOMosBuild\r17cuda\Release\atomos_resident.lib
  atomos_resident_feedback.vcxproj -> C:\aTOMosBuild\r17cuda\Release\atomos_resident_feedback.lib
  atomos_texture.vcxproj -> C:\aTOMosBuild\r17cuda\Release\atomos_texture.lib
  Compiling CUDA source file ..\..\OMT AC031 Womack remarkable carmack oculus master quest half-life 3 gabecube\aTOMos_v3_6_1_5_SATNAV_UGTS_Tom_Klootwijk\atomOS_3_6_1_17_FUSED_WORD_ENGINE\cuda\tomagi_vm.cu...
  
  C:\aTOMosBuild\r17cuda>"C:\Program Files\NVIDIA GPU Computing Toolkit\CUDA\v12.8\bin\nvcc.exe"  --use-local-env -ccbin "C:\Program Files (x86)\Microsoft Visual Studio\2022\BuildTools\VC\Tools\MSVC\14.44.35207\bin\HostX64\x64" -x cu   -I"C:\OMT AC031 Womack remarkable carmack oculus master quest half-life 3 gabecube\aTOMos_v3_6_1_5_SATNAV_UGTS_Tom_Klootwijk\atomOS_3_6_1_17_FUSED_WORD_ENGINE\include" -I"C:\Program Files\NVIDIA GPU Computing Toolkit\CUDA\v12.8\include" -I"C:\Program Files\NVIDIA GPU Computing Toolkit\CUDA\v12.8\include"     --keep-dir atomos_tomagi\x64\Release  -maxrregcount=0    --machine 64 --compile -cudart static -forward-unknown-to-host-compiler -std=c++17 --generate-code=arch=compute_120,code=[sm_120] --generate-code=arch=compute_120,code=[compute_120] -Xcompiler="/EHsc -Ob2"   -D_WINDOWS -DNDEBUG -D"CMAKE_INTDIR=\"Release\"" -D_MBCS -D"CMAKE_INTDIR=\"Release\"" -Xcompiler "/EHsc /W1 /nologo /O2 /FS   /MD " -Xcompiler "/FdC:\aTOMosBuild\r17cuda\Release\atomos_tomagi.pdb" -o atomos_tomagi.dir\Release\tomagi_vm.obj "C:\OMT AC031 Womack remarkable carmack oculus master quest half-life 3 gabecube\aTOMos_v3_6_1_5_SATNAV_UGTS_Tom_Klootwijk\atomOS_3_6_1_17_FUSED_WORD_ENGINE\cuda\tomagi_vm.cu" 
C:\OMT AC031 Womack remarkable carmack oculus master quest half-life 3 gabecube\aTOMos_v3_6_1_5_SATNAV_UGTS_Tom_Klootwijk\atomOS_3_6_1_17_FUSED_WORD_ENGINE\cuda\tomagi_vm.cu(39): warning #177-D: function "atomos::tomagi::<unnamed>::Texture::operator=(atomos::tomagi::<unnamed>::Texture &&) noexcept" was declared but never referenced [C:\aTOMosBuild\r17cuda\atomos_tomagi.vcxproj]
        Texture& operator=(Texture&& o)noexcept{if(this!=&o){if(value)cudaDestroyTextureObject(value);value=o.value;o.value=0;}return *this;}
                 ^
  
  Remark: The warnings can be suppressed with "-diag-suppress <warning-number>"
  
  tomagi_vm.cu
  tmpxft_00020428_00000000-7_tomagi_vm.cudafe1.cpp
  Compiling CUDA source file ..\..\OMT AC031 Womack remarkable carmack oculus master quest half-life 3 gabecube\aTOMos_v3_6_1_5_SATNAV_UGTS_Tom_Klootwijk\atomOS_3_6_1_17_FUSED_WORD_ENGINE\cuda\tomagi_feedback.cu...
  
  C:\aTOMosBuild\r17cuda>"C:\Program Files\NVIDIA GPU Computing Toolkit\CUDA\v12.8\bin\nvcc.exe"  --use-local-env -ccbin "C:\Program Files (x86)\Microsoft Visual Studio\2022\BuildTools\VC\Tools\MSVC\14.44.35207\bin\HostX64\x64" -x cu   -I"C:\OMT AC031 Womack remarkable carmack oculus master quest half-life 3 gabecube\aTOMos_v3_6_1_5_SATNAV_UGTS_Tom_Klootwijk\atomOS_3_6_1_17_FUSED_WORD_ENGINE\include" -I"C:\Program Files\NVIDIA GPU Computing Toolkit\CUDA\v12.8\include" -I"C:\Program Files\NVIDIA GPU Computing Toolkit\CUDA\v12.8\include"     --keep-dir atomos_tomagi\x64\Release  -maxrregcount=0    --machine 64 --compile -cudart static -forward-unknown-to-host-compiler -std=c++17 --generate-code=arch=compute_120,code=[sm_120] --generate-code=arch=compute_120,code=[compute_120] -Xcompiler="/EHsc -Ob2"   -D_WINDOWS -DNDEBUG -D"CMAKE_INTDIR=\"Release\"" -D_MBCS -D"CMAKE_INTDIR=\"Release\"" -Xcompiler "/EHsc /W1 /nologo /O2 /FS   /MD " -Xcompiler "/FdC:\aTOMosBuild\r17cuda\Release\atomos_tomagi.pdb" -o atomos_tomagi.dir\Release\tomagi_feedback.obj "C:\OMT AC031 Womack remarkable carmack oculus master quest half-life 3 gabecube\aTOMos_v3_6_1_5_SATNAV_UGTS_Tom_Klootwijk\atomOS_3_6_1_17_FUSED_WORD_ENGINE\cuda\tomagi_feedback.cu" 
  tomagi_feedback.cu
  tmpxft_00020490_00000000-7_tomagi_feedback.cudafe1.cpp
  atomos_tomagi.vcxproj -> C:\aTOMosBuild\r17cuda\Release\atomos_tomagi.lib
  clock_interface.vcxproj -> C:\aTOMosBuild\r17cuda\_deps\absl-build\absl\time\Release\absl_clock_interface.lib
  compare_resident.vcxproj -> C:\aTOMosBuild\r17cuda\Release\compare_resident.exe
  compare_s2.vcxproj -> C:\aTOMosBuild\r17cuda\Release\compare_s2.exe
  cordz_sample_token.vcxproj -> C:\aTOMosBuild\r17cuda\_deps\absl-build\absl\strings\Release\absl_cordz_sample_token.lib
  die_if_null.vcxproj -> C:\aTOMosBuild\r17cuda\_deps\absl-build\absl\log\Release\absl_die_if_null.lib
  engine_demo.vcxproj -> C:\aTOMosBuild\r17cuda\Release\engine_demo.exe
  exact_program_tests.vcxproj -> C:\aTOMosBuild\r17cuda\Release\exact_program_tests.exe
  failure_signal_handler.vcxproj -> C:\aTOMosBuild\r17cuda\_deps\absl-build\absl\debugging\Release\absl_failure_signal_handler.lib
  flags_usage_internal.vcxproj -> C:\aTOMosBuild\r17cuda\_deps\absl-build\absl\flags\Release\absl_flags_usage_internal.lib
  flags_usage.vcxproj -> C:\aTOMosBuild\r17cuda\_deps\absl-build\absl\flags\Release\absl_flags_usage.lib
  flags_parse.vcxproj -> C:\aTOMosBuild\r17cuda\_deps\absl-build\absl\flags\Release\absl_flags_parse.lib
  generic_printer_internal.vcxproj -> C:\aTOMosBuild\r17cuda\_deps\absl-build\absl\strings\Release\absl_generic_printer_internal.lib
  profile_builder.vcxproj -> C:\aTOMosBuild\r17cuda\_deps\absl-build\absl\profiling\Release\absl_profile_builder.lib
  hashtable_profiler.vcxproj -> C:\aTOMosBuild\r17cuda\_deps\absl-build\absl\profiling\Release\absl_hashtable_profiler.lib
  log_flags.vcxproj -> C:\aTOMosBuild\r17cuda\_deps\absl-build\absl\log\Release\absl_log_flags.lib
  log_initialize.vcxproj -> C:\aTOMosBuild\r17cuda\_deps\absl-build\absl\log\Release\absl_log_initialize.lib
  periodic_sampler.vcxproj -> C:\aTOMosBuild\r17cuda\_deps\absl-build\absl\profiling\Release\absl_periodic_sampler.lib
  poison.vcxproj -> C:\aTOMosBuild\r17cuda\_deps\absl-build\absl\base\Release\absl_poison.lib
  random_distributions.vcxproj -> C:\aTOMosBuild\r17cuda\_deps\absl-build\absl\random\Release\absl_random_distributions.lib
  random_internal_distribution_test_util.vcxproj -> C:\aTOMosBuild\r17cuda\_deps\absl-build\absl\random\Release\absl_random_internal_distribution_test_util.lib
  random_internal_platform.vcxproj -> C:\aTOMosBuild\r17cuda\_deps\absl-build\absl\random\Release\absl_random_internal_platform.lib
  random_internal_randen_hwaes_impl.vcxproj -> C:\aTOMosBuild\r17cuda\_deps\absl-build\absl\random\Release\absl_random_internal_randen_hwaes_impl.lib
  random_internal_randen_hwaes.vcxproj -> C:\aTOMosBuild\r17cuda\_deps\absl-build\absl\random\Release\absl_random_internal_randen_hwaes.lib
  random_internal_randen_slow.vcxproj -> C:\aTOMosBuild\r17cuda\_deps\absl-build\absl\random\Release\absl_random_internal_randen_slow.lib
  random_internal_randen.vcxproj -> C:\aTOMosBuild\r17cuda\_deps\absl-build\absl\random\Release\absl_random_internal_randen.lib
  random_internal_seed_material.vcxproj -> C:\aTOMosBuild\r17cuda\_deps\absl-build\absl\random\Release\absl_random_internal_seed_material.lib
  random_seed_gen_exception.vcxproj -> C:\aTOMosBuild\r17cuda\_deps\absl-build\absl\random\Release\absl_random_seed_gen_exception.lib
  random_internal_entropy_pool.vcxproj -> C:\aTOMosBuild\r17cuda\_deps\absl-build\absl\random\Release\absl_random_internal_entropy_pool.lib
  random_seed_sequences.vcxproj -> C:\aTOMosBuild\r17cuda\_deps\absl-build\absl\random\Release\absl_random_seed_sequences.lib
  resident_feedback_tests.vcxproj -> C:\aTOMosBuild\r17cuda\Release\resident_feedback_tests.exe
  resident_index_tests.vcxproj -> C:\aTOMosBuild\r17cuda\Release\resident_index_tests.exe
  scoped_set_env.vcxproj -> C:\aTOMosBuild\r17cuda\_deps\absl-build\absl\base\Release\absl_scoped_set_env.lib
  spatial_index_tests.vcxproj -> C:\aTOMosBuild\r17cuda\Release\spatial_index_tests.exe
  status_builder.vcxproj -> C:\aTOMosBuild\r17cuda\_deps\absl-build\absl\status\Release\absl_status_builder.lib
  texture_tests.vcxproj -> C:\aTOMosBuild\r17cuda\Release\texture_tests.exe
  tomagi_reference.vcxproj -> C:\aTOMosBuild\r17cuda\Release\tomagi_reference.lib
  tomagi_feedback_tests.vcxproj -> C:\aTOMosBuild\r17cuda\Release\tomagi_feedback_tests.exe
  tomagi_fused_tests.cpp
  tomagi_fused_tests.vcxproj -> C:\aTOMosBuild\r17cuda\Release\tomagi_fused_tests.exe
  tomagi_vm_tests.vcxproj -> C:\aTOMosBuild\r17cuda\Release\tomagi_vm_tests.exe
  word_cache_benchmark.vcxproj -> C:\aTOMosBuild\r17cuda\Release\word_cache_benchmark.exe
  wqk_run.vcxproj -> C:\aTOMosBuild\r17cuda\Release\wqk_run.exe
