MSBuild version 17.14.23+b0019275e for .NET Framework

  1>Checking Build System
  Building Custom Rule C:/OMT AC031 Womack remarkable carmack oculus master quest half-life 3 gabecube/atomOS_v3_6_RTX5070Ti_Laptop_Kernel_Tom_Klootwijk/atomOS_v3_6_CUDA_Verification/CMakeLists.txt
  Building Custom Rule C:/OMT AC031 Womack remarkable carmack oculus master quest half-life 3 gabecube/atomOS_v3_6_RTX5070Ti_Laptop_Kernel_Tom_Klootwijk/atomOS_v3_6_CUDA_Verification/CMakeLists.txt
  main.cpp
  Building Custom Rule C:/OMT AC031 Womack remarkable carmack oculus master quest half-life 3 gabecube/atomOS_v3_6_RTX5070Ti_Laptop_Kernel_Tom_Klootwijk/atomOS_v3_6_CUDA_Verification/CMakeLists.txt
  test_packed_atlas.cpp
  test_klein.cpp
  atomos_klein_tests.vcxproj -> C:\Users\Tom\.cache\ak1\expression_cpu\Release\atomos_klein_tests.exe
  Building Custom Rule C:/OMT AC031 Womack remarkable carmack oculus master quest half-life 3 gabecube/atomOS_v3_6_RTX5070Ti_Laptop_Kernel_Tom_Klootwijk/atomOS_v3_6_CUDA_Verification/CMakeLists.txt
  atomos_packed_atlas_tests.vcxproj -> C:\Users\Tom\.cache\ak1\expression_cpu\Release\atomos_packed_atlas_tests.exe
  Building Custom Rule C:/OMT AC031 Womack remarkable carmack oculus master quest half-life 3 gabecube/atomOS_v3_6_RTX5070Ti_Laptop_Kernel_Tom_Klootwijk/atomOS_v3_6_CUDA_Verification/CMakeLists.txt
  test_publication.cpp
  test_sdf_lineage.cpp
  atomos_cpu.vcxproj -> C:\Users\Tom\.cache\ak1\expression_cpu\Release\atomos_cpu.exe
  Building Custom Rule C:/OMT AC031 Womack remarkable carmack oculus master quest half-life 3 gabecube/atomOS_v3_6_RTX5070Ti_Laptop_Kernel_Tom_Klootwijk/atomOS_v3_6_CUDA_Verification/CMakeLists.txt
  test_sdf_nor.cpp
  atomos_sdf_lineage_tests.vcxproj -> C:\Users\Tom\.cache\ak1\expression_cpu\Release\atomos_sdf_lineage_tests.exe
  Building Custom Rule C:/OMT AC031 Womack remarkable carmack oculus master quest half-life 3 gabecube/atomOS_v3_6_RTX5070Ti_Laptop_Kernel_Tom_Klootwijk/atomOS_v3_6_CUDA_Verification/CMakeLists.txt
  Building Custom Rule C:/OMT AC031 Womack remarkable carmack oculus master quest half-life 3 gabecube/atomOS_v3_6_RTX5070Ti_Laptop_Kernel_Tom_Klootwijk/atomOS_v3_6_CUDA_Verification/CMakeLists.txt
  test_core.cpp
  test_universal.cpp
  atomos_publication_tests.vcxproj -> C:\Users\Tom\.cache\ak1\expression_cpu\Release\atomos_publication_tests.exe
  atomos_sdf_nor_tests.vcxproj -> C:\Users\Tom\.cache\ak1\expression_cpu\Release\atomos_sdf_nor_tests.exe
  atomos_tests.vcxproj -> C:\Users\Tom\.cache\ak1\expression_cpu\Release\atomos_tests.exe
  atomos_universal_tests.vcxproj -> C:\Users\Tom\.cache\ak1\expression_cpu\Release\atomos_universal_tests.exe
  Building Custom Rule C:/OMT AC031 Womack remarkable carmack oculus master quest half-life 3 gabecube/atomOS_v3_6_RTX5070Ti_Laptop_Kernel_Tom_Klootwijk/atomOS_v3_6_CUDA_Verification/CMakeLists.txt
