MSBuild version 17.14.23+b0019275e for .NET Framework

  utf8_for_code_point.vcxproj -> C:\aTOMosBuild\r15cuda\_deps\absl-build\absl\debugging\Release\absl_utf8_for_code_point.lib
  log_severity.vcxproj -> C:\aTOMosBuild\r15cuda\_deps\absl-build\absl\base\Release\absl_log_severity.lib
  spinlock_wait.vcxproj -> C:\aTOMosBuild\r15cuda\_deps\absl-build\absl\base\Release\absl_spinlock_wait.lib
  civil_time.vcxproj -> C:\aTOMosBuild\r15cuda\_deps\absl-build\absl\time\Release\absl_civil_time.lib
  exponential_biased.vcxproj -> C:\aTOMosBuild\r15cuda\_deps\absl-build\absl\profiling\Release\absl_exponential_biased.lib
  time_zone.vcxproj -> C:\aTOMosBuild\r15cuda\_deps\absl-build\absl\time\Release\absl_time_zone.lib
  source_location.vcxproj -> C:\aTOMosBuild\r15cuda\_deps\absl-build\absl\types\Release\absl_source_location.lib
  flags_commandlineflag_internal.vcxproj -> C:\aTOMosBuild\r15cuda\_deps\absl-build\absl\flags\Release\absl_flags_commandlineflag_internal.lib
  leak_check.vcxproj -> C:\aTOMosBuild\r15cuda\_deps\absl-build\absl\debugging\Release\absl_leak_check.lib
  log_internal_nullguard.vcxproj -> C:\aTOMosBuild\r15cuda\_deps\absl-build\absl\log\Release\absl_log_internal_nullguard.lib
  strerror.vcxproj -> C:\aTOMosBuild\r15cuda\_deps\absl-build\absl\base\Release\absl_strerror.lib
  raw_logging_internal.vcxproj -> C:\aTOMosBuild\r15cuda\_deps\absl-build\absl\base\Release\absl_raw_logging_internal.lib
  throw_delegate.vcxproj -> C:\aTOMosBuild\r15cuda\_deps\absl-build\absl\base\Release\absl_throw_delegate.lib
  debugging_internal.vcxproj -> C:\aTOMosBuild\r15cuda\_deps\absl-build\absl\debugging\Release\absl_debugging_internal.lib
  cordz_functions.vcxproj -> C:\aTOMosBuild\r15cuda\_deps\absl-build\absl\strings\Release\absl_cordz_functions.lib
  base.vcxproj -> C:\aTOMosBuild\r15cuda\_deps\absl-build\absl\base\Release\absl_base.lib
  decode_rust_punycode.vcxproj -> C:\aTOMosBuild\r15cuda\_deps\absl-build\absl\debugging\Release\absl_decode_rust_punycode.lib
  malloc_internal.vcxproj -> C:\aTOMosBuild\r15cuda\_deps\absl-build\absl\base\Release\absl_malloc_internal.lib
  log_internal_conditions.vcxproj -> C:\aTOMosBuild\r15cuda\_deps\absl-build\absl\log\Release\absl_log_internal_conditions.lib
  tracing_internal.vcxproj -> C:\aTOMosBuild\r15cuda\_deps\absl-build\absl\base\Release\absl_tracing_internal.lib
  city.vcxproj -> C:\aTOMosBuild\r15cuda\_deps\absl-build\absl\hash\Release\absl_city.lib
  int128.vcxproj -> C:\aTOMosBuild\r15cuda\_deps\absl-build\absl\numeric\Release\absl_int128.lib
  demangle_rust.vcxproj -> C:\aTOMosBuild\r15cuda\_deps\absl-build\absl\debugging\Release\absl_demangle_rust.lib
  graphcycles_internal.vcxproj -> C:\aTOMosBuild\r15cuda\_deps\absl-build\absl\synchronization\Release\absl_graphcycles_internal.lib
  stacktrace.vcxproj -> C:\aTOMosBuild\r15cuda\_deps\absl-build\absl\debugging\Release\absl_stacktrace.lib
  crc_cpu_detect.vcxproj -> C:\aTOMosBuild\r15cuda\_deps\absl-build\absl\crc\Release\absl_crc_cpu_detect.lib
  demangle_internal.vcxproj -> C:\aTOMosBuild\r15cuda\_deps\absl-build\absl\debugging\Release\absl_demangle_internal.lib
  crc_internal.vcxproj -> C:\aTOMosBuild\r15cuda\_deps\absl-build\absl\crc\Release\absl_crc_internal.lib
  strings_internal.vcxproj -> C:\aTOMosBuild\r15cuda\_deps\absl-build\absl\strings\Release\absl_strings_internal.lib
  strings.vcxproj -> C:\aTOMosBuild\r15cuda\_deps\absl-build\absl\strings\Release\absl_strings.lib
  log_internal_fnmatch.vcxproj -> C:\aTOMosBuild\r15cuda\_deps\absl-build\absl\log\Release\absl_log_internal_fnmatch.lib
  log_internal_proto.vcxproj -> C:\aTOMosBuild\r15cuda\_deps\absl-build\absl\log\Release\absl_log_internal_proto.lib
  flags_commandlineflag.vcxproj -> C:\aTOMosBuild\r15cuda\_deps\absl-build\absl\flags\Release\absl_flags_commandlineflag.lib
  str_format_internal.vcxproj -> C:\aTOMosBuild\r15cuda\_deps\absl-build\absl\strings\Release\absl_str_format_internal.lib
  flags_private_handle_accessor.vcxproj -> C:\aTOMosBuild\r15cuda\_deps\absl-build\absl\flags\Release\absl_flags_private_handle_accessor.lib
  time.vcxproj -> C:\aTOMosBuild\r15cuda\_deps\absl-build\absl\time\Release\absl_time.lib
  hash.vcxproj -> C:\aTOMosBuild\r15cuda\_deps\absl-build\absl\hash\Release\absl_hash.lib
  symbolize.vcxproj -> C:\aTOMosBuild\r15cuda\_deps\absl-build\absl\debugging\Release\absl_symbolize.lib
  log_internal_globals.vcxproj -> C:\aTOMosBuild\r15cuda\_deps\absl-build\absl\log\Release\absl_log_internal_globals.lib
  kernel_timeout_internal.vcxproj -> C:\aTOMosBuild\r15cuda\_deps\absl-build\absl\synchronization\Release\absl_kernel_timeout_internal.lib
  log_internal_structured_proto.vcxproj -> C:\aTOMosBuild\r15cuda\_deps\absl-build\absl\log\Release\absl_log_internal_structured_proto.lib
  examine_stack.vcxproj -> C:\aTOMosBuild\r15cuda\_deps\absl-build\absl\debugging\Release\absl_examine_stack.lib
  log_entry.vcxproj -> C:\aTOMosBuild\r15cuda\_deps\absl-build\absl\log\Release\absl_log_entry.lib
  synchronization.vcxproj -> C:\aTOMosBuild\r15cuda\_deps\absl-build\absl\synchronization\Release\absl_synchronization.lib
  crc32c.vcxproj -> C:\aTOMosBuild\r15cuda\_deps\absl-build\absl\crc\Release\absl_crc32c.lib
  flags_marshalling.vcxproj -> C:\aTOMosBuild\r15cuda\_deps\absl-build\absl\flags\Release\absl_flags_marshalling.lib
  log_sink.vcxproj -> C:\aTOMosBuild\r15cuda\_deps\absl-build\absl\log\Release\absl_log_sink.lib
  log_internal_format.vcxproj -> C:\aTOMosBuild\r15cuda\_deps\absl-build\absl\log\Release\absl_log_internal_format.lib
  cordz_handle.vcxproj -> C:\aTOMosBuild\r15cuda\_deps\absl-build\absl\strings\Release\absl_cordz_handle.lib
  vlog_config_internal.vcxproj -> C:\aTOMosBuild\r15cuda\_deps\absl-build\absl\log\Release\absl_vlog_config_internal.lib
  flags_program_name.vcxproj -> C:\aTOMosBuild\r15cuda\_deps\absl-build\absl\flags\Release\absl_flags_program_name.lib
  hashtablez_sampler.vcxproj -> C:\aTOMosBuild\r15cuda\_deps\absl-build\absl\container\Release\absl_hashtablez_sampler.lib
  crc_cord_state.vcxproj -> C:\aTOMosBuild\r15cuda\_deps\absl-build\absl\crc\Release\absl_crc_cord_state.lib
  log_globals.vcxproj -> C:\aTOMosBuild\r15cuda\_deps\absl-build\absl\log\Release\absl_log_globals.lib
  cord_internal.vcxproj -> C:\aTOMosBuild\r15cuda\_deps\absl-build\absl\strings\Release\absl_cord_internal.lib
  flags_config.vcxproj -> C:\aTOMosBuild\r15cuda\_deps\absl-build\absl\flags\Release\absl_flags_config.lib
  log_internal_log_sink_set.vcxproj -> C:\aTOMosBuild\r15cuda\_deps\absl-build\absl\log\Release\absl_log_internal_log_sink_set.lib
  flags_internal.vcxproj -> C:\aTOMosBuild\r15cuda\_deps\absl-build\absl\flags\Release\absl_flags_internal.lib
  cordz_info.vcxproj -> C:\aTOMosBuild\r15cuda\_deps\absl-build\absl\strings\Release\absl_cordz_info.lib
  log_internal_message.vcxproj -> C:\aTOMosBuild\r15cuda\_deps\absl-build\absl\log\Release\absl_log_internal_message.lib
  cord.vcxproj -> C:\aTOMosBuild\r15cuda\_deps\absl-build\absl\strings\Release\absl_cord.lib
  raw_hash_set.vcxproj -> C:\aTOMosBuild\r15cuda\_deps\absl-build\absl\container\Release\absl_raw_hash_set.lib
  log_internal_check_op.vcxproj -> C:\aTOMosBuild\r15cuda\_deps\absl-build\absl\log\Release\absl_log_internal_check_op.lib
  status.vcxproj -> C:\aTOMosBuild\r15cuda\_deps\absl-build\absl\status\Release\absl_status.lib
  statusor.vcxproj -> C:\aTOMosBuild\r15cuda\_deps\absl-build\absl\status\Release\absl_statusor.lib
  flags_reflection.vcxproj -> C:\aTOMosBuild\r15cuda\_deps\absl-build\absl\flags\Release\absl_flags_reflection.lib
  s2.vcxproj -> C:\aTOMosBuild\r15cuda\s2\Release\s2.lib
  Building Custom Rule C:/OMT AC031 Womack remarkable carmack oculus master quest half-life 3 gabecube/aTOMos_v3_6_1_5_SATNAV_UGTS_Tom_Klootwijk/atomOS_3_6_1_15_HINGE_ENGINE/CMakeLists.txt
  Compiling CUDA source file ..\..\OMT AC031 Womack remarkable carmack oculus master quest half-life 3 gabecube\aTOMos_v3_6_1_5_SATNAV_UGTS_Tom_Klootwijk\atomOS_3_6_1_15_HINGE_ENGINE\cuda\resident_index.cu...
  
  C:\aTOMosBuild\r15cuda>"C:\Program Files\NVIDIA GPU Computing Toolkit\CUDA\v12.8\bin\nvcc.exe"  --use-local-env -ccbin "C:\Program Files (x86)\Microsoft Visual Studio\2022\BuildTools\VC\Tools\MSVC\14.44.35207\bin\HostX64\x64" -x cu   -I"C:\OMT AC031 Womack remarkable carmack oculus master quest half-life 3 gabecube\aTOMos_v3_6_1_5_SATNAV_UGTS_Tom_Klootwijk\atomOS_3_6_1_15_HINGE_ENGINE\include" -I"C:\OMT AC031 Womack remarkable carmack oculus master quest half-life 3 gabecube\aTOMos_v3_6_1_5_SATNAV_UGTS_Tom_Klootwijk\tmp\s2_comparison\s2geometry\src" -I"C:\aTOMosBuild\r15cuda\_deps\absl-src" -I"C:\Program Files\NVIDIA GPU Computing Toolkit\CUDA\v12.8\include" -I"C:\Program Files\NVIDIA GPU Computing Toolkit\CUDA\v12.8\include"     --keep-dir atomos_resident\x64\Release  -maxrregcount=0    --machine 64 --compile -cudart static -forward-unknown-to-host-compiler -std=c++17 --generate-code=arch=compute_120,code=[sm_120] --generate-code=arch=compute_120,code=[compute_120] --fmad=false -Xcompiler="/EHsc -Ob2"   -D_WINDOWS -DNDEBUG -DNOMINMAX -D_USE_MATH_DEFINES -D"CMAKE_INTDIR=\"Release\"" -D_MBCS -DWIN32 -D_WINDOWS -DNDEBUG -DNOMINMAX -D_USE_MATH_DEFINES -D"CMAKE_INTDIR=\"Release\"" -Xcompiler "/EHsc /W1 /nologo /O2 /FS   /MD " -Xcompiler "/FdC:\aTOMosBuild\r15cuda\Release\atomos_resident.pdb" -o atomos_resident.dir\Release\cuda/resident_index.cu.obj "C:\OMT AC031 Womack remarkable carmack oculus master quest half-life 3 gabecube\aTOMos_v3_6_1_5_SATNAV_UGTS_Tom_Klootwijk\atomOS_3_6_1_15_HINGE_ENGINE\cuda\resident_index.cu" 
  resident_index.cu
  tmpxft_0001d30c_00000000-7_resident_index.cudafe1.cpp
  resident_index.cpp
C:\OMT AC031 Womack remarkable carmack oculus master quest half-life 3 gabecube\aTOMos_v3_6_1_5_SATNAV_UGTS_Tom_Klootwijk\tmp\s2_comparison\s2geometry\src\s2\_fp_contract_off.h(51,9): warning C4068: unknown pragma 'STDC' [C:\aTOMosBuild\r15cuda\atomos_resident.vcxproj]
  (compiling source file '../../OMT%20AC031%20Womack%20remarkable%20carmack%20oculus%20master%20quest%20half-life%203%20gabecube/aTOMos_v3_6_1_5_SATNAV_UGTS_Tom_Klootwijk/atomOS_3_6_1_15_HINGE_ENGINE/src/resident_index.cpp')
  
  atomos_resident.vcxproj -> C:\aTOMosBuild\r15cuda\Release\atomos_resident.lib
  Building Custom Rule C:/OMT AC031 Womack remarkable carmack oculus master quest half-life 3 gabecube/aTOMos_v3_6_1_5_SATNAV_UGTS_Tom_Klootwijk/atomOS_3_6_1_15_HINGE_ENGINE/CMakeLists.txt
  resident_index_tests.cpp
C:\OMT AC031 Womack remarkable carmack oculus master quest half-life 3 gabecube\aTOMos_v3_6_1_5_SATNAV_UGTS_Tom_Klootwijk\tmp\s2_comparison\s2geometry\src\s2\_fp_contract_off.h(51,9): warning C4068: unknown pragma 'STDC' [C:\aTOMosBuild\r15cuda\resident_index_tests.vcxproj]
  (compiling source file '../../OMT%20AC031%20Womack%20remarkable%20carmack%20oculus%20master%20quest%20half-life%203%20gabecube/aTOMos_v3_6_1_5_SATNAV_UGTS_Tom_Klootwijk/atomOS_3_6_1_15_HINGE_ENGINE/tests/resident_index_tests.cpp')
  
  resident_index_tests.vcxproj -> C:\aTOMosBuild\r15cuda\Release\resident_index_tests.exe
MSBuild version 17.14.23+b0019275e for .NET Framework

  time_zone.vcxproj -> C:\aTOMosBuild\r15cuda\_deps\absl-build\absl\time\Release\absl_time_zone.lib
  source_location.vcxproj -> C:\aTOMosBuild\r15cuda\_deps\absl-build\absl\types\Release\absl_source_location.lib
  exponential_biased.vcxproj -> C:\aTOMosBuild\r15cuda\_deps\absl-build\absl\profiling\Release\absl_exponential_biased.lib
  flags_commandlineflag_internal.vcxproj -> C:\aTOMosBuild\r15cuda\_deps\absl-build\absl\flags\Release\absl_flags_commandlineflag_internal.lib
  spinlock_wait.vcxproj -> C:\aTOMosBuild\r15cuda\_deps\absl-build\absl\base\Release\absl_spinlock_wait.lib
  log_severity.vcxproj -> C:\aTOMosBuild\r15cuda\_deps\absl-build\absl\base\Release\absl_log_severity.lib
  civil_time.vcxproj -> C:\aTOMosBuild\r15cuda\_deps\absl-build\absl\time\Release\absl_civil_time.lib
  utf8_for_code_point.vcxproj -> C:\aTOMosBuild\r15cuda\_deps\absl-build\absl\debugging\Release\absl_utf8_for_code_point.lib
  leak_check.vcxproj -> C:\aTOMosBuild\r15cuda\_deps\absl-build\absl\debugging\Release\absl_leak_check.lib
  log_internal_nullguard.vcxproj -> C:\aTOMosBuild\r15cuda\_deps\absl-build\absl\log\Release\absl_log_internal_nullguard.lib
  strerror.vcxproj -> C:\aTOMosBuild\r15cuda\_deps\absl-build\absl\base\Release\absl_strerror.lib
  raw_logging_internal.vcxproj -> C:\aTOMosBuild\r15cuda\_deps\absl-build\absl\base\Release\absl_raw_logging_internal.lib
  throw_delegate.vcxproj -> C:\aTOMosBuild\r15cuda\_deps\absl-build\absl\base\Release\absl_throw_delegate.lib
  base.vcxproj -> C:\aTOMosBuild\r15cuda\_deps\absl-build\absl\base\Release\absl_base.lib
  cordz_functions.vcxproj -> C:\aTOMosBuild\r15cuda\_deps\absl-build\absl\strings\Release\absl_cordz_functions.lib
  log_internal_conditions.vcxproj -> C:\aTOMosBuild\r15cuda\_deps\absl-build\absl\log\Release\absl_log_internal_conditions.lib
  city.vcxproj -> C:\aTOMosBuild\r15cuda\_deps\absl-build\absl\hash\Release\absl_city.lib
  crc_cpu_detect.vcxproj -> C:\aTOMosBuild\r15cuda\_deps\absl-build\absl\crc\Release\absl_crc_cpu_detect.lib
  tracing_internal.vcxproj -> C:\aTOMosBuild\r15cuda\_deps\absl-build\absl\base\Release\absl_tracing_internal.lib
  strings_internal.vcxproj -> C:\aTOMosBuild\r15cuda\_deps\absl-build\absl\strings\Release\absl_strings_internal.lib
  decode_rust_punycode.vcxproj -> C:\aTOMosBuild\r15cuda\_deps\absl-build\absl\debugging\Release\absl_decode_rust_punycode.lib
  malloc_internal.vcxproj -> C:\aTOMosBuild\r15cuda\_deps\absl-build\absl\base\Release\absl_malloc_internal.lib
  debugging_internal.vcxproj -> C:\aTOMosBuild\r15cuda\_deps\absl-build\absl\debugging\Release\absl_debugging_internal.lib
  int128.vcxproj -> C:\aTOMosBuild\r15cuda\_deps\absl-build\absl\numeric\Release\absl_int128.lib
  demangle_rust.vcxproj -> C:\aTOMosBuild\r15cuda\_deps\absl-build\absl\debugging\Release\absl_demangle_rust.lib
  graphcycles_internal.vcxproj -> C:\aTOMosBuild\r15cuda\_deps\absl-build\absl\synchronization\Release\absl_graphcycles_internal.lib
  stacktrace.vcxproj -> C:\aTOMosBuild\r15cuda\_deps\absl-build\absl\debugging\Release\absl_stacktrace.lib
  crc_internal.vcxproj -> C:\aTOMosBuild\r15cuda\_deps\absl-build\absl\crc\Release\absl_crc_internal.lib
  demangle_internal.vcxproj -> C:\aTOMosBuild\r15cuda\_deps\absl-build\absl\debugging\Release\absl_demangle_internal.lib
  strings.vcxproj -> C:\aTOMosBuild\r15cuda\_deps\absl-build\absl\strings\Release\absl_strings.lib
  flags_commandlineflag.vcxproj -> C:\aTOMosBuild\r15cuda\_deps\absl-build\absl\flags\Release\absl_flags_commandlineflag.lib
  time.vcxproj -> C:\aTOMosBuild\r15cuda\_deps\absl-build\absl\time\Release\absl_time.lib
  log_internal_fnmatch.vcxproj -> C:\aTOMosBuild\r15cuda\_deps\absl-build\absl\log\Release\absl_log_internal_fnmatch.lib
  log_internal_proto.vcxproj -> C:\aTOMosBuild\r15cuda\_deps\absl-build\absl\log\Release\absl_log_internal_proto.lib
  hash.vcxproj -> C:\aTOMosBuild\r15cuda\_deps\absl-build\absl\hash\Release\absl_hash.lib
  str_format_internal.vcxproj -> C:\aTOMosBuild\r15cuda\_deps\absl-build\absl\strings\Release\absl_str_format_internal.lib
  flags_private_handle_accessor.vcxproj -> C:\aTOMosBuild\r15cuda\_deps\absl-build\absl\flags\Release\absl_flags_private_handle_accessor.lib
  flags_marshalling.vcxproj -> C:\aTOMosBuild\r15cuda\_deps\absl-build\absl\flags\Release\absl_flags_marshalling.lib
  kernel_timeout_internal.vcxproj -> C:\aTOMosBuild\r15cuda\_deps\absl-build\absl\synchronization\Release\absl_kernel_timeout_internal.lib
  symbolize.vcxproj -> C:\aTOMosBuild\r15cuda\_deps\absl-build\absl\debugging\Release\absl_symbolize.lib
  log_internal_structured_proto.vcxproj -> C:\aTOMosBuild\r15cuda\_deps\absl-build\absl\log\Release\absl_log_internal_structured_proto.lib
  log_entry.vcxproj -> C:\aTOMosBuild\r15cuda\_deps\absl-build\absl\log\Release\absl_log_entry.lib
  log_internal_globals.vcxproj -> C:\aTOMosBuild\r15cuda\_deps\absl-build\absl\log\Release\absl_log_internal_globals.lib
  crc32c.vcxproj -> C:\aTOMosBuild\r15cuda\_deps\absl-build\absl\crc\Release\absl_crc32c.lib
  log_internal_format.vcxproj -> C:\aTOMosBuild\r15cuda\_deps\absl-build\absl\log\Release\absl_log_internal_format.lib
  log_sink.vcxproj -> C:\aTOMosBuild\r15cuda\_deps\absl-build\absl\log\Release\absl_log_sink.lib
  synchronization.vcxproj -> C:\aTOMosBuild\r15cuda\_deps\absl-build\absl\synchronization\Release\absl_synchronization.lib
  crc_cord_state.vcxproj -> C:\aTOMosBuild\r15cuda\_deps\absl-build\absl\crc\Release\absl_crc_cord_state.lib
  examine_stack.vcxproj -> C:\aTOMosBuild\r15cuda\_deps\absl-build\absl\debugging\Release\absl_examine_stack.lib
  hashtablez_sampler.vcxproj -> C:\aTOMosBuild\r15cuda\_deps\absl-build\absl\container\Release\absl_hashtablez_sampler.lib
  cordz_handle.vcxproj -> C:\aTOMosBuild\r15cuda\_deps\absl-build\absl\strings\Release\absl_cordz_handle.lib
  flags_program_name.vcxproj -> C:\aTOMosBuild\r15cuda\_deps\absl-build\absl\flags\Release\absl_flags_program_name.lib
  vlog_config_internal.vcxproj -> C:\aTOMosBuild\r15cuda\_deps\absl-build\absl\log\Release\absl_vlog_config_internal.lib
  flags_config.vcxproj -> C:\aTOMosBuild\r15cuda\_deps\absl-build\absl\flags\Release\absl_flags_config.lib
  cord_internal.vcxproj -> C:\aTOMosBuild\r15cuda\_deps\absl-build\absl\strings\Release\absl_cord_internal.lib
  flags_internal.vcxproj -> C:\aTOMosBuild\r15cuda\_deps\absl-build\absl\flags\Release\absl_flags_internal.lib
  cordz_info.vcxproj -> C:\aTOMosBuild\r15cuda\_deps\absl-build\absl\strings\Release\absl_cordz_info.lib
  log_globals.vcxproj -> C:\aTOMosBuild\r15cuda\_deps\absl-build\absl\log\Release\absl_log_globals.lib
  log_internal_log_sink_set.vcxproj -> C:\aTOMosBuild\r15cuda\_deps\absl-build\absl\log\Release\absl_log_internal_log_sink_set.lib
  cord.vcxproj -> C:\aTOMosBuild\r15cuda\_deps\absl-build\absl\strings\Release\absl_cord.lib
  status.vcxproj -> C:\aTOMosBuild\r15cuda\_deps\absl-build\absl\status\Release\absl_status.lib
  log_internal_message.vcxproj -> C:\aTOMosBuild\r15cuda\_deps\absl-build\absl\log\Release\absl_log_internal_message.lib
  raw_hash_set.vcxproj -> C:\aTOMosBuild\r15cuda\_deps\absl-build\absl\container\Release\absl_raw_hash_set.lib
  statusor.vcxproj -> C:\aTOMosBuild\r15cuda\_deps\absl-build\absl\status\Release\absl_statusor.lib
  flags_reflection.vcxproj -> C:\aTOMosBuild\r15cuda\_deps\absl-build\absl\flags\Release\absl_flags_reflection.lib
  log_internal_check_op.vcxproj -> C:\aTOMosBuild\r15cuda\_deps\absl-build\absl\log\Release\absl_log_internal_check_op.lib
  s2.vcxproj -> C:\aTOMosBuild\r15cuda\s2\Release\s2.lib
  atomos_resident.vcxproj -> C:\aTOMosBuild\r15cuda\Release\atomos_resident.lib
  Building Custom Rule C:/OMT AC031 Womack remarkable carmack oculus master quest half-life 3 gabecube/aTOMos_v3_6_1_5_SATNAV_UGTS_Tom_Klootwijk/atomOS_3_6_1_15_HINGE_ENGINE/CMakeLists.txt
  Compiling CUDA source file ..\..\OMT AC031 Womack remarkable carmack oculus master quest half-life 3 gabecube\aTOMos_v3_6_1_5_SATNAV_UGTS_Tom_Klootwijk\atomOS_3_6_1_15_HINGE_ENGINE\cuda\resident_feedback.cu...
  
  C:\aTOMosBuild\r15cuda>"C:\Program Files\NVIDIA GPU Computing Toolkit\CUDA\v12.8\bin\nvcc.exe"  --use-local-env -ccbin "C:\Program Files (x86)\Microsoft Visual Studio\2022\BuildTools\VC\Tools\MSVC\14.44.35207\bin\HostX64\x64" -x cu   -I"C:\OMT AC031 Womack remarkable carmack oculus master quest half-life 3 gabecube\aTOMos_v3_6_1_5_SATNAV_UGTS_Tom_Klootwijk\atomOS_3_6_1_15_HINGE_ENGINE\include" -I"C:\OMT AC031 Womack remarkable carmack oculus master quest half-life 3 gabecube\aTOMos_v3_6_1_5_SATNAV_UGTS_Tom_Klootwijk\tmp\s2_comparison\s2geometry\src" -I"C:\aTOMosBuild\r15cuda\_deps\absl-src" -I"C:\Program Files\NVIDIA GPU Computing Toolkit\CUDA\v12.8\include" -I"C:\Program Files\NVIDIA GPU Computing Toolkit\CUDA\v12.8\include"     --keep-dir atomos_r.94AA226F\x64\Release  -maxrregcount=0    --machine 64 --compile -cudart static -forward-unknown-to-host-compiler -std=c++17 --generate-code=arch=compute_120,code=[sm_120] --generate-code=arch=compute_120,code=[compute_120] -Xcompiler="/EHsc -Ob2"   -D_WINDOWS -DNDEBUG -DNOMINMAX -D_USE_MATH_DEFINES -D"CMAKE_INTDIR=\"Release\"" -D_MBCS -DWIN32 -D_WINDOWS -DNDEBUG -DNOMINMAX -D_USE_MATH_DEFINES -D"CMAKE_INTDIR=\"Release\"" -Xcompiler "/EHsc /W1 /nologo /O2 /FS   /MD " -Xcompiler "/FdC:\aTOMosBuild\r15cuda\Release\atomos_resident_feedback.pdb" -o atomos_resident_feedback.dir\Release\resident_feedback.obj "C:\OMT AC031 Womack remarkable carmack oculus master quest half-life 3 gabecube\aTOMos_v3_6_1_5_SATNAV_UGTS_Tom_Klootwijk\atomOS_3_6_1_15_HINGE_ENGINE\cuda\resident_feedback.cu" 
  resident_feedback.cu
  tmpxft_0001b93c_00000000-7_resident_feedback.cudafe1.cpp
  atomos_resident_feedback.vcxproj -> C:\aTOMosBuild\r15cuda\Release\atomos_resident_feedback.lib
  Building Custom Rule C:/OMT AC031 Womack remarkable carmack oculus master quest half-life 3 gabecube/aTOMos_v3_6_1_5_SATNAV_UGTS_Tom_Klootwijk/atomOS_3_6_1_15_HINGE_ENGINE/CMakeLists.txt
  resident_feedback_tests.cpp
C:\OMT AC031 Womack remarkable carmack oculus master quest half-life 3 gabecube\aTOMos_v3_6_1_5_SATNAV_UGTS_Tom_Klootwijk\tmp\s2_comparison\s2geometry\src\s2\_fp_contract_off.h(51,9): warning C4068: unknown pragma 'STDC' [C:\aTOMosBuild\r15cuda\resident_feedback_tests.vcxproj]
  (compiling source file '../../OMT%20AC031%20Womack%20remarkable%20carmack%20oculus%20master%20quest%20half-life%203%20gabecube/aTOMos_v3_6_1_5_SATNAV_UGTS_Tom_Klootwijk/atomOS_3_6_1_15_HINGE_ENGINE/tests/resident_feedback_tests.cpp')
  
  resident_feedback_tests.vcxproj -> C:\aTOMosBuild\r15cuda\Release\resident_feedback_tests.exe
MSBuild version 17.14.23+b0019275e for .NET Framework

  civil_time.vcxproj -> C:\aTOMosBuild\r15cuda\_deps\absl-build\absl\time\Release\absl_civil_time.lib
  exponential_biased.vcxproj -> C:\aTOMosBuild\r15cuda\_deps\absl-build\absl\profiling\Release\absl_exponential_biased.lib
  source_location.vcxproj -> C:\aTOMosBuild\r15cuda\_deps\absl-build\absl\types\Release\absl_source_location.lib
  log_severity.vcxproj -> C:\aTOMosBuild\r15cuda\_deps\absl-build\absl\base\Release\absl_log_severity.lib
  spinlock_wait.vcxproj -> C:\aTOMosBuild\r15cuda\_deps\absl-build\absl\base\Release\absl_spinlock_wait.lib
  utf8_for_code_point.vcxproj -> C:\aTOMosBuild\r15cuda\_deps\absl-build\absl\debugging\Release\absl_utf8_for_code_point.lib
  time_zone.vcxproj -> C:\aTOMosBuild\r15cuda\_deps\absl-build\absl\time\Release\absl_time_zone.lib
  flags_commandlineflag_internal.vcxproj -> C:\aTOMosBuild\r15cuda\_deps\absl-build\absl\flags\Release\absl_flags_commandlineflag_internal.lib
  raw_logging_internal.vcxproj -> C:\aTOMosBuild\r15cuda\_deps\absl-build\absl\base\Release\absl_raw_logging_internal.lib
  leak_check.vcxproj -> C:\aTOMosBuild\r15cuda\_deps\absl-build\absl\debugging\Release\absl_leak_check.lib
  log_internal_nullguard.vcxproj -> C:\aTOMosBuild\r15cuda\_deps\absl-build\absl\log\Release\absl_log_internal_nullguard.lib
  cordz_functions.vcxproj -> C:\aTOMosBuild\r15cuda\_deps\absl-build\absl\strings\Release\absl_cordz_functions.lib
  strerror.vcxproj -> C:\aTOMosBuild\r15cuda\_deps\absl-build\absl\base\Release\absl_strerror.lib
  throw_delegate.vcxproj -> C:\aTOMosBuild\r15cuda\_deps\absl-build\absl\base\Release\absl_throw_delegate.lib
  base.vcxproj -> C:\aTOMosBuild\r15cuda\_deps\absl-build\absl\base\Release\absl_base.lib
  debugging_internal.vcxproj -> C:\aTOMosBuild\r15cuda\_deps\absl-build\absl\debugging\Release\absl_debugging_internal.lib
  crc_cpu_detect.vcxproj -> C:\aTOMosBuild\r15cuda\_deps\absl-build\absl\crc\Release\absl_crc_cpu_detect.lib
  log_internal_conditions.vcxproj -> C:\aTOMosBuild\r15cuda\_deps\absl-build\absl\log\Release\absl_log_internal_conditions.lib
  strings_internal.vcxproj -> C:\aTOMosBuild\r15cuda\_deps\absl-build\absl\strings\Release\absl_strings_internal.lib
  int128.vcxproj -> C:\aTOMosBuild\r15cuda\_deps\absl-build\absl\numeric\Release\absl_int128.lib
  malloc_internal.vcxproj -> C:\aTOMosBuild\r15cuda\_deps\absl-build\absl\base\Release\absl_malloc_internal.lib
  tracing_internal.vcxproj -> C:\aTOMosBuild\r15cuda\_deps\absl-build\absl\base\Release\absl_tracing_internal.lib
  city.vcxproj -> C:\aTOMosBuild\r15cuda\_deps\absl-build\absl\hash\Release\absl_city.lib
  stacktrace.vcxproj -> C:\aTOMosBuild\r15cuda\_deps\absl-build\absl\debugging\Release\absl_stacktrace.lib
  decode_rust_punycode.vcxproj -> C:\aTOMosBuild\r15cuda\_deps\absl-build\absl\debugging\Release\absl_decode_rust_punycode.lib
  graphcycles_internal.vcxproj -> C:\aTOMosBuild\r15cuda\_deps\absl-build\absl\synchronization\Release\absl_graphcycles_internal.lib
  crc_internal.vcxproj -> C:\aTOMosBuild\r15cuda\_deps\absl-build\absl\crc\Release\absl_crc_internal.lib
  strings.vcxproj -> C:\aTOMosBuild\r15cuda\_deps\absl-build\absl\strings\Release\absl_strings.lib
  demangle_rust.vcxproj -> C:\aTOMosBuild\r15cuda\_deps\absl-build\absl\debugging\Release\absl_demangle_rust.lib
  log_internal_proto.vcxproj -> C:\aTOMosBuild\r15cuda\_deps\absl-build\absl\log\Release\absl_log_internal_proto.lib
  log_internal_fnmatch.vcxproj -> C:\aTOMosBuild\r15cuda\_deps\absl-build\absl\log\Release\absl_log_internal_fnmatch.lib
  str_format_internal.vcxproj -> C:\aTOMosBuild\r15cuda\_deps\absl-build\absl\strings\Release\absl_str_format_internal.lib
  hash.vcxproj -> C:\aTOMosBuild\r15cuda\_deps\absl-build\absl\hash\Release\absl_hash.lib
  time.vcxproj -> C:\aTOMosBuild\r15cuda\_deps\absl-build\absl\time\Release\absl_time.lib
  flags_commandlineflag.vcxproj -> C:\aTOMosBuild\r15cuda\_deps\absl-build\absl\flags\Release\absl_flags_commandlineflag.lib
  demangle_internal.vcxproj -> C:\aTOMosBuild\r15cuda\_deps\absl-build\absl\debugging\Release\absl_demangle_internal.lib
  log_internal_structured_proto.vcxproj -> C:\aTOMosBuild\r15cuda\_deps\absl-build\absl\log\Release\absl_log_internal_structured_proto.lib
  flags_marshalling.vcxproj -> C:\aTOMosBuild\r15cuda\_deps\absl-build\absl\flags\Release\absl_flags_marshalling.lib
  log_internal_globals.vcxproj -> C:\aTOMosBuild\r15cuda\_deps\absl-build\absl\log\Release\absl_log_internal_globals.lib
  log_entry.vcxproj -> C:\aTOMosBuild\r15cuda\_deps\absl-build\absl\log\Release\absl_log_entry.lib
  kernel_timeout_internal.vcxproj -> C:\aTOMosBuild\r15cuda\_deps\absl-build\absl\synchronization\Release\absl_kernel_timeout_internal.lib
  crc32c.vcxproj -> C:\aTOMosBuild\r15cuda\_deps\absl-build\absl\crc\Release\absl_crc32c.lib
  symbolize.vcxproj -> C:\aTOMosBuild\r15cuda\_deps\absl-build\absl\debugging\Release\absl_symbolize.lib
  flags_private_handle_accessor.vcxproj -> C:\aTOMosBuild\r15cuda\_deps\absl-build\absl\flags\Release\absl_flags_private_handle_accessor.lib
  crc_cord_state.vcxproj -> C:\aTOMosBuild\r15cuda\_deps\absl-build\absl\crc\Release\absl_crc_cord_state.lib
  log_internal_format.vcxproj -> C:\aTOMosBuild\r15cuda\_deps\absl-build\absl\log\Release\absl_log_internal_format.lib
  log_sink.vcxproj -> C:\aTOMosBuild\r15cuda\_deps\absl-build\absl\log\Release\absl_log_sink.lib
  examine_stack.vcxproj -> C:\aTOMosBuild\r15cuda\_deps\absl-build\absl\debugging\Release\absl_examine_stack.lib
  synchronization.vcxproj -> C:\aTOMosBuild\r15cuda\_deps\absl-build\absl\synchronization\Release\absl_synchronization.lib
  cord_internal.vcxproj -> C:\aTOMosBuild\r15cuda\_deps\absl-build\absl\strings\Release\absl_cord_internal.lib
  flags_program_name.vcxproj -> C:\aTOMosBuild\r15cuda\_deps\absl-build\absl\flags\Release\absl_flags_program_name.lib
  hashtablez_sampler.vcxproj -> C:\aTOMosBuild\r15cuda\_deps\absl-build\absl\container\Release\absl_hashtablez_sampler.lib
  vlog_config_internal.vcxproj -> C:\aTOMosBuild\r15cuda\_deps\absl-build\absl\log\Release\absl_vlog_config_internal.lib
  cordz_handle.vcxproj -> C:\aTOMosBuild\r15cuda\_deps\absl-build\absl\strings\Release\absl_cordz_handle.lib
  flags_config.vcxproj -> C:\aTOMosBuild\r15cuda\_deps\absl-build\absl\flags\Release\absl_flags_config.lib
  cordz_info.vcxproj -> C:\aTOMosBuild\r15cuda\_deps\absl-build\absl\strings\Release\absl_cordz_info.lib
  log_globals.vcxproj -> C:\aTOMosBuild\r15cuda\_deps\absl-build\absl\log\Release\absl_log_globals.lib
  flags_internal.vcxproj -> C:\aTOMosBuild\r15cuda\_deps\absl-build\absl\flags\Release\absl_flags_internal.lib
  log_internal_log_sink_set.vcxproj -> C:\aTOMosBuild\r15cuda\_deps\absl-build\absl\log\Release\absl_log_internal_log_sink_set.lib
  cord.vcxproj -> C:\aTOMosBuild\r15cuda\_deps\absl-build\absl\strings\Release\absl_cord.lib
  raw_hash_set.vcxproj -> C:\aTOMosBuild\r15cuda\_deps\absl-build\absl\container\Release\absl_raw_hash_set.lib
  status.vcxproj -> C:\aTOMosBuild\r15cuda\_deps\absl-build\absl\status\Release\absl_status.lib
  log_internal_message.vcxproj -> C:\aTOMosBuild\r15cuda\_deps\absl-build\absl\log\Release\absl_log_internal_message.lib
  flags_reflection.vcxproj -> C:\aTOMosBuild\r15cuda\_deps\absl-build\absl\flags\Release\absl_flags_reflection.lib
  statusor.vcxproj -> C:\aTOMosBuild\r15cuda\_deps\absl-build\absl\status\Release\absl_statusor.lib
  log_internal_check_op.vcxproj -> C:\aTOMosBuild\r15cuda\_deps\absl-build\absl\log\Release\absl_log_internal_check_op.lib
  s2.vcxproj -> C:\aTOMosBuild\r15cuda\s2\Release\s2.lib
  spatial_index_tests.cpp
C:\OMT AC031 Womack remarkable carmack oculus master quest half-life 3 gabecube\aTOMos_v3_6_1_5_SATNAV_UGTS_Tom_Klootwijk\tmp\s2_comparison\s2geometry\src\s2\_fp_contract_off.h(51,9): warning C4068: unknown pragma 'STDC' [C:\aTOMosBuild\r15cuda\spatial_index_tests.vcxproj]
  (compiling source file '../../OMT%20AC031%20Womack%20remarkable%20carmack%20oculus%20master%20quest%20half-life%203%20gabecube/aTOMos_v3_6_1_5_SATNAV_UGTS_Tom_Klootwijk/atomOS_3_6_1_15_HINGE_ENGINE/tests/spatial_index_tests.cpp')
  
  spatial_index_tests.vcxproj -> C:\aTOMosBuild\r15cuda\Release\spatial_index_tests.exe
MSBuild version 17.14.23+b0019275e for .NET Framework

  log_severity.vcxproj -> C:\aTOMosBuild\r15cuda\_deps\absl-build\absl\base\Release\absl_log_severity.lib
  exponential_biased.vcxproj -> C:\aTOMosBuild\r15cuda\_deps\absl-build\absl\profiling\Release\absl_exponential_biased.lib
  utf8_for_code_point.vcxproj -> C:\aTOMosBuild\r15cuda\_deps\absl-build\absl\debugging\Release\absl_utf8_for_code_point.lib
  spinlock_wait.vcxproj -> C:\aTOMosBuild\r15cuda\_deps\absl-build\absl\base\Release\absl_spinlock_wait.lib
  source_location.vcxproj -> C:\aTOMosBuild\r15cuda\_deps\absl-build\absl\types\Release\absl_source_location.lib
  time_zone.vcxproj -> C:\aTOMosBuild\r15cuda\_deps\absl-build\absl\time\Release\absl_time_zone.lib
  flags_commandlineflag_internal.vcxproj -> C:\aTOMosBuild\r15cuda\_deps\absl-build\absl\flags\Release\absl_flags_commandlineflag_internal.lib
  civil_time.vcxproj -> C:\aTOMosBuild\r15cuda\_deps\absl-build\absl\time\Release\absl_civil_time.lib
  leak_check.vcxproj -> C:\aTOMosBuild\r15cuda\_deps\absl-build\absl\debugging\Release\absl_leak_check.lib
  strerror.vcxproj -> C:\aTOMosBuild\r15cuda\_deps\absl-build\absl\base\Release\absl_strerror.lib
  log_internal_nullguard.vcxproj -> C:\aTOMosBuild\r15cuda\_deps\absl-build\absl\log\Release\absl_log_internal_nullguard.lib
  raw_logging_internal.vcxproj -> C:\aTOMosBuild\r15cuda\_deps\absl-build\absl\base\Release\absl_raw_logging_internal.lib
  cordz_functions.vcxproj -> C:\aTOMosBuild\r15cuda\_deps\absl-build\absl\strings\Release\absl_cordz_functions.lib
  debugging_internal.vcxproj -> C:\aTOMosBuild\r15cuda\_deps\absl-build\absl\debugging\Release\absl_debugging_internal.lib
  throw_delegate.vcxproj -> C:\aTOMosBuild\r15cuda\_deps\absl-build\absl\base\Release\absl_throw_delegate.lib
  base.vcxproj -> C:\aTOMosBuild\r15cuda\_deps\absl-build\absl\base\Release\absl_base.lib
  city.vcxproj -> C:\aTOMosBuild\r15cuda\_deps\absl-build\absl\hash\Release\absl_city.lib
  crc_cpu_detect.vcxproj -> C:\aTOMosBuild\r15cuda\_deps\absl-build\absl\crc\Release\absl_crc_cpu_detect.lib
  malloc_internal.vcxproj -> C:\aTOMosBuild\r15cuda\_deps\absl-build\absl\base\Release\absl_malloc_internal.lib
  log_internal_conditions.vcxproj -> C:\aTOMosBuild\r15cuda\_deps\absl-build\absl\log\Release\absl_log_internal_conditions.lib
  decode_rust_punycode.vcxproj -> C:\aTOMosBuild\r15cuda\_deps\absl-build\absl\debugging\Release\absl_decode_rust_punycode.lib
  int128.vcxproj -> C:\aTOMosBuild\r15cuda\_deps\absl-build\absl\numeric\Release\absl_int128.lib
  crc_internal.vcxproj -> C:\aTOMosBuild\r15cuda\_deps\absl-build\absl\crc\Release\absl_crc_internal.lib
  strings_internal.vcxproj -> C:\aTOMosBuild\r15cuda\_deps\absl-build\absl\strings\Release\absl_strings_internal.lib
  tracing_internal.vcxproj -> C:\aTOMosBuild\r15cuda\_deps\absl-build\absl\base\Release\absl_tracing_internal.lib
  demangle_rust.vcxproj -> C:\aTOMosBuild\r15cuda\_deps\absl-build\absl\debugging\Release\absl_demangle_rust.lib
  graphcycles_internal.vcxproj -> C:\aTOMosBuild\r15cuda\_deps\absl-build\absl\synchronization\Release\absl_graphcycles_internal.lib
  stacktrace.vcxproj -> C:\aTOMosBuild\r15cuda\_deps\absl-build\absl\debugging\Release\absl_stacktrace.lib
  demangle_internal.vcxproj -> C:\aTOMosBuild\r15cuda\_deps\absl-build\absl\debugging\Release\absl_demangle_internal.lib
  strings.vcxproj -> C:\aTOMosBuild\r15cuda\_deps\absl-build\absl\strings\Release\absl_strings.lib
  log_internal_fnmatch.vcxproj -> C:\aTOMosBuild\r15cuda\_deps\absl-build\absl\log\Release\absl_log_internal_fnmatch.lib
  time.vcxproj -> C:\aTOMosBuild\r15cuda\_deps\absl-build\absl\time\Release\absl_time.lib
  str_format_internal.vcxproj -> C:\aTOMosBuild\r15cuda\_deps\absl-build\absl\strings\Release\absl_str_format_internal.lib
  log_internal_proto.vcxproj -> C:\aTOMosBuild\r15cuda\_deps\absl-build\absl\log\Release\absl_log_internal_proto.lib
  flags_commandlineflag.vcxproj -> C:\aTOMosBuild\r15cuda\_deps\absl-build\absl\flags\Release\absl_flags_commandlineflag.lib
  symbolize.vcxproj -> C:\aTOMosBuild\r15cuda\_deps\absl-build\absl\debugging\Release\absl_symbolize.lib
  hash.vcxproj -> C:\aTOMosBuild\r15cuda\_deps\absl-build\absl\hash\Release\absl_hash.lib
  log_internal_globals.vcxproj -> C:\aTOMosBuild\r15cuda\_deps\absl-build\absl\log\Release\absl_log_internal_globals.lib
  kernel_timeout_internal.vcxproj -> C:\aTOMosBuild\r15cuda\_deps\absl-build\absl\synchronization\Release\absl_kernel_timeout_internal.lib
  flags_private_handle_accessor.vcxproj -> C:\aTOMosBuild\r15cuda\_deps\absl-build\absl\flags\Release\absl_flags_private_handle_accessor.lib
  log_entry.vcxproj -> C:\aTOMosBuild\r15cuda\_deps\absl-build\absl\log\Release\absl_log_entry.lib
  flags_marshalling.vcxproj -> C:\aTOMosBuild\r15cuda\_deps\absl-build\absl\flags\Release\absl_flags_marshalling.lib
  log_internal_structured_proto.vcxproj -> C:\aTOMosBuild\r15cuda\_deps\absl-build\absl\log\Release\absl_log_internal_structured_proto.lib
  log_internal_format.vcxproj -> C:\aTOMosBuild\r15cuda\_deps\absl-build\absl\log\Release\absl_log_internal_format.lib
  examine_stack.vcxproj -> C:\aTOMosBuild\r15cuda\_deps\absl-build\absl\debugging\Release\absl_examine_stack.lib
  log_sink.vcxproj -> C:\aTOMosBuild\r15cuda\_deps\absl-build\absl\log\Release\absl_log_sink.lib
  synchronization.vcxproj -> C:\aTOMosBuild\r15cuda\_deps\absl-build\absl\synchronization\Release\absl_synchronization.lib
  crc32c.vcxproj -> C:\aTOMosBuild\r15cuda\_deps\absl-build\absl\crc\Release\absl_crc32c.lib
  crc_cord_state.vcxproj -> C:\aTOMosBuild\r15cuda\_deps\absl-build\absl\crc\Release\absl_crc_cord_state.lib
  vlog_config_internal.vcxproj -> C:\aTOMosBuild\r15cuda\_deps\absl-build\absl\log\Release\absl_vlog_config_internal.lib
  hashtablez_sampler.vcxproj -> C:\aTOMosBuild\r15cuda\_deps\absl-build\absl\container\Release\absl_hashtablez_sampler.lib
  flags_program_name.vcxproj -> C:\aTOMosBuild\r15cuda\_deps\absl-build\absl\flags\Release\absl_flags_program_name.lib
  cordz_handle.vcxproj -> C:\aTOMosBuild\r15cuda\_deps\absl-build\absl\strings\Release\absl_cordz_handle.lib
  cord_internal.vcxproj -> C:\aTOMosBuild\r15cuda\_deps\absl-build\absl\strings\Release\absl_cord_internal.lib
  log_globals.vcxproj -> C:\aTOMosBuild\r15cuda\_deps\absl-build\absl\log\Release\absl_log_globals.lib
  log_internal_log_sink_set.vcxproj -> C:\aTOMosBuild\r15cuda\_deps\absl-build\absl\log\Release\absl_log_internal_log_sink_set.lib
  flags_config.vcxproj -> C:\aTOMosBuild\r15cuda\_deps\absl-build\absl\flags\Release\absl_flags_config.lib
  cordz_info.vcxproj -> C:\aTOMosBuild\r15cuda\_deps\absl-build\absl\strings\Release\absl_cordz_info.lib
  log_internal_message.vcxproj -> C:\aTOMosBuild\r15cuda\_deps\absl-build\absl\log\Release\absl_log_internal_message.lib
  cord.vcxproj -> C:\aTOMosBuild\r15cuda\_deps\absl-build\absl\strings\Release\absl_cord.lib
  status.vcxproj -> C:\aTOMosBuild\r15cuda\_deps\absl-build\absl\status\Release\absl_status.lib
  raw_hash_set.vcxproj -> C:\aTOMosBuild\r15cuda\_deps\absl-build\absl\container\Release\absl_raw_hash_set.lib
  log_internal_check_op.vcxproj -> C:\aTOMosBuild\r15cuda\_deps\absl-build\absl\log\Release\absl_log_internal_check_op.lib
  flags_internal.vcxproj -> C:\aTOMosBuild\r15cuda\_deps\absl-build\absl\flags\Release\absl_flags_internal.lib
  statusor.vcxproj -> C:\aTOMosBuild\r15cuda\_deps\absl-build\absl\status\Release\absl_statusor.lib
  flags_reflection.vcxproj -> C:\aTOMosBuild\r15cuda\_deps\absl-build\absl\flags\Release\absl_flags_reflection.lib
  s2.vcxproj -> C:\aTOMosBuild\r15cuda\s2\Release\s2.lib
  atomos_resident.vcxproj -> C:\aTOMosBuild\r15cuda\Release\atomos_resident.lib
  Building Custom Rule C:/OMT AC031 Womack remarkable carmack oculus master quest half-life 3 gabecube/aTOMos_v3_6_1_5_SATNAV_UGTS_Tom_Klootwijk/atomOS_3_6_1_15_HINGE_ENGINE/CMakeLists.txt
  compare_resident.cpp
C:\OMT AC031 Womack remarkable carmack oculus master quest half-life 3 gabecube\aTOMos_v3_6_1_5_SATNAV_UGTS_Tom_Klootwijk\tmp\s2_comparison\s2geometry\src\s2\_fp_contract_off.h(51,9): warning C4068: unknown pragma 'STDC' [C:\aTOMosBuild\r15cuda\compare_resident.vcxproj]
  (compiling source file '../../OMT%20AC031%20Womack%20remarkable%20carmack%20oculus%20master%20quest%20half-life%203%20gabecube/aTOMos_v3_6_1_5_SATNAV_UGTS_Tom_Klootwijk/atomOS_3_6_1_15_HINGE_ENGINE/src/compare_resident.cpp')
  
  compare_resident.vcxproj -> C:\aTOMosBuild\r15cuda\Release\compare_resident.exe
MSBuild version 17.14.23+b0019275e for .NET Framework

  Building Custom Rule C:/OMT AC031 Womack remarkable carmack oculus master quest half-life 3 gabecube/aTOMos_v3_6_1_5_SATNAV_UGTS_Tom_Klootwijk/atomOS_3_6_1_15_HINGE_ENGINE/CMakeLists.txt
  Compiling CUDA source file ..\..\OMT AC031 Womack remarkable carmack oculus master quest half-life 3 gabecube\aTOMos_v3_6_1_5_SATNAV_UGTS_Tom_Klootwijk\atomOS_3_6_1_15_HINGE_ENGINE\cuda\word_cache_benchmark.cu...
  
  C:\aTOMosBuild\r15cuda>"C:\Program Files\NVIDIA GPU Computing Toolkit\CUDA\v12.8\bin\nvcc.exe"  --use-local-env -ccbin "C:\Program Files (x86)\Microsoft Visual Studio\2022\BuildTools\VC\Tools\MSVC\14.44.35207\bin\HostX64\x64" -x cu   -I"C:\Program Files\NVIDIA GPU Computing Toolkit\CUDA\v12.8\include" -I"C:\Program Files\NVIDIA GPU Computing Toolkit\CUDA\v12.8\include"     --keep-dir word_cac.CDF9068D\x64\Release  -maxrregcount=0    --machine 64 --compile -cudart static -forward-unknown-to-host-compiler -std=c++17 --generate-code=arch=compute_120,code=[sm_120] --generate-code=arch=compute_120,code=[compute_120] -Xcompiler="/EHsc -Ob2"   -D_WINDOWS -DNDEBUG -D"CMAKE_INTDIR=\"Release\"" -D_MBCS -D"CMAKE_INTDIR=\"Release\"" -Xcompiler "/EHsc /W1 /nologo /O2 /FS   /MD " -Xcompiler "/Fdword_cache_benchmark.dir\Release\vc143.pdb" -o word_cache_benchmark.dir\Release\word_cache_benchmark.obj "C:\OMT AC031 Womack remarkable carmack oculus master quest half-life 3 gabecube\aTOMos_v3_6_1_5_SATNAV_UGTS_Tom_Klootwijk\atomOS_3_6_1_15_HINGE_ENGINE\cuda\word_cache_benchmark.cu" 
  word_cache_benchmark.cu
  tmpxft_0001827c_00000000-7_word_cache_benchmark.cudafe1.cpp
  word_cache_benchmark.vcxproj -> C:\aTOMosBuild\r15cuda\Release\word_cache_benchmark.exe
