MSBuild version 17.14.23+b0019275e for .NET Framework

  1>Checking Build System
  Building Custom Rule C:/OMT AC031 Womack remarkable carmack oculus master quest half-life 3 gabecube/aTOMos_v3_6_1_5_SATNAV_UGTS_Tom_Klootwijk/atomOS_3_6_1_10_ORBIT_SEED/CMakeLists.txt
  satnav_core.vcxproj -> C:\tmp\atomos36110_cuda128\Release\satnav_core.lib
  Building Custom Rule C:/OMT AC031 Womack remarkable carmack oculus master quest half-life 3 gabecube/aTOMos_v3_6_1_5_SATNAV_UGTS_Tom_Klootwijk/atomOS_3_6_1_10_ORBIT_SEED/CMakeLists.txt
  Building Custom Rule C:/OMT AC031 Womack remarkable carmack oculus master quest half-life 3 gabecube/aTOMos_v3_6_1_5_SATNAV_UGTS_Tom_Klootwijk/atomOS_3_6_1_10_ORBIT_SEED/CMakeLists.txt
  core_tests.vcxproj -> C:\tmp\atomos36110_cuda128\Release\core_tests.exe
  Building Custom Rule C:/OMT AC031 Womack remarkable carmack oculus master quest half-life 3 gabecube/aTOMos_v3_6_1_5_SATNAV_UGTS_Tom_Klootwijk/atomOS_3_6_1_10_ORBIT_SEED/CMakeLists.txt
  self_reference_tests.vcxproj -> C:\tmp\atomos36110_cuda128\Release\self_reference_tests.exe
  self_reference.vcxproj -> C:\tmp\atomos36110_cuda128\Release\self_reference.exe
  Building Custom Rule C:/OMT AC031 Womack remarkable carmack oculus master quest half-life 3 gabecube/aTOMos_v3_6_1_5_SATNAV_UGTS_Tom_Klootwijk/atomOS_3_6_1_10_ORBIT_SEED/CMakeLists.txt
  satnav_stream.vcxproj -> C:\tmp\atomos36110_cuda128\Release\satnav_stream.exe
  Building Custom Rule C:/OMT AC031 Womack remarkable carmack oculus master quest half-life 3 gabecube/aTOMos_v3_6_1_5_SATNAV_UGTS_Tom_Klootwijk/atomOS_3_6_1_10_ORBIT_SEED/CMakeLists.txt
  satnav.vcxproj -> C:\tmp\atomos36110_cuda128\Release\satnav.exe
  Building Custom Rule C:/OMT AC031 Womack remarkable carmack oculus master quest half-life 3 gabecube/aTOMos_v3_6_1_5_SATNAV_UGTS_Tom_Klootwijk/atomOS_3_6_1_10_ORBIT_SEED/CMakeLists.txt
  Building Custom Rule C:/OMT AC031 Womack remarkable carmack oculus master quest half-life 3 gabecube/aTOMos_v3_6_1_5_SATNAV_UGTS_Tom_Klootwijk/atomOS_3_6_1_10_ORBIT_SEED/CMakeLists.txt
  orbit_native_tests.vcxproj -> C:\tmp\atomos36110_cuda128\Release\orbit_native_tests.exe
  orbit_worker.vcxproj -> C:\tmp\atomos36110_cuda128\Release\orbit_worker.exe
  Building Custom Rule C:/OMT AC031 Womack remarkable carmack oculus master quest half-life 3 gabecube/aTOMos_v3_6_1_5_SATNAV_UGTS_Tom_Klootwijk/atomOS_3_6_1_10_ORBIT_SEED/CMakeLists.txt
  coupled_tests.vcxproj -> C:\tmp\atomos36110_cuda128\Release\coupled_tests.exe
  Building Custom Rule C:/OMT AC031 Womack remarkable carmack oculus master quest half-life 3 gabecube/aTOMos_v3_6_1_5_SATNAV_UGTS_Tom_Klootwijk/atomOS_3_6_1_10_ORBIT_SEED/CMakeLists.txt
  coupled_kernel.vcxproj -> C:\tmp\atomos36110_cuda128\Release\coupled_kernel.exe
  Building Custom Rule C:/OMT AC031 Womack remarkable carmack oculus master quest half-life 3 gabecube/aTOMos_v3_6_1_5_SATNAV_UGTS_Tom_Klootwijk/atomOS_3_6_1_10_ORBIT_SEED/CMakeLists.txt
