MSBuild version 17.14.23+b0019275e for .NET Framework

  1>Checking Build System
  Building Custom Rule C:/OMT AC031 Womack remarkable carmack oculus master quest half-life 3 gabecube/aTOMos_v3_6_1_5_SATNAV_UGTS_Tom_Klootwijk/atomOS_3_6_1_8_LIVE/CMakeLists.txt
  cpu.cpp
  satnav_core.vcxproj -> C:\tmp\atomos3618_cpu\Release\satnav_core.lib
  Building Custom Rule C:/OMT AC031 Womack remarkable carmack oculus master quest half-life 3 gabecube/aTOMos_v3_6_1_5_SATNAV_UGTS_Tom_Klootwijk/atomOS_3_6_1_8_LIVE/CMakeLists.txt
  Building Custom Rule C:/OMT AC031 Womack remarkable carmack oculus master quest half-life 3 gabecube/aTOMos_v3_6_1_5_SATNAV_UGTS_Tom_Klootwijk/atomOS_3_6_1_8_LIVE/CMakeLists.txt
  Building Custom Rule C:/OMT AC031 Womack remarkable carmack oculus master quest half-life 3 gabecube/aTOMos_v3_6_1_5_SATNAV_UGTS_Tom_Klootwijk/atomOS_3_6_1_8_LIVE/CMakeLists.txt
  Building Custom Rule C:/OMT AC031 Womack remarkable carmack oculus master quest half-life 3 gabecube/aTOMos_v3_6_1_5_SATNAV_UGTS_Tom_Klootwijk/atomOS_3_6_1_8_LIVE/CMakeLists.txt
  Building Custom Rule C:/OMT AC031 Womack remarkable carmack oculus master quest half-life 3 gabecube/aTOMos_v3_6_1_5_SATNAV_UGTS_Tom_Klootwijk/atomOS_3_6_1_8_LIVE/CMakeLists.txt
  Building Custom Rule C:/OMT AC031 Womack remarkable carmack oculus master quest half-life 3 gabecube/aTOMos_v3_6_1_5_SATNAV_UGTS_Tom_Klootwijk/atomOS_3_6_1_8_LIVE/CMakeLists.txt
  Building Custom Rule C:/OMT AC031 Womack remarkable carmack oculus master quest half-life 3 gabecube/aTOMos_v3_6_1_5_SATNAV_UGTS_Tom_Klootwijk/atomOS_3_6_1_8_LIVE/CMakeLists.txt
  core_tests.cpp
  self_reference_tests.cpp
  self_reference.cpp
  main.cpp
  self_reference_tests.vcxproj -> C:\tmp\atomos3618_cpu\Release\self_reference_tests.exe
  core_tests.vcxproj -> C:\tmp\atomos3618_cpu\Release\core_tests.exe
  satnav_stream.cpp
  coupled_tests.cpp
  satnav_stream.vcxproj -> C:\tmp\atomos3618_cpu\Release\satnav_stream.exe
  satnav.vcxproj -> C:\tmp\atomos3618_cpu\Release\satnav.exe
  self_reference.vcxproj -> C:\tmp\atomos3618_cpu\Release\self_reference.exe
  coupled_tests.vcxproj -> C:\tmp\atomos3618_cpu\Release\coupled_tests.exe
  coupled_kernel.cpp
  coupled_kernel.vcxproj -> C:\tmp\atomos3618_cpu\Release\coupled_kernel.exe
  Building Custom Rule C:/OMT AC031 Womack remarkable carmack oculus master quest half-life 3 gabecube/aTOMos_v3_6_1_5_SATNAV_UGTS_Tom_Klootwijk/atomOS_3_6_1_8_LIVE/CMakeLists.txt
