MSBuild version 17.14.23+b0019275e for .NET Framework

  1>Checking Build System
  Building Custom Rule C:/OMT AC031 Womack remarkable carmack oculus master quest half-life 3 gabecube/aTOMos_v3_6_1_5_SATNAV_UGTS_Tom_Klootwijk/atomOS_3_6_1_8_LIVE/CMakeLists.txt
  Compiling CUDA source file ..\..\OMT AC031 Womack remarkable carmack oculus master quest half-life 3 gabecube\aTOMos_v3_6_1_5_SATNAV_UGTS_Tom_Klootwijk\atomOS_3_6_1_8_LIVE\cuda\backend.cu...
  
  C:\tmp\atomos3618_gpu128>"C:\Program Files\NVIDIA GPU Computing Toolkit\CUDA\v12.8\bin\nvcc.exe"  --use-local-env -ccbin "C:\Program Files (x86)\Microsoft Visual Studio\2022\BuildTools\VC\Tools\MSVC\14.44.35207\bin\HostX64\x64" -x cu   -I"C:\OMT AC031 Womack remarkable carmack oculus master quest half-life 3 gabecube\aTOMos_v3_6_1_5_SATNAV_UGTS_Tom_Klootwijk\atomOS_3_6_1_8_LIVE\include" -I"C:\Program Files\NVIDIA GPU Computing Toolkit\CUDA\v12.8\include" -I"C:\Program Files\NVIDIA GPU Computing Toolkit\CUDA\v12.8\include"     --keep-dir satnav_core\x64\Release  -maxrregcount=0    --machine 64 --compile -cudart static -forward-unknown-to-host-compiler -std=c++17 --generate-code=arch=compute_120,code=[sm_120] --generate-code=arch=compute_120,code=[compute_120] --fmad=false -Xcompiler="/EHsc -Ob2"   -D_WINDOWS -DNDEBUG -DSATNAV_HAS_CUDA=1 -D"CMAKE_INTDIR=\"Release\"" -D_MBCS -DWIN32 -D_WINDOWS -DNDEBUG -DSATNAV_HAS_CUDA=1 -D"CMAKE_INTDIR=\"Release\"" -Xcompiler "/EHsc /W4 /nologo /O2 /FS   /MD " -Xcompiler "/FdC:\tmp\atomos3618_gpu128\Release\satnav_core.pdb" -o satnav_core.dir\Release\backend.obj "C:\OMT AC031 Womack remarkable carmack oculus master quest half-life 3 gabecube\aTOMos_v3_6_1_5_SATNAV_UGTS_Tom_Klootwijk\atomOS_3_6_1_8_LIVE\cuda\backend.cu" 
  backend.cu
  tmpxft_0000a6b0_00000000-7_backend.cudafe1.cpp
  cpu.cpp
  satnav_core.vcxproj -> C:\tmp\atomos3618_gpu128\Release\satnav_core.lib
  Building Custom Rule C:/OMT AC031 Womack remarkable carmack oculus master quest half-life 3 gabecube/aTOMos_v3_6_1_5_SATNAV_UGTS_Tom_Klootwijk/atomOS_3_6_1_8_LIVE/CMakeLists.txt
  Building Custom Rule C:/OMT AC031 Womack remarkable carmack oculus master quest half-life 3 gabecube/aTOMos_v3_6_1_5_SATNAV_UGTS_Tom_Klootwijk/atomOS_3_6_1_8_LIVE/CMakeLists.txt
  core_tests.cpp
  Compiling CUDA source file ..\..\OMT AC031 Womack remarkable carmack oculus master quest half-life 3 gabecube\aTOMos_v3_6_1_5_SATNAV_UGTS_Tom_Klootwijk\atomOS_3_6_1_8_LIVE\cuda\self_reference.cu...
  Building Custom Rule C:/OMT AC031 Womack remarkable carmack oculus master quest half-life 3 gabecube/aTOMos_v3_6_1_5_SATNAV_UGTS_Tom_Klootwijk/atomOS_3_6_1_8_LIVE/CMakeLists.txt
  self_reference_tests.cpp
  Building Custom Rule C:/OMT AC031 Womack remarkable carmack oculus master quest half-life 3 gabecube/aTOMos_v3_6_1_5_SATNAV_UGTS_Tom_Klootwijk/atomOS_3_6_1_8_LIVE/CMakeLists.txt
  
  C:\tmp\atomos3618_gpu128>"C:\Program Files\NVIDIA GPU Computing Toolkit\CUDA\v12.8\bin\nvcc.exe"  --use-local-env -ccbin "C:\Program Files (x86)\Microsoft Visual Studio\2022\BuildTools\VC\Tools\MSVC\14.44.35207\bin\HostX64\x64" -x cu   -I"C:\OMT AC031 Womack remarkable carmack oculus master quest half-life 3 gabecube\aTOMos_v3_6_1_5_SATNAV_UGTS_Tom_Klootwijk\atomOS_3_6_1_8_LIVE\include" -I"C:\Program Files\NVIDIA GPU Computing Toolkit\CUDA\v12.8\include" -I"C:\Program Files\NVIDIA GPU Computing Toolkit\CUDA\v12.8\include"     --keep-dir self_reference\x64\Release  -maxrregcount=0    --machine 64 --compile -cudart static -forward-unknown-to-host-compiler -std=c++17 --generate-code=arch=compute_120,code=[sm_120] --generate-code=arch=compute_120,code=[compute_120] --fmad=false -Xcompiler="/EHsc -Ob2"   -D_WINDOWS -DNDEBUG -DSATNAV_HAS_CUDA=1 -D"CMAKE_INTDIR=\"Release\"" -D_MBCS -DWIN32 -D_WINDOWS -DNDEBUG -DSATNAV_HAS_CUDA=1 -D"CMAKE_INTDIR=\"Release\"" -Xcompiler "/EHsc /W4 /nologo /O2 /FS   /MD " -Xcompiler "/Fdself_reference.dir\Release\vc143.pdb" -o self_reference.dir\Release\cuda/self_reference.cu.obj "C:\OMT AC031 Womack remarkable carmack oculus master quest half-life 3 gabecube\aTOMos_v3_6_1_5_SATNAV_UGTS_Tom_Klootwijk\atomOS_3_6_1_8_LIVE\cuda\self_reference.cu" 
  satnav_stream.cpp
  self_reference_tests.vcxproj -> C:\tmp\atomos3618_gpu128\Release\self_reference_tests.exe
  Building Custom Rule C:/OMT AC031 Womack remarkable carmack oculus master quest half-life 3 gabecube/aTOMos_v3_6_1_5_SATNAV_UGTS_Tom_Klootwijk/atomOS_3_6_1_8_LIVE/CMakeLists.txt
  main.cpp
  satnav_stream.vcxproj -> C:\tmp\atomos3618_gpu128\Release\satnav_stream.exe
  Building Custom Rule C:/OMT AC031 Womack remarkable carmack oculus master quest half-life 3 gabecube/aTOMos_v3_6_1_5_SATNAV_UGTS_Tom_Klootwijk/atomOS_3_6_1_8_LIVE/CMakeLists.txt
  coupled_tests.cpp
  self_reference.cu
  coupled_tests.vcxproj -> C:\tmp\atomos3618_gpu128\Release\coupled_tests.exe
  satnav.vcxproj -> C:\tmp\atomos3618_gpu128\Release\satnav.exe
  Building Custom Rule C:/OMT AC031 Womack remarkable carmack oculus master quest half-life 3 gabecube/aTOMos_v3_6_1_5_SATNAV_UGTS_Tom_Klootwijk/atomOS_3_6_1_8_LIVE/CMakeLists.txt
  tmpxft_0000521c_00000000-7_self_reference.cudafe1.cpp
  core_tests.vcxproj -> C:\tmp\atomos3618_gpu128\Release\core_tests.exe
  Compiling CUDA source file ..\..\OMT AC031 Womack remarkable carmack oculus master quest half-life 3 gabecube\aTOMos_v3_6_1_5_SATNAV_UGTS_Tom_Klootwijk\atomOS_3_6_1_8_LIVE\cuda\coupled_kernel.cu...
  self_reference.cpp
  
  C:\tmp\atomos3618_gpu128>"C:\Program Files\NVIDIA GPU Computing Toolkit\CUDA\v12.8\bin\nvcc.exe"  --use-local-env -ccbin "C:\Program Files (x86)\Microsoft Visual Studio\2022\BuildTools\VC\Tools\MSVC\14.44.35207\bin\HostX64\x64" -x cu   -I"C:\OMT AC031 Womack remarkable carmack oculus master quest half-life 3 gabecube\aTOMos_v3_6_1_5_SATNAV_UGTS_Tom_Klootwijk\atomOS_3_6_1_8_LIVE\include" -I"C:\Program Files\NVIDIA GPU Computing Toolkit\CUDA\v12.8\include" -I"C:\Program Files\NVIDIA GPU Computing Toolkit\CUDA\v12.8\include"     --keep-dir coupled_kernel\x64\Release  -maxrregcount=0    --machine 64 --compile -cudart static -forward-unknown-to-host-compiler -std=c++17 --generate-code=arch=compute_120,code=[sm_120] --generate-code=arch=compute_120,code=[compute_120] --fmad=false -Xcompiler="/EHsc -Ob2"   -D_WINDOWS -DNDEBUG -DSATNAV_HAS_CUDA=1 -D"CMAKE_INTDIR=\"Release\"" -D_MBCS -DWIN32 -D_WINDOWS -DNDEBUG -DSATNAV_HAS_CUDA=1 -D"CMAKE_INTDIR=\"Release\"" -Xcompiler "/EHsc /W4 /nologo /O2 /FS   /MD " -Xcompiler "/Fdcoupled_kernel.dir\Release\vc143.pdb" -o coupled_kernel.dir\Release\cuda/coupled_kernel.cu.obj "C:\OMT AC031 Womack remarkable carmack oculus master quest half-life 3 gabecube\aTOMos_v3_6_1_5_SATNAV_UGTS_Tom_Klootwijk\atomOS_3_6_1_8_LIVE\cuda\coupled_kernel.cu" 
  self_reference.vcxproj -> C:\tmp\atomos3618_gpu128\Release\self_reference.exe
  coupled_kernel.cu
  tmpxft_00002a8c_00000000-7_coupled_kernel.cudafe1.cpp
  coupled_kernel.cpp
  coupled_kernel.vcxproj -> C:\tmp\atomos3618_gpu128\Release\coupled_kernel.exe
  Building Custom Rule C:/OMT AC031 Womack remarkable carmack oculus master quest half-life 3 gabecube/aTOMos_v3_6_1_5_SATNAV_UGTS_Tom_Klootwijk/atomOS_3_6_1_8_LIVE/CMakeLists.txt
