{"epoch_id": 0, "time_gpst_s": 1473458354.0, "status": "TOO_FEW", "position_available": false, "fit": "NOT_EVALUATED", "used": 0, "state_ecef_clock_m": null, "estimated_reception_gpst_s": null, "rms_m": 0, "outer_passes": 1, "processing_ms": 2588.485899999796, "reception_gpst_s": 1473458352.2026286, "solution_emitted_utc_unix_s": 1789423136.7923827, "observation_to_reception_s": -1.7973713874816895, "native_status": "TOO_FEW", "native_backend": "cuda_global"}
{"epoch_id": 1, "time_gpst_s": 1473458355.0, "status": "TOO_FEW", "position_available": false, "fit": "NOT_EVALUATED", "used": 0, "state_ecef_clock_m": null, "estimated_reception_gpst_s": null, "rms_m": 0, "outer_passes": 1, "processing_ms": 0.9499000007053837, "reception_gpst_s": 1473458354.79318, "solution_emitted_utc_unix_s": 1789423136.8013532, "observation_to_reception_s": -0.20682001113891602, "native_status": "TOO_FEW", "native_backend": "cuda_global"}
{"epoch_id": 2, "time_gpst_s": 1473458356.0, "status": "TOO_FEW", "position_available": false, "fit": "NOT_EVALUATED", "used": 0, "state_ecef_clock_m": null, "estimated_reception_gpst_s": null, "rms_m": 0, "outer_passes": 1, "processing_ms": 0.7149000011850148, "reception_gpst_s": 1473458354.79318, "solution_emitted_utc_unix_s": 1789423136.8031402, "observation_to_reception_s": -1.206820011138916, "native_status": "TOO_FEW", "native_backend": "cuda_global"}
{"epoch_id": 29, "time_gpst_s": 1473458383.0, "status": "CONVERGED", "position_available": true, "fit": "WITHIN_RESIDUAL_BUDGET", "used": 9, "state_ecef_clock_m": [4426043.826705688, -89428.08342355152, 4576298.151993979, 20236.700321818127], "estimated_reception_gpst_s": 1473458382.9999325, "rms_m": 0.5236252329760669, "outer_passes": 2, "processing_ms": 4.724700000224402, "reception_gpst_s": 1473458381.2593625, "solution_emitted_utc_unix_s": 1789423163.2649593, "observation_to_reception_s": -1.7406375408172607, "native_status": "CONVERGED", "native_backend": "cuda_global"}
{"epoch_id": 59, "time_gpst_s": 1473458413.0, "status": "CONVERGED", "position_available": true, "fit": "WITHIN_RESIDUAL_BUDGET", "used": 9, "state_ecef_clock_m": [4426043.500642989, -89428.16295579434, 4576298.184637944, 24683.319750508712], "estimated_reception_gpst_s": 1473458412.9999177, "rms_m": 0.6614485543775547, "outer_passes": 2, "processing_ms": 3.9116000007197727, "reception_gpst_s": 1473458411.241237, "solution_emitted_utc_unix_s": 1789423193.2464385, "observation_to_reception_s": -1.758763074874878, "native_status": "CONVERGED", "native_backend": "cuda_global"}
{"epoch_id": 89, "time_gpst_s": 1473458443.0, "status": "CONVERGED", "position_available": true, "fit": "WITHIN_RESIDUAL_BUDGET", "used": 9, "state_ecef_clock_m": [4426043.721197339, -89428.1010194627, 4576298.231919569, 29127.85832551185], "estimated_reception_gpst_s": 1473458442.9999027, "rms_m": 0.7628487983912905, "outer_passes": 2, "processing_ms": 4.587899999023648, "reception_gpst_s": 1473458441.2440245, "solution_emitted_utc_unix_s": 1789423223.2494109, "observation_to_reception_s": -1.7559754848480225, "native_status": "CONVERGED", "native_backend": "cuda_global"}
{"epoch_id": 119, "time_gpst_s": 1473458473.0, "status": "CONVERGED", "position_available": true, "fit": "WITHIN_RESIDUAL_BUDGET", "used": 9, "state_ecef_clock_m": [4426043.576594854, -89428.27863363779, 4576298.09108985, 33570.72124243544], "estimated_reception_gpst_s": 1473458472.999888, "rms_m": 0.8168029345823544, "outer_passes": 2, "processing_ms": 3.726499999174848, "reception_gpst_s": 1473458471.2380774, "solution_emitted_utc_unix_s": 1789423253.2428489, "observation_to_reception_s": -1.7619225978851318, "native_status": "CONVERGED", "native_backend": "cuda_global"}
{"epoch_id": 149, "time_gpst_s": 1473458503.0, "status": "CONVERGED", "position_available": true, "fit": "WITHIN_RESIDUAL_BUDGET", "used": 9, "state_ecef_clock_m": [4426043.11112979, -89428.6886060118, 4576298.0502672875, 38014.089806158634], "estimated_reception_gpst_s": 1473458502.9998732, "rms_m": 0.6946845378764283, "outer_passes": 2, "processing_ms": 4.578900001433794, "reception_gpst_s": 1473458501.262604, "solution_emitted_utc_unix_s": 1789423283.2680523, "observation_to_reception_s": -1.737396001815796, "native_status": "CONVERGED", "native_backend": "cuda_global"}
{"epoch_id": 179, "time_gpst_s": 1473458533.0, "status": "CONVERGED", "position_available": true, "fit": "WITHIN_RESIDUAL_BUDGET", "used": 9, "state_ecef_clock_m": [4426043.660526574, -89428.5908600747, 4576298.378128412, 42458.151209912314], "estimated_reception_gpst_s": 1473458532.9998584, "rms_m": 0.6426457355391709, "outer_passes": 2, "processing_ms": 5.079500000647386, "reception_gpst_s": 1473458531.2520237, "solution_emitted_utc_unix_s": 1789423313.2582104, "observation_to_reception_s": -1.747976303100586, "native_status": "CONVERGED", "native_backend": "cuda_global"}
{
  "source_kind": "live_internet_rtcm",
  "implementation": {
    "tools/live_satnav.py": {
      "path": "C:\\OMT AC031 Womack remarkable carmack oculus master quest half-life 3 gabecube\\aTOMos_v3_6_1_5_SATNAV_UGTS_Tom_Klootwijk\\atomOS_3_6_1_8_LIVE\\tools\\live_satnav.py",
      "sha256": "46574312d0f7c8a7ee81f0b416d30151304b7e4530bf7f413adf9b2a704793cb"
    },
    "python/live_pipeline.py": {
      "path": "C:\\OMT AC031 Womack remarkable carmack oculus master quest half-life 3 gabecube\\aTOMos_v3_6_1_5_SATNAV_UGTS_Tom_Klootwijk\\atomOS_3_6_1_8_LIVE\\python\\live_pipeline.py",
      "sha256": "d8382f89e312638410a1a955b29f5543f2e260a0d13ecc833766228772f2c0af"
    },
    "python/live_native.py": {
      "path": "C:\\OMT AC031 Womack remarkable carmack oculus master quest half-life 3 gabecube\\aTOMos_v3_6_1_5_SATNAV_UGTS_Tom_Klootwijk\\atomOS_3_6_1_8_LIVE\\python\\live_native.py",
      "sha256": "22ffe0e51ac899487a1ef1e2abf11e9885039b195b6b70f84e258f827853c67c"
    },
    "python/live_gnss.py": {
      "path": "C:\\OMT AC031 Womack remarkable carmack oculus master quest half-life 3 gabecube\\aTOMos_v3_6_1_5_SATNAV_UGTS_Tom_Klootwijk\\atomOS_3_6_1_8_LIVE\\python\\live_gnss.py",
      "sha256": "40434e11affffa333ad65f00894415ce0a994bcc627f22ce189ceee8e08a4640"
    },
    "python/live_rtcm.py": {
      "path": "C:\\OMT AC031 Womack remarkable carmack oculus master quest half-life 3 gabecube\\aTOMos_v3_6_1_5_SATNAV_UGTS_Tom_Klootwijk\\atomOS_3_6_1_8_LIVE\\python\\live_rtcm.py",
      "sha256": "78ab371e4e1268297822aa0d2a0b290497c5ffac61986e667d133a1b13fded86"
    }
  },
  "inputs": {
    "iono_nav": {
      "path": "C:\\OMT AC031 Womack remarkable carmack oculus master quest half-life 3 gabecube\\aTOMos_v3_6_1_5_SATNAV_UGTS_Tom_Klootwijk\\atomOS_3_6_1_8_LIVE\\source\\live_data\\BRDC00WRD_R_20262570000_01D_MN.rnx",
      "sha256": "47eb2d9ce0170c136d412d3538c5a21d0b99907f2ee105005e1381c4db5b8739"
    }
  },
  "source_url": "ntrip://caster.centipede.fr:2101/LIENSS",
  "gps_utc_offset_s": 18,
  "measurement_origin": "remote_GNSS_receiver",
  "ephemeris_origin": "streamed_RTCM1019",
  "iono_source_role": "GPSA/B_header_only",
  "laptop_position_measured": false,
  "version": "3.6.1.8",
  "profile": "LIVE-GPS-L1-R1",
  "initial_seed_ecef_clock_m": [
    0.0,
    0.0,
    0.0,
    0.0
  ],
  "reference_coordinates_used": false,
  "worker_command": [
    "C:\\tmp\\atomos3618_gpu128\\Release\\satnav_stream.exe",
    "--backend",
    "cuda",
    "--device",
    "0"
  ],
  "worker_pid": 8752,
  "worker_sha256": "04794e50e7961025459019e19def9f6b803b86603ab78a1dce2a5426ca670548",
  "worker_greeting": {
    "type": "ready",
    "version": "3.6.1.8",
    "protocol": "SATNAV-STREAM-1",
    "backend": "cuda"
  },
  "correction_outer_limit": 8,
  "correction_tolerance_m": 0.001,
  "iono_alpha": [
    1.2107e-08,
    1.4901e-08,
    -5.9605e-08,
    -1.1921e-07
  ],
  "iono_beta": [
    96256.0,
    81920.0,
    -196610.0,
    -393220.0
  ],
  "min_elevation_deg": 10.0,
  "epoch_status_counts": {
    "TOO_FEW": 5,
    "CONVERGED": 175
  },
  "epochs": 180,
  "positions": 175,
  "processing_ms": {
    "median": 4.559950000839308,
    "p95": 9.171799998512142,
    "maximum": 2588.485899999796,
    "scope": "completed-epoch correction preparation, native worker, and response parsing; excludes transport and RTCM parsing"
  },
  "first_position": {
    "epoch_id": 5,
    "time_gpst_s": 1473458359.0,
    "status": "CONVERGED",
    "position_available": true,
    "fit": "WITHIN_RESIDUAL_BUDGET",
    "used": 9,
    "state_ecef_clock_m": [
      4426043.052880623,
      -89428.12556661302,
      4576297.954707621,
      16679.66041641431
    ],
    "estimated_reception_gpst_s": 1473458358.9999444,
    "rms_m": 0.32427374107360485,
    "outer_passes": 4,
    "processing_ms": 6.436499999836087,
    "reception_gpst_s": 1473458357.253412,
    "solution_emitted_utc_unix_s": 1789423139.2608116,
    "observation_to_reception_s": -1.7465879917144775,
    "native_status": "CONVERGED",
    "native_backend": "cuda_global"
  },
  "last_position": {
    "epoch_id": 179,
    "time_gpst_s": 1473458533.0,
    "status": "CONVERGED",
    "position_available": true,
    "fit": "WITHIN_RESIDUAL_BUDGET",
    "used": 9,
    "state_ecef_clock_m": [
      4426043.660526574,
      -89428.5908600747,
      4576298.378128412,
      42458.151209912314
    ],
    "estimated_reception_gpst_s": 1473458532.9998584,
    "rms_m": 0.6426457355391709,
    "outer_passes": 2,
    "processing_ms": 5.079500000647386,
    "reception_gpst_s": 1473458531.2520237,
    "solution_emitted_utc_unix_s": 1789423313.2582104,
    "observation_to_reception_s": -1.747976303100586,
    "native_status": "CONVERGED",
    "native_backend": "cuda_global"
  },
  "capture": {
    "source": "ntrip://caster.centipede.fr:2101/LIENSS",
    "raw_path": "results\\lienss_live_cuda_final\\capture.rtcm3",
    "bytes": 378777,
    "sha256": "b27f92f48d87464c00f3bf0710e05c3b12b50b068da7a622102e102a1b50bf91",
    "duration_s": 180.00546369999938,
    "requested_duration_s": 180.0,
    "started_utc_unix_s": 1789423134.060847,
    "max_bytes": 8388608,
    "gps_utc_offset_s": 18,
    "connections": 1,
    "stop_reason": "duration_limit",
    "events": [
      {
        "type": "connecting",
        "connection": 1,
        "offset": 0,
        "utc_unix_s": 1789423134.0612426
      },
      {
        "type": "connected",
        "connection": 1,
        "offset": 0,
        "utc_unix_s": 1789423134.1325853,
        "protocol": "HTTP/1.1",
        "chunked": false
      },
      {
        "type": "disconnected",
        "connection": 1,
        "offset": 378777,
        "utc_unix_s": 1789423314.065853,
        "reason": "duration_limit"
      },
      {
        "type": "capture_end",
        "connection": 1,
        "offset": 378777,
        "utc_unix_s": 1789423314.0660124,
        "reason": "duration_limit"
      }
    ],
    "measurement_origin": "remote_receiver; no local receiver or RF observations",
    "timing_sidecar": "results\\lienss_live_cuda_final\\capture.rtcm3.timing.jsonl"
  },
  "rtcm_message_counts": {
    "1004": 180,
    "1012": 180,
    "1077": 180,
    "1087": 180,
    "1097": 180,
    "1127": 180,
    "1005": 18,
    "1008": 18,
    "1033": 18,
    "1045": 222,
    "1046": 222,
    "1019": 63,
    "1020": 63,
    "1006": 6,
    "1230": 6,
    "1042": 122
  }
}
