{
  "version": "3.6.1.8",
  "status": "passed",
  "backend": "cuda",
  "epochs": 256,
  "comparisons": 6861,
  "status_counts": {
    "CONVERGED": 253,
    "TOO_FEW": 1,
    "MASK_ABSORBED": 1,
    "RANK_DEFICIENT": 1
  },
  "max_absolute_state_difference_m": 8.818460628390312e-09,
  "rejected_requests_then_worker_recovered": [
    "malformed",
    "negative_id",
    "nonfinite_time",
    "count_mismatch",
    "long_request"
  ],
  "request_latency_ms": {
    "median": 1.4341000005515525,
    "p95": 1.6466999986732844,
    "max": 1054.2729000007967,
    "scope": "local request serialization, native worker and response parsing; excludes raw transport and correction preparation"
  },
  "binary_sha256": "04794e50e7961025459019e19def9f6b803b86603ab78a1dce2a5426ca670548",
  "command": [
    "C:\\tmp\\atomos3618_gpu128\\Release\\satnav_stream.exe",
    "--backend",
    "cuda",
    "--device",
    "0"
  ],
  "pid": 40712,
  "scope": "Synthetic interface regression only; real-observation and Internet validations have separate reports."
}
