{
  "source_kind": "recorded_rinex",
  "inputs": {
    "rinex_obs": {
      "path": "C:\\OMT AC031 Womack remarkable carmack oculus master quest half-life 3 gabecube\\aTOMos_v3_6_1_5_SATNAV_UGTS_Tom_Klootwijk\\atomOS_3_6_1_8_LIVE\\source\\live_data\\07590920.05o",
      "sha256": "8474af556633e9c03293a8fb1e2c1f55180b42336b17574a84fda06eb6a02f9e"
    },
    "nav": {
      "path": "C:\\OMT AC031 Womack remarkable carmack oculus master quest half-life 3 gabecube\\aTOMos_v3_6_1_5_SATNAV_UGTS_Tom_Klootwijk\\atomOS_3_6_1_8_LIVE\\source\\live_data\\07590920.05n",
      "sha256": "eb26dce205b59269147035be49db481d38dc51bb8601dac6e84c0c868bb8094a"
    }
  },
  "source_url": null,
  "gps_utc_offset_s": 18,
  "measurement_origin": "remote_GNSS_receiver",
  "ephemeris_origin": "RINEX_NAV",
  "iono_source_role": "RINEX_NAV_header",
  "laptop_position_measured": false,
  "version": "3.6.1.8",
  "profile": "LIVE-GPS-L1-R1",
  "initial_seed_ecef_clock_m": [
    0.0,
    0.0,
    0.0,
    0.0
  ],
  "reference_coordinates_used": false,
  "worker_command": [
    "C:\\tmp\\atomos3618_cpu\\Release\\satnav_stream.exe",
    "--backend",
    "cpu",
    "--device",
    "0"
  ],
  "worker_pid": 48316,
  "worker_sha256": "c7d20fd219ff73b6e19bf40254d71f8436bb0be881f571b9feba495e9f56e7f6",
  "worker_greeting": {
    "type": "ready",
    "version": "3.6.1.8",
    "protocol": "SATNAV-STREAM-1",
    "backend": "cpu"
  },
  "correction_outer_limit": 8,
  "correction_tolerance_m": 0.001,
  "iono_alpha": [
    1.118e-08,
    1.49e-08,
    -5.96e-08,
    -5.96e-08
  ],
  "iono_beta": [
    88060.0,
    16380.0,
    -196600.0,
    -131100.0
  ],
  "min_elevation_deg": 10.0,
  "epoch_status_counts": {
    "CONVERGED": 120
  },
  "epochs": 120,
  "positions": 120,
  "processing_ms": {
    "median": 1.0576499998933286,
    "p95": 1.63310000061756,
    "maximum": 2.2980000012466917,
    "scope": "completed-epoch correction preparation, native worker, and response parsing; excludes transport and RTCM parsing"
  },
  "first_position": {
    "epoch_id": 0,
    "time_gpst_s": 796435200.0,
    "status": "CONVERGED",
    "position_available": true,
    "fit": "WITHIN_RESIDUAL_BUDGET",
    "used": 7,
    "state_ecef_clock_m": [
      -3976218.792606957,
      3382373.2052244823,
      3652512.6419750685,
      -77245.14915224754
    ],
    "rms_m": 0.5089077824724136,
    "outer_passes": 4,
    "processing_ms": 2.2980000012466917,
    "reception_gpst_s": null,
    "solution_emitted_utc_unix_s": 1789422584.5647137,
    "observation_to_reception_s": null,
    "native_status": "CONVERGED",
    "native_backend": "cpu"
  },
  "last_position": {
    "epoch_id": 119,
    "time_gpst_s": 796438770.005,
    "status": "CONVERGED",
    "position_available": true,
    "fit": "WITHIN_RESIDUAL_BUDGET",
    "used": 8,
    "state_ecef_clock_m": [
      -3976218.433344011,
      3382371.220208258,
      3652510.886506186,
      1418238.3632719268
    ],
    "rms_m": 1.061935713878323,
    "outer_passes": 2,
    "processing_ms": 1.1582000006455928,
    "reception_gpst_s": null,
    "solution_emitted_utc_unix_s": 1789422584.7440963,
    "observation_to_reception_s": null,
    "native_status": "CONVERGED",
    "native_backend": "cpu"
  }
}
