[main 54d47b7] Integrate WQK word VM, native EMIT feedback and exact affine events in R16
 227 files changed, 113395 insertions(+)
 create mode 100644 aTOMos_v3_6_1_5_SATNAV_UGTS_Tom_Klootwijk/atomOS_3_6_1_16_WQK_ENGINE/.gitattributes
 create mode 100644 aTOMos_v3_6_1_5_SATNAV_UGTS_Tom_Klootwijk/atomOS_3_6_1_16_WQK_ENGINE/.gitignore
 create mode 100644 aTOMos_v3_6_1_5_SATNAV_UGTS_Tom_Klootwijk/atomOS_3_6_1_16_WQK_ENGINE/AGENTS.md
 create mode 100644 aTOMos_v3_6_1_5_SATNAV_UGTS_Tom_Klootwijk/atomOS_3_6_1_16_WQK_ENGINE/CMakeLists.txt
 create mode 100644 aTOMos_v3_6_1_5_SATNAV_UGTS_Tom_Klootwijk/atomOS_3_6_1_16_WQK_ENGINE/README.md
 create mode 100644 aTOMos_v3_6_1_5_SATNAV_UGTS_Tom_Klootwijk/atomOS_3_6_1_16_WQK_ENGINE/VERSION.json
 create mode 100644 aTOMos_v3_6_1_5_SATNAV_UGTS_Tom_Klootwijk/atomOS_3_6_1_16_WQK_ENGINE/cuda/exact_program.cu
 create mode 100644 aTOMos_v3_6_1_5_SATNAV_UGTS_Tom_Klootwijk/atomOS_3_6_1_16_WQK_ENGINE/cuda/resident_feedback.cu
 create mode 100644 aTOMos_v3_6_1_5_SATNAV_UGTS_Tom_Klootwijk/atomOS_3_6_1_16_WQK_ENGINE/cuda/resident_index.cu
 create mode 100644 aTOMos_v3_6_1_5_SATNAV_UGTS_Tom_Klootwijk/atomOS_3_6_1_16_WQK_ENGINE/cuda/texture_index.cu
 create mode 100644 aTOMos_v3_6_1_5_SATNAV_UGTS_Tom_Klootwijk/atomOS_3_6_1_16_WQK_ENGINE/cuda/tomagi_feedback.cu
 create mode 100644 aTOMos_v3_6_1_5_SATNAV_UGTS_Tom_Klootwijk/atomOS_3_6_1_16_WQK_ENGINE/cuda/tomagi_vm.cu
 create mode 100644 aTOMos_v3_6_1_5_SATNAV_UGTS_Tom_Klootwijk/atomOS_3_6_1_16_WQK_ENGINE/cuda/word_cache_benchmark.cu
 create mode 100644 aTOMos_v3_6_1_5_SATNAV_UGTS_Tom_Klootwijk/atomOS_3_6_1_16_WQK_ENGINE/docs/benchmark_table.tex
 create mode 100644 aTOMos_v3_6_1_5_SATNAV_UGTS_Tom_Klootwijk/atomOS_3_6_1_16_WQK_ENGINE/docs/clock_binding.tex
 create mode 100644 aTOMos_v3_6_1_5_SATNAV_UGTS_Tom_Klootwijk/atomOS_3_6_1_16_WQK_ENGINE/docs/completion.tex
 create mode 100644 aTOMos_v3_6_1_5_SATNAV_UGTS_Tom_Klootwijk/atomOS_3_6_1_16_WQK_ENGINE/docs/exact_core.tex
 create mode 100644 aTOMos_v3_6_1_5_SATNAV_UGTS_Tom_Klootwijk/atomOS_3_6_1_16_WQK_ENGINE/docs/exact_registry.tex
 create mode 100644 aTOMos_v3_6_1_5_SATNAV_UGTS_Tom_Klootwijk/atomOS_3_6_1_16_WQK_ENGINE/docs/field_step.tex
 create mode 100644 aTOMos_v3_6_1_5_SATNAV_UGTS_Tom_Klootwijk/atomOS_3_6_1_16_WQK_ENGINE/docs/gravity_time.tex
 create mode 100644 aTOMos_v3_6_1_5_SATNAV_UGTS_Tom_Klootwijk/atomOS_3_6_1_16_WQK_ENGINE/docs/hinge_core.tex
 create mode 100644 aTOMos_v3_6_1_5_SATNAV_UGTS_Tom_Klootwijk/atomOS_3_6_1_16_WQK_ENGINE/docs/kernel_bridge.tex
 create mode 100644 aTOMos_v3_6_1_5_SATNAV_UGTS_Tom_Klootwijk/atomOS_3_6_1_16_WQK_ENGINE/docs/overview.tex
 create mode 100644 aTOMos_v3_6_1_5_SATNAV_UGTS_Tom_Klootwijk/atomOS_3_6_1_16_WQK_ENGINE/docs/physics_core.tex
 create mode 100644 aTOMos_v3_6_1_5_SATNAV_UGTS_Tom_Klootwijk/atomOS_3_6_1_16_WQK_ENGINE/docs/physics_em.tex
 create mode 100644 aTOMos_v3_6_1_5_SATNAV_UGTS_Tom_Klootwijk/atomOS_3_6_1_16_WQK_ENGINE/docs/physics_energy.tex
 create mode 100644 aTOMos_v3_6_1_5_SATNAV_UGTS_Tom_Klootwijk/atomOS_3_6_1_16_WQK_ENGINE/docs/physics_measurement.tex
 create mode 100644 aTOMos_v3_6_1_5_SATNAV_UGTS_Tom_Klootwijk/atomOS_3_6_1_16_WQK_ENGINE/docs/preamble.tex
 create mode 100644 aTOMos_v3_6_1_5_SATNAV_UGTS_Tom_Klootwijk/atomOS_3_6_1_16_WQK_ENGINE/docs/resident_gpu.tex
 create mode 100644 aTOMos_v3_6_1_5_SATNAV_UGTS_Tom_Klootwijk/atomOS_3_6_1_16_WQK_ENGINE/docs/resident_results.tex
 create mode 100644 aTOMos_v3_6_1_5_SATNAV_UGTS_Tom_Klootwijk/atomOS_3_6_1_16_WQK_ENGINE/docs/runtime_evidence.tex
 create mode 100644 aTOMos_v3_6_1_5_SATNAV_UGTS_Tom_Klootwijk/atomOS_3_6_1_16_WQK_ENGINE/docs/spatial_calculus.tex
 create mode 100644 aTOMos_v3_6_1_5_SATNAV_UGTS_Tom_Klootwijk/atomOS_3_6_1_16_WQK_ENGINE/docs/unified.tex
 create mode 100644 aTOMos_v3_6_1_5_SATNAV_UGTS_Tom_Klootwijk/atomOS_3_6_1_16_WQK_ENGINE/docs/unified_coupling.tex
 create mode 100644 aTOMos_v3_6_1_5_SATNAV_UGTS_Tom_Klootwijk/atomOS_3_6_1_16_WQK_ENGINE/docs/word_optimization.tex
 create mode 100644 aTOMos_v3_6_1_5_SATNAV_UGTS_Tom_Klootwijk/atomOS_3_6_1_16_WQK_ENGINE/docs/word_profile.tex
 create mode 100644 aTOMos_v3_6_1_5_SATNAV_UGTS_Tom_Klootwijk/atomOS_3_6_1_16_WQK_ENGINE/docs/wqk_events.tex
 create mode 100644 aTOMos_v3_6_1_5_SATNAV_UGTS_Tom_Klootwijk/atomOS_3_6_1_16_WQK_ENGINE/docs/wqk_evidence.tex
 create mode 100644 aTOMos_v3_6_1_5_SATNAV_UGTS_Tom_Klootwijk/atomOS_3_6_1_16_WQK_ENGINE/docs/wqk_integration.tex
 create mode 100644 aTOMos_v3_6_1_5_SATNAV_UGTS_Tom_Klootwijk/atomOS_3_6_1_16_WQK_ENGINE/examples/wqk_feedback.cells.json
 create mode 100644 aTOMos_v3_6_1_5_SATNAV_UGTS_Tom_Klootwijk/atomOS_3_6_1_16_WQK_ENGINE/examples/wqk_feedback.expected.bin
 create mode 100644 aTOMos_v3_6_1_5_SATNAV_UGTS_Tom_Klootwijk/atomOS_3_6_1_16_WQK_ENGINE/examples/wqk_feedback.tmg
 create mode 100644 aTOMos_v3_6_1_5_SATNAV_UGTS_Tom_Klootwijk/atomOS_3_6_1_16_WQK_ENGINE/formal/CLOCK_BINDING.md
 create mode 100644 aTOMos_v3_6_1_5_SATNAV_UGTS_Tom_Klootwijk/atomOS_3_6_1_16_WQK_ENGINE/formal/COMPARISON_CONTRACT.md
 create mode 100644 aTOMos_v3_6_1_5_SATNAV_UGTS_Tom_Klootwijk/atomOS_3_6_1_16_WQK_ENGINE/formal/CORE_RUNTIME.md
 create mode 100644 aTOMos_v3_6_1_5_SATNAV_UGTS_Tom_Klootwijk/atomOS_3_6_1_16_WQK_ENGINE/formal/EXACT_AFFINE_EVENTS.md
 create mode 100644 aTOMos_v3_6_1_5_SATNAV_UGTS_Tom_Klootwijk/atomOS_3_6_1_16_WQK_ENGINE/formal/EXACT_GPU_PROFILE.md
 create mode 100644 aTOMos_v3_6_1_5_SATNAV_UGTS_Tom_Klootwijk/atomOS_3_6_1_16_WQK_ENGINE/formal/GRAVITY_TIME.md
 create mode 100644 aTOMos_v3_6_1_5_SATNAV_UGTS_Tom_Klootwijk/atomOS_3_6_1_16_WQK_ENGINE/formal/KERNEL_INTEGRATION.md
 create mode 100644 aTOMos_v3_6_1_5_SATNAV_UGTS_Tom_Klootwijk/atomOS_3_6_1_16_WQK_ENGINE/formal/NATIVE_GPU.md
 create mode 100644 aTOMos_v3_6_1_5_SATNAV_UGTS_Tom_Klootwijk/atomOS_3_6_1_16_WQK_ENGINE/formal/OPERATOR_CATALOG.md
 create mode 100644 aTOMos_v3_6_1_5_SATNAV_UGTS_Tom_Klootwijk/atomOS_3_6_1_16_WQK_ENGINE/formal/PHYSICS_PROFILE.md
 create mode 100644 aTOMos_v3_6_1_5_SATNAV_UGTS_Tom_Klootwijk/atomOS_3_6_1_16_WQK_ENGINE/formal/RESIDENT_INDEX.md
 create mode 100644 aTOMos_v3_6_1_5_SATNAV_UGTS_Tom_Klootwijk/atomOS_3_6_1_16_WQK_ENGINE/formal/RESIDENT_PREDICATE_PROOF.md
 create mode 100644 aTOMos_v3_6_1_5_SATNAV_UGTS_Tom_Klootwijk/atomOS_3_6_1_16_WQK_ENGINE/formal/SPATIAL_INDEX.md
 create mode 100644 aTOMos_v3_6_1_5_SATNAV_UGTS_Tom_Klootwijk/atomOS_3_6_1_16_WQK_ENGINE/formal/TOMAGI_NATIVE.md
 create mode 100644 aTOMos_v3_6_1_5_SATNAV_UGTS_Tom_Klootwijk/atomOS_3_6_1_16_WQK_ENGINE/formal/UNIFIED_COUPLING.md
 create mode 100644 aTOMos_v3_6_1_5_SATNAV_UGTS_Tom_Klootwijk/atomOS_3_6_1_16_WQK_ENGINE/formal/WORD_CACHE_BENCHMARK.md
 create mode 100644 aTOMos_v3_6_1_5_SATNAV_UGTS_Tom_Klootwijk/atomOS_3_6_1_16_WQK_ENGINE/formal/WQK_INTEGRATION.md
 create mode 100644 aTOMos_v3_6_1_5_SATNAV_UGTS_Tom_Klootwijk/atomOS_3_6_1_16_WQK_ENGINE/include/atomos/exact_program.hpp
 create mode 100644 aTOMos_v3_6_1_5_SATNAV_UGTS_Tom_Klootwijk/atomOS_3_6_1_16_WQK_ENGINE/include/atomos/gpu_kernels.cuh
 create mode 100644 aTOMos_v3_6_1_5_SATNAV_UGTS_Tom_Klootwijk/atomOS_3_6_1_16_WQK_ENGINE/include/atomos/point.hpp
 create mode 100644 aTOMos_v3_6_1_5_SATNAV_UGTS_Tom_Klootwijk/atomOS_3_6_1_16_WQK_ENGINE/include/atomos/resident_feedback.hpp
 create mode 100644 aTOMos_v3_6_1_5_SATNAV_UGTS_Tom_Klootwijk/atomOS_3_6_1_16_WQK_ENGINE/include/atomos/resident_index.hpp
 create mode 100644 aTOMos_v3_6_1_5_SATNAV_UGTS_Tom_Klootwijk/atomOS_3_6_1_16_WQK_ENGINE/include/atomos/resident_kernels.cuh
 create mode 100644 aTOMos_v3_6_1_5_SATNAV_UGTS_Tom_Klootwijk/atomOS_3_6_1_16_WQK_ENGINE/include/atomos/spatial_index.hpp
 create mode 100644 aTOMos_v3_6_1_5_SATNAV_UGTS_Tom_Klootwijk/atomOS_3_6_1_16_WQK_ENGINE/include/atomos/texture_index.hpp
 create mode 100644 aTOMos_v3_6_1_5_SATNAV_UGTS_Tom_Klootwijk/atomOS_3_6_1_16_WQK_ENGINE/include/atomos/tomagi_feedback.hpp
 create mode 100644 aTOMos_v3_6_1_5_SATNAV_UGTS_Tom_Klootwijk/atomOS_3_6_1_16_WQK_ENGINE/include/atomos/tomagi_vm.hpp
 create mode 100644 aTOMos_v3_6_1_5_SATNAV_UGTS_Tom_Klootwijk/atomOS_3_6_1_16_WQK_ENGINE/include/atomos/worker_pool.hpp
 create mode 100644 aTOMos_v3_6_1_5_SATNAV_UGTS_Tom_Klootwijk/atomOS_3_6_1_16_WQK_ENGINE/python/atomos_events.py
 create mode 100644 aTOMos_v3_6_1_5_SATNAV_UGTS_Tom_Klootwijk/atomOS_3_6_1_16_WQK_ENGINE/python/atomos_hinge.py
 create mode 100644 aTOMos_v3_6_1_5_SATNAV_UGTS_Tom_Klootwijk/atomOS_3_6_1_16_WQK_ENGINE/review/COMPARISON.md
 create mode 100644 aTOMos_v3_6_1_5_SATNAV_UGTS_Tom_Klootwijk/atomOS_3_6_1_16_WQK_ENGINE/review/R15_DOCUMENT_REVIEW.json
 create mode 100644 aTOMos_v3_6_1_5_SATNAV_UGTS_Tom_Klootwijk/atomOS_3_6_1_16_WQK_ENGINE/review/R16_VALIDATION.md
 create mode 100644 aTOMos_v3_6_1_5_SATNAV_UGTS_Tom_Klootwijk/atomOS_3_6_1_16_WQK_ENGINE/review/RESIDENT_RESULTS.md
 create mode 100644 aTOMos_v3_6_1_5_SATNAV_UGTS_Tom_Klootwijk/atomOS_3_6_1_16_WQK_ENGINE/review/WORD_OPTIMIZATION.md
 create mode 100644 aTOMos_v3_6_1_5_SATNAV_UGTS_Tom_Klootwijk/atomOS_3_6_1_16_WQK_ENGINE/review/WORD_PROFILE.md
 create mode 100644 aTOMos_v3_6_1_5_SATNAV_UGTS_Tom_Klootwijk/atomOS_3_6_1_16_WQK_ENGINE/review/benchmark_build.log
 create mode 100644 aTOMos_v3_6_1_5_SATNAV_UGTS_Tom_Klootwijk/atomOS_3_6_1_16_WQK_ENGINE/review/compact_build.log
 create mode 100644 aTOMos_v3_6_1_5_SATNAV_UGTS_Tom_Klootwijk/atomOS_3_6_1_16_WQK_ENGINE/review/comparison_summary.json
 create mode 100644 aTOMos_v3_6_1_5_SATNAV_UGTS_Tom_Klootwijk/atomOS_3_6_1_16_WQK_ENGINE/review/correctness_stage_1.json
 create mode 100644 aTOMos_v3_6_1_5_SATNAV_UGTS_Tom_Klootwijk/atomOS_3_6_1_16_WQK_ENGINE/review/correctness_stage_2.json
 create mode 100644 aTOMos_v3_6_1_5_SATNAV_UGTS_Tom_Klootwijk/atomOS_3_6_1_16_WQK_ENGINE/review/exact_build.log
 create mode 100644 aTOMos_v3_6_1_5_SATNAV_UGTS_Tom_Klootwijk/atomOS_3_6_1_16_WQK_ENGINE/review/exact_configure.log
 create mode 100644 aTOMos_v3_6_1_5_SATNAV_UGTS_Tom_Klootwijk/atomOS_3_6_1_16_WQK_ENGINE/review/exact_events_validation.json
 create mode 100644 aTOMos_v3_6_1_5_SATNAV_UGTS_Tom_Klootwijk/atomOS_3_6_1_16_WQK_ENGINE/review/final_test_build.log
 create mode 100644 aTOMos_v3_6_1_5_SATNAV_UGTS_Tom_Klootwijk/atomOS_3_6_1_16_WQK_ENGINE/review/native_build.log
 create mode 100644 aTOMos_v3_6_1_5_SATNAV_UGTS_Tom_Klootwijk/atomOS_3_6_1_16_WQK_ENGINE/review/native_final_tests.txt
 create mode 100644 aTOMos_v3_6_1_5_SATNAV_UGTS_Tom_Klootwijk/atomOS_3_6_1_16_WQK_ENGINE/review/native_test_details.log
 create mode 100644 aTOMos_v3_6_1_5_SATNAV_UGTS_Tom_Klootwijk/atomOS_3_6_1_16_WQK_ENGINE/review/native_texture_rebuild.log
 create mode 100644 aTOMos_v3_6_1_5_SATNAV_UGTS_Tom_Klootwijk/atomOS_3_6_1_16_WQK_ENGINE/review/ncu_metric_names.txt
 create mode 100644 aTOMos_v3_6_1_5_SATNAV_UGTS_Tom_Klootwijk/atomOS_3_6_1_16_WQK_ENGINE/review/ncu_texture.csv
 create mode 100644 aTOMos_v3_6_1_5_SATNAV_UGTS_Tom_Klootwijk/atomOS_3_6_1_16_WQK_ENGINE/review/ncu_word_baseline_stream_texture.csv
 create mode 100644 aTOMos_v3_6_1_5_SATNAV_UGTS_Tom_Klootwijk/atomOS_3_6_1_16_WQK_ENGINE/review/ncu_word_optimized_affine_global.csv
 create mode 100644 aTOMos_v3_6_1_5_SATNAV_UGTS_Tom_Klootwijk/atomOS_3_6_1_16_WQK_ENGINE/review/ncu_word_optimized_affine_texture.csv
 create mode 100644 aTOMos_v3_6_1_5_SATNAV_UGTS_Tom_Klootwijk/atomOS_3_6_1_16_WQK_ENGINE/review/ncu_word_optimized_stream_global.csv
 create mode 100644 aTOMos_v3_6_1_5_SATNAV_UGTS_Tom_Klootwijk/atomOS_3_6_1_16_WQK_ENGINE/review/ncu_word_optimized_stream_texture.csv
 create mode 100644 aTOMos_v3_6_1_5_SATNAV_UGTS_Tom_Klootwijk/atomOS_3_6_1_16_WQK_ENGINE/review/operator_hinge_trace.json
 create mode 100644 aTOMos_v3_6_1_5_SATNAV_UGTS_Tom_Klootwijk/atomOS_3_6_1_16_WQK_ENGINE/review/optimized_build.log
 create mode 100644 aTOMos_v3_6_1_5_SATNAV_UGTS_Tom_Klootwijk/atomOS_3_6_1_16_WQK_ENGINE/review/python_final_tests.txt
 create mode 100644 aTOMos_v3_6_1_5_SATNAV_UGTS_Tom_Klootwijk/atomOS_3_6_1_16_WQK_ENGINE/review/r16_configure.log
 create mode 100644 aTOMos_v3_6_1_5_SATNAV_UGTS_Tom_Klootwijk/atomOS_3_6_1_16_WQK_ENGINE/review/r16_feedback_build.log
 create mode 100644 aTOMos_v3_6_1_5_SATNAV_UGTS_Tom_Klootwijk/atomOS_3_6_1_16_WQK_ENGINE/review/r16_full_build.log
 create mode 100644 aTOMos_v3_6_1_5_SATNAV_UGTS_Tom_Klootwijk/atomOS_3_6_1_16_WQK_ENGINE/review/r16_native_checks.txt
 create mode 100644 aTOMos_v3_6_1_5_SATNAV_UGTS_Tom_Klootwijk/atomOS_3_6_1_16_WQK_ENGINE/review/r16_paired_run_log.txt
 create mode 100644 aTOMos_v3_6_1_5_SATNAV_UGTS_Tom_Klootwijk/atomOS_3_6_1_16_WQK_ENGINE/review/r16_python_checks.txt
 create mode 100644 aTOMos_v3_6_1_5_SATNAV_UGTS_Tom_Klootwijk/atomOS_3_6_1_16_WQK_ENGINE/review/r16_run_reference.json
 create mode 100644 aTOMos_v3_6_1_5_SATNAV_UGTS_Tom_Klootwijk/atomOS_3_6_1_16_WQK_ENGINE/review/r16_runner_build.log
 create mode 100644 aTOMos_v3_6_1_5_SATNAV_UGTS_Tom_Klootwijk/atomOS_3_6_1_16_WQK_ENGINE/review/r16_source_check.json
 create mode 100644 aTOMos_v3_6_1_5_SATNAV_UGTS_Tom_Klootwijk/atomOS_3_6_1_16_WQK_ENGINE/review/r16_standalone_build.log
 create mode 100644 aTOMos_v3_6_1_5_SATNAV_UGTS_Tom_Klootwijk/atomOS_3_6_1_16_WQK_ENGINE/review/r16_standalone_checks.txt
 create mode 100644 aTOMos_v3_6_1_5_SATNAV_UGTS_Tom_Klootwijk/atomOS_3_6_1_16_WQK_ENGINE/review/r16_tomagi_checks.txt
 create mode 100644 aTOMos_v3_6_1_5_SATNAV_UGTS_Tom_Klootwijk/atomOS_3_6_1_16_WQK_ENGINE/review/r16_vm_build.log
 create mode 100644 aTOMos_v3_6_1_5_SATNAV_UGTS_Tom_Klootwijk/atomOS_3_6_1_16_WQK_ENGINE/review/resident_build.log
 create mode 100644 aTOMos_v3_6_1_5_SATNAV_UGTS_Tom_Klootwijk/atomOS_3_6_1_16_WQK_ENGINE/review/resident_configure.log
 create mode 100644 aTOMos_v3_6_1_5_SATNAV_UGTS_Tom_Klootwijk/atomOS_3_6_1_16_WQK_ENGINE/review/resident_full.json
 create mode 100644 aTOMos_v3_6_1_5_SATNAV_UGTS_Tom_Klootwijk/atomOS_3_6_1_16_WQK_ENGINE/review/resident_quick.json
 create mode 100644 aTOMos_v3_6_1_5_SATNAV_UGTS_Tom_Klootwijk/atomOS_3_6_1_16_WQK_ENGINE/review/resident_summary.json
 create mode 100644 aTOMos_v3_6_1_5_SATNAV_UGTS_Tom_Klootwijk/atomOS_3_6_1_16_WQK_ENGINE/review/s2_compacted.json
 create mode 100644 aTOMos_v3_6_1_5_SATNAV_UGTS_Tom_Klootwijk/atomOS_3_6_1_16_WQK_ENGINE/review/s2_full.json
 create mode 100644 aTOMos_v3_6_1_5_SATNAV_UGTS_Tom_Klootwijk/atomOS_3_6_1_16_WQK_ENGINE/review/s2_optimized.json
 create mode 100644 aTOMos_v3_6_1_5_SATNAV_UGTS_Tom_Klootwijk/atomOS_3_6_1_16_WQK_ENGINE/review/s2_quick.json
 create mode 100644 aTOMos_v3_6_1_5_SATNAV_UGTS_Tom_Klootwijk/atomOS_3_6_1_16_WQK_ENGINE/review/texture_sass.txt
 create mode 100644 aTOMos_v3_6_1_5_SATNAV_UGTS_Tom_Klootwijk/atomOS_3_6_1_16_WQK_ENGINE/review/word_cache_baseline_modulus.json
 create mode 100644 aTOMos_v3_6_1_5_SATNAV_UGTS_Tom_Klootwijk/atomOS_3_6_1_16_WQK_ENGINE/review/word_cache_full.json
 create mode 100644 aTOMos_v3_6_1_5_SATNAV_UGTS_Tom_Klootwijk/atomOS_3_6_1_16_WQK_ENGINE/review/word_cache_optimized_full.json
 create mode 100644 aTOMos_v3_6_1_5_SATNAV_UGTS_Tom_Klootwijk/atomOS_3_6_1_16_WQK_ENGINE/review/word_cache_optimized_modulus.json
 create mode 100644 aTOMos_v3_6_1_5_SATNAV_UGTS_Tom_Klootwijk/atomOS_3_6_1_16_WQK_ENGINE/review/word_cache_optimized_quick.json
 create mode 100644 aTOMos_v3_6_1_5_SATNAV_UGTS_Tom_Klootwijk/atomOS_3_6_1_16_WQK_ENGINE/review/word_cache_quick.json
 create mode 100644 aTOMos_v3_6_1_5_SATNAV_UGTS_Tom_Klootwijk/atomOS_3_6_1_16_WQK_ENGINE/review/word_optimization_summary.json
 create mode 100644 aTOMos_v3_6_1_5_SATNAV_UGTS_Tom_Klootwijk/atomOS_3_6_1_16_WQK_ENGINE/review/word_optimized_build.log
 create mode 100644 aTOMos_v3_6_1_5_SATNAV_UGTS_Tom_Klootwijk/atomOS_3_6_1_16_WQK_ENGINE/review/word_optimized_resources.txt
 create mode 100644 aTOMos_v3_6_1_5_SATNAV_UGTS_Tom_Klootwijk/atomOS_3_6_1_16_WQK_ENGINE/review/word_optimized_sass.txt
 create mode 100644 aTOMos_v3_6_1_5_SATNAV_UGTS_Tom_Klootwijk/atomOS_3_6_1_16_WQK_ENGINE/review/word_profile_baseline_run.json
 create mode 100644 aTOMos_v3_6_1_5_SATNAV_UGTS_Tom_Klootwijk/atomOS_3_6_1_16_WQK_ENGINE/review/word_profile_optimized_affine_global.json
 create mode 100644 aTOMos_v3_6_1_5_SATNAV_UGTS_Tom_Klootwijk/atomOS_3_6_1_16_WQK_ENGINE/review/word_profile_optimized_affine_texture.json
 create mode 100644 aTOMos_v3_6_1_5_SATNAV_UGTS_Tom_Klootwijk/atomOS_3_6_1_16_WQK_ENGINE/review/word_profile_optimized_stream_global.json
 create mode 100644 aTOMos_v3_6_1_5_SATNAV_UGTS_Tom_Klootwijk/atomOS_3_6_1_16_WQK_ENGINE/review/word_profile_optimized_stream_texture.json
 create mode 100644 aTOMos_v3_6_1_5_SATNAV_UGTS_Tom_Klootwijk/atomOS_3_6_1_16_WQK_ENGINE/review/word_profile_summary.json
 create mode 100644 aTOMos_v3_6_1_5_SATNAV_UGTS_Tom_Klootwijk/atomOS_3_6_1_16_WQK_ENGINE/review/wqk_fixture_reference.json
 create mode 100644 aTOMos_v3_6_1_5_SATNAV_UGTS_Tom_Klootwijk/atomOS_3_6_1_16_WQK_ENGINE/review/wqk_paired_runs.json
 create mode 100644 aTOMos_v3_6_1_5_SATNAV_UGTS_Tom_Klootwijk/atomOS_3_6_1_16_WQK_ENGINE/source/DEPENDENCIES.json
 create mode 100644 aTOMos_v3_6_1_5_SATNAV_UGTS_Tom_Klootwijk/atomOS_3_6_1_16_WQK_ENGINE/source/ELECTROMAGNETIC_LAWS.md
 create mode 100644 aTOMos_v3_6_1_5_SATNAV_UGTS_Tom_Klootwijk/atomOS_3_6_1_16_WQK_ENGINE/source/ENERGY_AND_MECHANICS.md
 create mode 100644 aTOMos_v3_6_1_5_SATNAV_UGTS_Tom_Klootwijk/atomOS_3_6_1_16_WQK_ENGINE/source/MEASUREMENT_AND_CONSTANTS.md
 create mode 100644 aTOMos_v3_6_1_5_SATNAV_UGTS_Tom_Klootwijk/atomOS_3_6_1_16_WQK_ENGINE/source/SOURCE_BINDING.json
 create mode 100644 aTOMos_v3_6_1_5_SATNAV_UGTS_Tom_Klootwijk/atomOS_3_6_1_16_WQK_ENGINE/source/THIRD_PARTY.md
 create mode 100644 aTOMos_v3_6_1_5_SATNAV_UGTS_Tom_Klootwijk/atomOS_3_6_1_16_WQK_ENGINE/source/WQK_IMPORTS.json
 create mode 100644 aTOMos_v3_6_1_5_SATNAV_UGTS_Tom_Klootwijk/atomOS_3_6_1_16_WQK_ENGINE/source/clock_capture/anchor_state.json
 create mode 100644 aTOMos_v3_6_1_5_SATNAV_UGTS_Tom_Klootwijk/atomOS_3_6_1_16_WQK_ENGINE/source/clock_capture/capture.json
 create mode 100644 aTOMos_v3_6_1_5_SATNAV_UGTS_Tom_Klootwijk/atomOS_3_6_1_16_WQK_ENGINE/source/clock_capture/leap-seconds.list
 create mode 100644 aTOMos_v3_6_1_5_SATNAV_UGTS_Tom_Klootwijk/atomOS_3_6_1_16_WQK_ENGINE/source/clock_capture/leap_source.json
 create mode 100644 aTOMos_v3_6_1_5_SATNAV_UGTS_Tom_Klootwijk/atomOS_3_6_1_16_WQK_ENGINE/source/clock_capture/nist_capture.json
 create mode 100644 aTOMos_v3_6_1_5_SATNAV_UGTS_Tom_Klootwijk/atomOS_3_6_1_16_WQK_ENGINE/source/clock_capture/nist_reply.bin
 create mode 100644 aTOMos_v3_6_1_5_SATNAV_UGTS_Tom_Klootwijk/atomOS_3_6_1_16_WQK_ENGINE/source/clock_capture/nist_request.bin
 create mode 100644 aTOMos_v3_6_1_5_SATNAV_UGTS_Tom_Klootwijk/atomOS_3_6_1_16_WQK_ENGINE/source/clock_capture/time_cloudflare_com_reply.bin
 create mode 100644 aTOMos_v3_6_1_5_SATNAV_UGTS_Tom_Klootwijk/atomOS_3_6_1_16_WQK_ENGINE/source/clock_capture/time_cloudflare_com_request.bin
 create mode 100644 aTOMos_v3_6_1_5_SATNAV_UGTS_Tom_Klootwijk/atomOS_3_6_1_16_WQK_ENGINE/src/compare_resident.cpp
 create mode 100644 aTOMos_v3_6_1_5_SATNAV_UGTS_Tom_Klootwijk/atomOS_3_6_1_16_WQK_ENGINE/src/compare_s2.cpp
 create mode 100644 aTOMos_v3_6_1_5_SATNAV_UGTS_Tom_Klootwijk/atomOS_3_6_1_16_WQK_ENGINE/src/engine_demo.cpp
 create mode 100644 aTOMos_v3_6_1_5_SATNAV_UGTS_Tom_Klootwijk/atomOS_3_6_1_16_WQK_ENGINE/src/resident_index.cpp
 create mode 100644 aTOMos_v3_6_1_5_SATNAV_UGTS_Tom_Klootwijk/atomOS_3_6_1_16_WQK_ENGINE/src/texture_index.cpp
 create mode 100644 aTOMos_v3_6_1_5_SATNAV_UGTS_Tom_Klootwijk/atomOS_3_6_1_16_WQK_ENGINE/tests/exact_program_tests.cpp
 create mode 100644 aTOMos_v3_6_1_5_SATNAV_UGTS_Tom_Klootwijk/atomOS_3_6_1_16_WQK_ENGINE/tests/resident_feedback_tests.cpp
 create mode 100644 aTOMos_v3_6_1_5_SATNAV_UGTS_Tom_Klootwijk/atomOS_3_6_1_16_WQK_ENGINE/tests/resident_index_tests.cpp
 create mode 100644 aTOMos_v3_6_1_5_SATNAV_UGTS_Tom_Klootwijk/atomOS_3_6_1_16_WQK_ENGINE/tests/spatial_index_tests.cpp
 create mode 100644 aTOMos_v3_6_1_5_SATNAV_UGTS_Tom_Klootwijk/atomOS_3_6_1_16_WQK_ENGINE/tests/test_events.py
 create mode 100644 aTOMos_v3_6_1_5_SATNAV_UGTS_Tom_Klootwijk/atomOS_3_6_1_16_WQK_ENGINE/tests/test_hinge.py
 create mode 100644 aTOMos_v3_6_1_5_SATNAV_UGTS_Tom_Klootwijk/atomOS_3_6_1_16_WQK_ENGINE/tests/texture_tests.cpp
 create mode 100644 aTOMos_v3_6_1_5_SATNAV_UGTS_Tom_Klootwijk/atomOS_3_6_1_16_WQK_ENGINE/tests/tomagi_feedback_tests.cpp
 create mode 100644 aTOMos_v3_6_1_5_SATNAV_UGTS_Tom_Klootwijk/atomOS_3_6_1_16_WQK_ENGINE/tests/tomagi_vm_tests.cpp
 create mode 100644 aTOMos_v3_6_1_5_SATNAV_UGTS_Tom_Klootwijk/atomOS_3_6_1_16_WQK_ENGINE/tools/build_native.ps1
 create mode 100644 aTOMos_v3_6_1_5_SATNAV_UGTS_Tom_Klootwijk/atomOS_3_6_1_16_WQK_ENGINE/tools/build_pdf.py
 create mode 100644 aTOMos_v3_6_1_5_SATNAV_UGTS_Tom_Klootwijk/atomOS_3_6_1_16_WQK_ENGINE/tools/build_wqk_fixtures.py
 create mode 100644 aTOMos_v3_6_1_5_SATNAV_UGTS_Tom_Klootwijk/atomOS_3_6_1_16_WQK_ENGINE/tools/check_exact_events.py
 create mode 100644 aTOMos_v3_6_1_5_SATNAV_UGTS_Tom_Klootwijk/atomOS_3_6_1_16_WQK_ENGINE/tools/measure_wqk.py
 create mode 100644 aTOMos_v3_6_1_5_SATNAV_UGTS_Tom_Klootwijk/atomOS_3_6_1_16_WQK_ENGINE/tools/package_release.py
 create mode 100644 aTOMos_v3_6_1_5_SATNAV_UGTS_Tom_Klootwijk/atomOS_3_6_1_16_WQK_ENGINE/tools/prepare_document.py
 create mode 100644 aTOMos_v3_6_1_5_SATNAV_UGTS_Tom_Klootwijk/atomOS_3_6_1_16_WQK_ENGINE/tools/review_pdf.py
 create mode 100644 aTOMos_v3_6_1_5_SATNAV_UGTS_Tom_Klootwijk/atomOS_3_6_1_16_WQK_ENGINE/tools/summarize_comparison.py
 create mode 100644 aTOMos_v3_6_1_5_SATNAV_UGTS_Tom_Klootwijk/atomOS_3_6_1_16_WQK_ENGINE/tools/summarize_resident.py
 create mode 100644 aTOMos_v3_6_1_5_SATNAV_UGTS_Tom_Klootwijk/atomOS_3_6_1_16_WQK_ENGINE/tools/summarize_word_optimization.py
 create mode 100644 aTOMos_v3_6_1_5_SATNAV_UGTS_Tom_Klootwijk/atomOS_3_6_1_16_WQK_ENGINE/tools/summarize_word_profile.py
 create mode 100644 aTOMos_v3_6_1_5_SATNAV_UGTS_Tom_Klootwijk/atomOS_3_6_1_16_WQK_ENGINE/tools/wqk_run.cpp
 create mode 100644 aTOMos_v3_6_1_5_SATNAV_UGTS_Tom_Klootwijk/atomOS_3_6_1_16_WQK_ENGINE/vendor/wqk_0_6/NOTICE.md
 create mode 100644 aTOMos_v3_6_1_5_SATNAV_UGTS_Tom_Klootwijk/atomOS_3_6_1_16_WQK_ENGINE/vendor/wqk_0_6/README.md
 create mode 100644 aTOMos_v3_6_1_5_SATNAV_UGTS_Tom_Klootwijk/atomOS_3_6_1_16_WQK_ENGINE/vendor/wqk_0_6/TOM_seed_genome_2026-09-01.txt
 create mode 100644 aTOMos_v3_6_1_5_SATNAV_UGTS_Tom_Klootwijk/atomOS_3_6_1_16_WQK_ENGINE/vendor/wqk_0_6/VERSION
 create mode 100644 aTOMos_v3_6_1_5_SATNAV_UGTS_Tom_Klootwijk/atomOS_3_6_1_16_WQK_ENGINE/vendor/wqk_0_6/examples/exact19_rule.json
 create mode 100644 aTOMos_v3_6_1_5_SATNAV_UGTS_Tom_Klootwijk/atomOS_3_6_1_16_WQK_ENGINE/vendor/wqk_0_6/examples/nineteen_hinge.json
 create mode 100644 aTOMos_v3_6_1_5_SATNAV_UGTS_Tom_Klootwijk/atomOS_3_6_1_16_WQK_ENGINE/vendor/wqk_0_6/examples/polar_loop.json
 create mode 100644 aTOMos_v3_6_1_5_SATNAV_UGTS_Tom_Klootwijk/atomOS_3_6_1_16_WQK_ENGINE/vendor/wqk_0_6/examples/polar_loop.tmg
 create mode 100644 aTOMos_v3_6_1_5_SATNAV_UGTS_Tom_Klootwijk/atomOS_3_6_1_16_WQK_ENGINE/vendor/wqk_0_6/spec/BINARY_FORMAT.md
 create mode 100644 aTOMos_v3_6_1_5_SATNAV_UGTS_Tom_Klootwijk/atomOS_3_6_1_16_WQK_ENGINE/vendor/wqk_0_6/spec/GPU_ABI.md
 create mode 100644 aTOMos_v3_6_1_5_SATNAV_UGTS_Tom_Klootwijk/atomOS_3_6_1_16_WQK_ENGINE/vendor/wqk_0_6/spec/TOMAGI_1_0_FORMAL_DEFINITION.md
 create mode 100644 aTOMos_v3_6_1_5_SATNAV_UGTS_Tom_Klootwijk/atomOS_3_6_1_16_WQK_ENGINE/vendor/wqk_0_6/spec/TOM_LEARNER_0_2_WORLD_QUERY_KERNEL_0_6.md
 create mode 100644 aTOMos_v3_6_1_5_SATNAV_UGTS_Tom_Klootwijk/atomOS_3_6_1_16_WQK_ENGINE/vendor/wqk_0_6/spec/TOM_SEEDED_COMPILATION_1_0.md
 create mode 100644 aTOMos_v3_6_1_5_SATNAV_UGTS_Tom_Klootwijk/atomOS_3_6_1_16_WQK_ENGINE/vendor/wqk_0_6/spec/TOM_WORLD_QUERY_KERNEL_0_4_REBUILT.md
 create mode 100644 aTOMos_v3_6_1_5_SATNAV_UGTS_Tom_Klootwijk/atomOS_3_6_1_16_WQK_ENGINE/vendor/wqk_0_6/spec/cell48_layout.json
 create mode 100644 aTOMos_v3_6_1_5_SATNAV_UGTS_Tom_Klootwijk/atomOS_3_6_1_16_WQK_ENGINE/vendor/wqk_0_6/spec/opcode_table.json
 create mode 100644 aTOMos_v3_6_1_5_SATNAV_UGTS_Tom_Klootwijk/atomOS_3_6_1_16_WQK_ENGINE/vendor/wqk_0_6/spec/state64_layout.json
 create mode 100644 aTOMos_v3_6_1_5_SATNAV_UGTS_Tom_Klootwijk/atomOS_3_6_1_16_WQK_ENGINE/vendor/wqk_0_6/spec/tom_seed_token_registry_1_0.json
 create mode 100644 aTOMos_v3_6_1_5_SATNAV_UGTS_Tom_Klootwijk/atomOS_3_6_1_16_WQK_ENGINE/vendor/wqk_0_6/src/c/tomagi.c
 create mode 100644 aTOMos_v3_6_1_5_SATNAV_UGTS_Tom_Klootwijk/atomOS_3_6_1_16_WQK_ENGINE/vendor/wqk_0_6/src/c/tomagi.h
 create mode 100644 aTOMos_v3_6_1_5_SATNAV_UGTS_Tom_Klootwijk/atomOS_3_6_1_16_WQK_ENGINE/vendor/wqk_0_6/src/c/tomagi_cli.c
 create mode 100644 aTOMos_v3_6_1_5_SATNAV_UGTS_Tom_Klootwijk/atomOS_3_6_1_16_WQK_ENGINE/vendor/wqk_0_6/src/gpu/tomagi_step.cl
 create mode 100644 aTOMos_v3_6_1_5_SATNAV_UGTS_Tom_Klootwijk/atomOS_3_6_1_16_WQK_ENGINE/vendor/wqk_0_6/src/gpu/tomagi_step.comp
 create mode 100644 aTOMos_v3_6_1_5_SATNAV_UGTS_Tom_Klootwijk/atomOS_3_6_1_16_WQK_ENGINE/vendor/wqk_0_6/src/gpu/tomagi_step.wgsl
 create mode 100644 aTOMos_v3_6_1_5_SATNAV_UGTS_Tom_Klootwijk/atomOS_3_6_1_16_WQK_ENGINE/vendor/wqk_0_6/src/python/tom_learner06/oracle.py
 create mode 100644 aTOMos_v3_6_1_5_SATNAV_UGTS_Tom_Klootwijk/atomOS_3_6_1_16_WQK_ENGINE/vendor/wqk_0_6/src/python/tom_world03/rational.py
 create mode 100644 aTOMos_v3_6_1_5_SATNAV_UGTS_Tom_Klootwijk/atomOS_3_6_1_16_WQK_ENGINE/vendor/wqk_0_6/src/python/tom_world04r/baseline.py
 create mode 100644 aTOMos_v3_6_1_5_SATNAV_UGTS_Tom_Klootwijk/atomOS_3_6_1_16_WQK_ENGINE/vendor/wqk_0_6/src/python/tom_world04r/index.py
 create mode 100644 aTOMos_v3_6_1_5_SATNAV_UGTS_Tom_Klootwijk/atomOS_3_6_1_16_WQK_ENGINE/vendor/wqk_0_6/src/python/tom_world04r/journal.py
 create mode 100644 aTOMos_v3_6_1_5_SATNAV_UGTS_Tom_Klootwijk/atomOS_3_6_1_16_WQK_ENGINE/vendor/wqk_0_6/src/python/tom_world04r/model.py
 create mode 100644 aTOMos_v3_6_1_5_SATNAV_UGTS_Tom_Klootwijk/atomOS_3_6_1_16_WQK_ENGINE/vendor/wqk_0_6/src/python/tom_world04r/solver.py
 create mode 100644 aTOMos_v3_6_1_5_SATNAV_UGTS_Tom_Klootwijk/atomOS_3_6_1_16_WQK_ENGINE/vendor/wqk_0_6/src/python/tom_world04r/transition.py
 create mode 100644 aTOMos_v3_6_1_5_SATNAV_UGTS_Tom_Klootwijk/atomOS_3_6_1_16_WQK_ENGINE/vendor/wqk_0_6/src/python/tomagi/__init__.py
 create mode 100644 aTOMos_v3_6_1_5_SATNAV_UGTS_Tom_Klootwijk/atomOS_3_6_1_16_WQK_ENGINE/vendor/wqk_0_6/src/python/tomagi/canonical.py
 create mode 100644 aTOMos_v3_6_1_5_SATNAV_UGTS_Tom_Klootwijk/atomOS_3_6_1_16_WQK_ENGINE/vendor/wqk_0_6/src/python/tomagi/compiler.py
 create mode 100644 aTOMos_v3_6_1_5_SATNAV_UGTS_Tom_Klootwijk/atomOS_3_6_1_16_WQK_ENGINE/vendor/wqk_0_6/src/python/tomagi/core.py
 create mode 100644 aTOMos_v3_6_1_5_SATNAV_UGTS_Tom_Klootwijk/atomOS_3_6_1_16_WQK_ENGINE/vendor/wqk_0_6/src/python/tomagi/formal.py
 create mode 100644 aTOMos_v3_6_1_5_SATNAV_UGTS_Tom_Klootwijk/atomOS_3_6_1_16_WQK_ENGINE/vendor/wqk_0_6/src/python/tomagi/format.py
 create mode 100644 aTOMos_v3_6_1_5_SATNAV_UGTS_Tom_Klootwijk/atomOS_3_6_1_16_WQK_ENGINE/vendor/wqk_0_6/src/python/tomagi/materialize.py
 create mode 100644 aTOMos_v3_6_1_5_SATNAV_UGTS_Tom_Klootwijk/atomOS_3_6_1_16_WQK_ENGINE/vendor/wqk_0_6/tests/test_seeded_compilation.py
 create mode 100644 aTOMos_v3_6_1_5_SATNAV_UGTS_Tom_Klootwijk/atomOS_3_6_1_16_WQK_ENGINE/vendor/wqk_0_6/tests/test_tomagi.py
 create mode 100644 aTOMos_v3_6_1_5_SATNAV_UGTS_Tom_Klootwijk/atomOS_3_6_1_16_WQK_ENGINE/vendor/wqk_0_6/tests/test_tomagi_runtime_contracts.py
